Component: ARM Compiler 5.06 update 5 (build 528) Tool: armlink [4d35e2]

==============================================================================

Section Cross References

    startup_stm32f103xb.o(RESET) refers to startup_stm32f103xb.o(STACK) for __initial_sp
    startup_stm32f103xb.o(RESET) refers to startup_stm32f103xb.o(.text) for Reset_Handler
    startup_stm32f103xb.o(RESET) refers to stm32f1xx_it.o(i.NMI_Handler) for NMI_Handler
    startup_stm32f103xb.o(RESET) refers to stm32f1xx_it.o(i.HardFault_Handler) for HardFault_Handler
    startup_stm32f103xb.o(RESET) refers to stm32f1xx_it.o(i.MemManage_Handler) for MemManage_Handler
    startup_stm32f103xb.o(RESET) refers to stm32f1xx_it.o(i.BusFault_Handler) for BusFault_Handler
    startup_stm32f103xb.o(RESET) refers to stm32f1xx_it.o(i.UsageFault_Handler) for UsageFault_Handler
    startup_stm32f103xb.o(RESET) refers to port.o(.emb_text) for SVC_Handler
    startup_stm32f103xb.o(RESET) refers to stm32f1xx_it.o(i.DebugMon_Handler) for DebugMon_Handler
    startup_stm32f103xb.o(RESET) refers to stm32f1xx_it.o(i.SysTick_Handler) for SysTick_Handler
    startup_stm32f103xb.o(RESET) refers to stm32f1xx_it.o(i.USB_LP_CAN1_RX0_IRQHandler) for USB_LP_CAN1_RX0_IRQHandler
    startup_stm32f103xb.o(.text) refers to system_stm32f1xx.o(i.SystemInit) for SystemInit
    startup_stm32f103xb.o(.text) refers to entry.o(.ARM.Collect$$$$00000000) for __main
    system_stm32f1xx.o(i.SystemCoreClockUpdate) refers to system_stm32f1xx.o(.data) for .data
    system_stm32f1xx.o(i.SystemCoreClockUpdate) refers to system_stm32f1xx.o(.constdata) for .constdata
    usbd_core.o(i.USBD_DeInit) refers to usbd_conf.o(i.USBD_LL_Stop) for USBD_LL_Stop
    usbd_core.o(i.USBD_DeInit) refers to usbd_conf.o(i.USBD_LL_DeInit) for USBD_LL_DeInit
    usbd_core.o(i.USBD_Init) refers to usbd_conf.o(i.USBD_LL_Init) for USBD_LL_Init
    usbd_core.o(i.USBD_LL_DataInStage) refers to usbd_ioreq.o(i.USBD_CtlContinueSendData) for USBD_CtlContinueSendData
    usbd_core.o(i.USBD_LL_DataInStage) refers to usbd_conf.o(i.USBD_LL_PrepareReceive) for USBD_LL_PrepareReceive
    usbd_core.o(i.USBD_LL_DataInStage) refers to usbd_ioreq.o(i.USBD_CtlReceiveStatus) for USBD_CtlReceiveStatus
    usbd_core.o(i.USBD_LL_DataOutStage) refers to usbd_ioreq.o(i.USBD_CtlContinueRx) for USBD_CtlContinueRx
    usbd_core.o(i.USBD_LL_DataOutStage) refers to usbd_ioreq.o(i.USBD_CtlSendStatus) for USBD_CtlSendStatus
    usbd_core.o(i.USBD_LL_Reset) refers to usbd_conf.o(i.USBD_LL_OpenEP) for USBD_LL_OpenEP
    usbd_core.o(i.USBD_LL_SetupStage) refers to usbd_ctlreq.o(i.USBD_ParseSetupRequest) for USBD_ParseSetupRequest
    usbd_core.o(i.USBD_LL_SetupStage) refers to usbd_conf.o(i.USBD_LL_StallEP) for USBD_LL_StallEP
    usbd_core.o(i.USBD_LL_SetupStage) refers to usbd_ctlreq.o(i.USBD_StdDevReq) for USBD_StdDevReq
    usbd_core.o(i.USBD_LL_SetupStage) refers to usbd_ctlreq.o(i.USBD_StdItfReq) for USBD_StdItfReq
    usbd_core.o(i.USBD_LL_SetupStage) refers to usbd_ctlreq.o(i.USBD_StdEPReq) for USBD_StdEPReq
    usbd_core.o(i.USBD_Start) refers to usbd_conf.o(i.USBD_LL_Start) for USBD_LL_Start
    usbd_core.o(i.USBD_Stop) refers to usbd_conf.o(i.USBD_LL_Stop) for USBD_LL_Stop
    usbd_ctlreq.o(i.USBD_CtlError) refers to usbd_conf.o(i.USBD_LL_StallEP) for USBD_LL_StallEP
    usbd_ctlreq.o(i.USBD_GetDescriptor) refers to usbd_ctlreq.o(i.USBD_CtlError) for USBD_CtlError
    usbd_ctlreq.o(i.USBD_GetDescriptor) refers to usbd_ioreq.o(i.USBD_CtlSendData) for USBD_CtlSendData
    usbd_ctlreq.o(i.USBD_SetConfig) refers to usbd_core.o(i.USBD_ClrClassConfig) for USBD_ClrClassConfig
    usbd_ctlreq.o(i.USBD_SetConfig) refers to usbd_core.o(i.USBD_SetClassConfig) for USBD_SetClassConfig
    usbd_ctlreq.o(i.USBD_SetConfig) refers to usbd_ioreq.o(i.USBD_CtlSendStatus) for USBD_CtlSendStatus
    usbd_ctlreq.o(i.USBD_SetConfig) refers to usbd_ctlreq.o(i.USBD_CtlError) for USBD_CtlError
    usbd_ctlreq.o(i.USBD_SetConfig) refers to usbd_ctlreq.o(.data) for .data
    usbd_ctlreq.o(i.USBD_StdDevReq) refers to usbd_ctlreq.o(i.USBD_GetDescriptor) for USBD_GetDescriptor
    usbd_ctlreq.o(i.USBD_StdDevReq) refers to usbd_conf.o(i.USBD_LL_SetUSBAddress) for USBD_LL_SetUSBAddress
    usbd_ctlreq.o(i.USBD_StdDevReq) refers to usbd_ioreq.o(i.USBD_CtlSendStatus) for USBD_CtlSendStatus
    usbd_ctlreq.o(i.USBD_StdDevReq) refers to usbd_ctlreq.o(i.USBD_SetConfig) for USBD_SetConfig
    usbd_ctlreq.o(i.USBD_StdDevReq) refers to usbd_ctlreq.o(i.USBD_CtlError) for USBD_CtlError
    usbd_ctlreq.o(i.USBD_StdDevReq) refers to usbd_ioreq.o(i.USBD_CtlSendData) for USBD_CtlSendData
    usbd_ctlreq.o(i.USBD_StdEPReq) refers to usbd_conf.o(i.USBD_LL_StallEP) for USBD_LL_StallEP
    usbd_ctlreq.o(i.USBD_StdEPReq) refers to usbd_conf.o(i.USBD_LL_ClearStallEP) for USBD_LL_ClearStallEP
    usbd_ctlreq.o(i.USBD_StdEPReq) refers to usbd_ioreq.o(i.USBD_CtlSendStatus) for USBD_CtlSendStatus
[...]
    ../clib/microlib/init/entry.s            0x00000000   Number         0  entry10a.o ABSOLUTE
    ../clib/microlib/init/entry.s            0x00000000   Number         0  entry9b.o ABSOLUTE
    ../clib/microlib/init/entry.s            0x00000000   Number         0  entry9a.o ABSOLUTE
    ../clib/microlib/init/entry.s            0x00000000   Number         0  entry7b.o ABSOLUTE
    ../clib/microlib/init/entry.s            0x00000000   Number         0  entry7a.o ABSOLUTE
    ../clib/microlib/init/entry.s            0x00000000   Number         0  entry8b.o ABSOLUTE
    ../clib/microlib/init/entry.s            0x00000000   Number         0  entry11b.o ABSOLUTE
    ../clib/microlib/init/entry.s            0x00000000   Number         0  entry.o ABSOLUTE
    ../clib/microlib/init/entry.s            0x00000000   Number         0  entry11a.o ABSOLUTE
    ../clib/microlib/init/entry.s            0x00000000   Number         0  entry10b.o ABSOLUTE
    ../clib/microlib/longlong.c              0x00000000   Number         0  llushr.o ABSOLUTE
    ../clib/microlib/string/memcpy.c         0x00000000   Number         0  memcpyb.o ABSOLUTE
    ../clib/microlib/string/memcpy.c         0x00000000   Number         0  memcpya.o ABSOLUTE
    ..\Drivers\STM32F1xx_HAL_Driver\Src\stm32f1xx_hal.c 0x00000000   Number         0  stm32f1xx_hal.o ABSOLUTE
    ..\Drivers\STM32F1xx_HAL_Driver\Src\stm32f1xx_hal_cortex.c 0x00000000   Number         0  stm32f1xx_hal_cortex.o ABSOLUTE
    ..\Drivers\STM32F1xx_HAL_Driver\Src\stm32f1xx_hal_dma.c 0x00000000   Number         0  stm32f1xx_hal_dma.o ABSOLUTE
    ..\Drivers\STM32F1xx_HAL_Driver\Src\stm32f1xx_hal_flash.c 0x00000000   Number         0  stm32f1xx_hal_flash.o ABSOLUTE
    ..\Drivers\STM32F1xx_HAL_Driver\Src\stm32f1xx_hal_flash_ex.c 0x00000000   Number         0  stm32f1xx_hal_flash_ex.o ABSOLUTE
    ..\Drivers\STM32F1xx_HAL_Driver\Src\stm32f1xx_hal_gpio.c 0x00000000   Number         0  stm32f1xx_hal_gpio.o ABSOLUTE
    ..\Drivers\STM32F1xx_HAL_Driver\Src\stm32f1xx_hal_gpio_ex.c 0x00000000   Number         0  stm32f1xx_hal_gpio_ex.o ABSOLUTE
    ..\Drivers\STM32F1xx_HAL_Driver\Src\stm32f1xx_hal_pcd.c 0x00000000   Number         0  stm32f1xx_hal_pcd.o ABSOLUTE
    ..\Drivers\STM32F1xx_HAL_Driver\Src\stm32f1xx_hal_pcd_ex.c 0x00000000   Number         0  stm32f1xx_hal_pcd_ex.o ABSOLUTE
    ..\Drivers\STM32F1xx_HAL_Driver\Src\stm32f1xx_hal_pwr.c 0x00000000   Number         0  stm32f1xx_hal_pwr.o ABSOLUTE
    ..\Drivers\STM32F1xx_HAL_Driver\Src\stm32f1xx_hal_rcc.c 0x00000000   Number         0  stm32f1xx_hal_rcc.o ABSOLUTE
    ..\Drivers\STM32F1xx_HAL_Driver\Src\stm32f1xx_hal_rcc_ex.c 0x00000000   Number         0  stm32f1xx_hal_rcc_ex.o ABSOLUTE
    ..\Drivers\STM32F1xx_HAL_Driver\Src\stm32f1xx_hal_tim.c 0x00000000   Number         0  stm32f1xx_hal_tim.o ABSOLUTE
    ..\Drivers\STM32F1xx_HAL_Driver\Src\stm32f1xx_hal_tim_ex.c 0x00000000   Number         0  stm32f1xx_hal_tim_ex.o ABSOLUTE
    ..\Drivers\STM32F1xx_HAL_Driver\Src\stm32f1xx_hal_uart.c 0x00000000   Number         0  stm32f1xx_hal_uart.o ABSOLUTE
    ..\Drivers\STM32F1xx_HAL_Driver\Src\stm32f1xx_ll_usb.c 0x00000000   Number         0  stm32f1xx_ll_usb.o ABSOLUTE
    ..\Middlewares\ST\STM32_USB_Device_Library\Class\CDC\Src\usbd_cdc.c 0x00000000   Number         0  usbd_cdc.o ABSOLUTE
    ..\Middlewares\ST\STM32_USB_Device_Library\Core\Src\usbd_core.c 0x00000000   Number         0  usbd_core.o ABSOLUTE
    ..\Middlewares\ST\STM32_USB_Device_Library\Core\Src\usbd_ctlreq.c 0x00000000   Number         0  usbd_ctlreq.o ABSOLUTE
    ..\Middlewares\ST\STM32_USB_Device_Library\Core\Src\usbd_ioreq.c 0x00000000   Number         0  usbd_ioreq.o ABSOLUTE
    ..\Middlewares\Third_Party\FreeRTOS\Source\CMSIS_RTOS\cmsis_os.c 0x00000000   Number         0  cmsis_os.o ABSOLUTE
    ..\Middlewares\Third_Party\FreeRTOS\Source\portable\RVDS\ARM_CM3\port.c 0x00000000   Number         0  port.o ABSOLUTE
    ..\Src\main.c                            0x00000000   Number         0  main.o ABSOLUTE
    ..\Src\stm32f1xx_hal_msp.c               0x00000000   Number         0  stm32f1xx_hal_msp.o ABSOLUTE
    ..\Src\stm32f1xx_it.c                    0x00000000   Number         0  stm32f1xx_it.o ABSOLUTE
    ..\Src\system_stm32f1xx.c                0x00000000   Number         0  system_stm32f1xx.o ABSOLUTE
    ..\Src\usb_device.c                      0x00000000   Number         0  usb_device.o ABSOLUTE
    ..\Src\usbd_cdc_if.c                     0x00000000   Number         0  usbd_cdc_if.o ABSOLUTE
    ..\Src\usbd_conf.c                       0x00000000   Number         0  usbd_conf.o ABSOLUTE
    ..\Src\usbd_desc.c                       0x00000000   Number         0  usbd_desc.o ABSOLUTE
    dc.s                                     0x00000000   Number         0  dc.o ABSOLUTE
    handlers.s                               0x00000000   Number         0  handlers.o ABSOLUTE
    init.s                                   0x00000000   Number         0  init.o ABSOLUTE
    startup_stm32f103xb.s                    0x00000000   Number         0  startup_stm32f103xb.o ABSOLUTE
    RESET                                    0x08000000   Section      236  startup_stm32f103xb.o(RESET)
    .ARM.Collect$$$$00000000                 0x080000ec   Section        0  entry.o(.ARM.Collect$$$$00000000)
    .ARM.Collect$$$$00000001                 0x080000ec   Section        4  entry2.o(.ARM.Collect$$$$00000001)
    .ARM.Collect$$$$00000004                 0x080000f0   Section        4  entry5.o(.ARM.Collect$$$$00000004)
    .ARM.Collect$$$$00000008                 0x080000f4   Section        0  entry7b.o(.ARM.Collect$$$$00000008)
    .ARM.Collect$$$$0000000A                 0x080000f4   Section        0  entry8b.o(.ARM.Collect$$$$0000000A)
    .ARM.Collect$$$$0000000B                 0x080000f4   Section        8  entry9a.o(.ARM.Collect$$$$0000000B)
    .ARM.Collect$$$$0000000D                 0x080000fc   Section        0  entry10a.o(.ARM.Collect$$$$0000000D)
    .ARM.Collect$$$$0000000F                 0x080000fc   Section        0  entry11a.o(.ARM.Collect$$$$0000000F)
    .ARM.Collect$$$$00002712                 0x080000fc   Section        4  entry2.o(.ARM.Collect$$$$00002712)
    __lit__00000000                          0x080000fc   Data           4  entry2.o(.ARM.Collect$$$$00002712)
    .emb_text                                0x08000100   Section      150  port.o(.emb_text)
    .text                                    0x08000198   Section       36  startup_stm32f103xb.o(.text)
    .text                                    0x080001bc   Section        0  memcpya.o(.text)
    .text                                    0x080001e0   Section       36  init.o(.text)
    .text                                    0x08000204   Section        0  __dczerorl2.o(.text)
    i.BusFault_Handler                       0x0800025a   Section        0  stm32f1xx_it.o(i.BusFault_Handler)
    i.CDC_Control_FS                         0x0800025c   Section        0  usbd_cdc_if.o(i.CDC_Control_FS)
    CDC_Control_FS                           0x0800025d   Thumb Code     4  usbd_cdc_if.o(i.CDC_Control_FS)
    i.CDC_DeInit_FS                          0x08000260   Section        0  usbd_cdc_if.o(i.CDC_DeInit_FS)
    CDC_DeInit_FS                            0x08000261   Thumb Code     4  usbd_cdc_if.o(i.CDC_DeInit_FS)
    i.CDC_Init_FS                            0x08000264   Section        0  usbd_cdc_if.o(i.CDC_Init_FS)
    CDC_Init_FS                              0x08000265   Thumb Code    24  usbd_cdc_if.o(i.CDC_Init_FS)
    i.CDC_Receive_FS                         0x08000288   Section        0  usbd_cdc_if.o(i.CDC_Receive_FS)
    CDC_Receive_FS                           0x08000289   Thumb Code    20  usbd_cdc_if.o(i.CDC_Receive_FS)
    i.DebugMon_Handler                       0x080002a0   Section        0  stm32f1xx_it.o(i.DebugMon_Handler)
    i.HAL_GPIO_Init                          0x080002a4   Section        0  stm32f1xx_hal_gpio.o(i.HAL_GPIO_Init)
    i.HAL_GPIO_TogglePin                     0x08000460   Section        0  stm32f1xx_hal_gpio.o(i.HAL_GPIO_TogglePin)
    i.HAL_GPIO_WritePin                      0x08000468   Section        0  stm32f1xx_hal_gpio.o(i.HAL_GPIO_WritePin)
    i.HAL_GetTick                            0x08000474   Section        0  stm32f1xx_hal.o(i.HAL_GetTick)
    i.HAL_IncTick                            0x08000480   Section        0  stm32f1xx_hal.o(i.HAL_IncTick)
    i.HAL_Init                               0x08000490   Section        0  stm32f1xx_hal.o(i.HAL_Init)
    i.HAL_InitTick                           0x080004b4   Section        0  stm32f1xx_hal.o(i.HAL_InitTick)
    i.HAL_MspInit                            0x080004f4   Section        0  stm32f1xx_hal_msp.o(i.HAL_MspInit)
    i.HAL_NVIC_EnableIRQ                     0x08000574   Section        0  stm32f1xx_hal_cortex.o(i.HAL_NVIC_EnableIRQ)
    i.HAL_NVIC_SetPriority                   0x0800058c   Section        0  stm32f1xx_hal_cortex.o(i.HAL_NVIC_SetPriority)
    i.HAL_NVIC_SetPriorityGrouping           0x080005cc   Section        0  stm32f1xx_hal_cortex.o(i.HAL_NVIC_SetPriorityGrouping)
    i.HAL_PCDEx_PMAConfig                    0x080005f0   Section        0  stm32f1xx_hal_pcd_ex.o(i.HAL_PCDEx_PMAConfig)
    i.HAL_PCDEx_SetConnectionState           0x08000624   Section        0  usbd_conf.o(i.HAL_PCDEx_SetConnectionState)
    i.HAL_PCD_DataInStageCallback            0x08000626   Section        0  usbd_conf.o(i.HAL_PCD_DataInStageCallback)
    i.HAL_PCD_DataOutStageCallback           0x08000634   Section        0  usbd_conf.o(i.HAL_PCD_DataOutStageCallback)
    i.HAL_PCD_EP_Close                       0x08000644   Section        0  stm32f1xx_hal_pcd.o(i.HAL_PCD_EP_Close)
    i.HAL_PCD_EP_ClrStall                    0x08000684   Section        0  stm32f1xx_hal_pcd.o(i.HAL_PCD_EP_ClrStall)
    i.HAL_PCD_EP_GetRxCount                  0x080006cc   Section        0  stm32f1xx_hal_pcd.o(i.HAL_PCD_EP_GetRxCount)
    i.HAL_PCD_EP_Open                        0x080006dc   Section        0  stm32f1xx_hal_pcd.o(i.HAL_PCD_EP_Open)
    i.HAL_PCD_EP_Receive                     0x08000720   Section        0  stm32f1xx_hal_pcd.o(i.HAL_PCD_EP_Receive)
    i.HAL_PCD_EP_SetStall                    0x0800074e   Section        0  stm32f1xx_hal_pcd.o(i.HAL_PCD_EP_SetStall)
    i.HAL_PCD_EP_Transmit                    0x080007a4   Section        0  stm32f1xx_hal_pcd.o(i.HAL_PCD_EP_Transmit)
    i.HAL_PCD_IRQHandler                     0x080007ce   Section        0  stm32f1xx_hal_pcd.o(i.HAL_PCD_IRQHandler)
    i.HAL_PCD_Init                           0x080008dc   Section        0  stm32f1xx_hal_pcd.o(i.HAL_PCD_Init)
    i.HAL_PCD_MspInit                        0x0800099c   Section        0  usbd_conf.o(i.HAL_PCD_MspInit)
    i.HAL_PCD_ResetCallback                  0x080009d8   Section        0  usbd_conf.o(i.HAL_PCD_ResetCallback)
    i.HAL_PCD_ResumeCallback                 0x080009f2   Section        0  usbd_conf.o(i.HAL_PCD_ResumeCallback)
    i.HAL_PCD_SOFCallback                    0x080009fa   Section        0  usbd_conf.o(i.HAL_PCD_SOFCallback)
    i.HAL_PCD_SetAddress                     0x08000a02   Section        0  stm32f1xx_hal_pcd.o(i.HAL_PCD_SetAddress)
    i.HAL_PCD_SetupStageCallback             0x08000a2a   Section        0  usbd_conf.o(i.HAL_PCD_SetupStageCallback)
    i.HAL_PCD_Start                          0x08000a38   Section        0  stm32f1xx_hal_pcd.o(i.HAL_PCD_Start)
    i.HAL_PCD_SuspendCallback                0x08000a6c   Section        0  usbd_conf.o(i.HAL_PCD_SuspendCallback)
    i.HAL_RCCEx_PeriphCLKConfig              0x08000a90   Section        0  stm32f1xx_hal_rcc_ex.o(i.HAL_RCCEx_PeriphCLKConfig)
    i.HAL_RCC_ClockConfig                    0x08000b7c   Section        0  stm32f1xx_hal_rcc.o(i.HAL_RCC_ClockConfig)
    i.HAL_RCC_GetHCLKFreq                    0x08000cd0   Section        0  stm32f1xx_hal_rcc.o(i.HAL_RCC_GetHCLKFreq)
    i.HAL_RCC_GetPCLK1Freq                   0x08000cdc   Section        0  stm32f1xx_hal_rcc.o(i.HAL_RCC_GetPCLK1Freq)
    i.HAL_RCC_GetPCLK2Freq                   0x08000cfc   Section        0  stm32f1xx_hal_rcc.o(i.HAL_RCC_GetPCLK2Freq)
    i.HAL_RCC_GetSysClockFreq                0x08000d1c   Section        0  stm32f1xx_hal_rcc.o(i.HAL_RCC_GetSysClockFreq)
    i.HAL_RCC_OscConfig                      0x08000d88   Section        0  stm32f1xx_hal_rcc.o(i.HAL_RCC_OscConfig)
    i.HAL_SYSTICK_CLKSourceConfig            0x0800108c   Section        0  stm32f1xx_hal_cortex.o(i.HAL_SYSTICK_CLKSourceConfig)
    i.HAL_SYSTICK_Config                     0x080010a4   Section        0  stm32f1xx_hal_cortex.o(i.HAL_SYSTICK_Config)
    i.HAL_UART_Init                          0x080010cc   Section        0  stm32f1xx_hal_uart.o(i.HAL_UART_Init)
    i.HAL_UART_MspInit                       0x08001130   Section        0  stm32f1xx_hal_msp.o(i.HAL_UART_MspInit)
    i.HAL_UART_Transmit                      0x08001188   Section        0  stm32f1xx_hal_uart.o(i.HAL_UART_Transmit)
    i.HardFault_Handler                      0x08001242   Section        0  stm32f1xx_it.o(i.HardFault_Handler)
    i.MX_GPIO_Init                           0x08001244   Section        0  main.o(i.MX_GPIO_Init)
    MX_GPIO_Init                             0x08001245   Thumb Code   146  main.o(i.MX_GPIO_Init)
    i.MX_USB_DEVICE_Init                     0x080012e4   Section        0  usb_device.o(i.MX_USB_DEVICE_Init)
    i.MemManage_Handler                      0x0800131c   Section        0  stm32f1xx_it.o(i.MemManage_Handler)
    i.NMI_Handler                            0x0800131e   Section        0  stm32f1xx_it.o(i.NMI_Handler)
    i.NVIC_SetPriority                       0x08001320   Section        0  stm32f1xx_hal_cortex.o(i.NVIC_SetPriority)
    NVIC_SetPriority                         0x08001321   Thumb Code    32  stm32f1xx_hal_cortex.o(i.NVIC_SetPriority)
    i.PCD_EP_ISR_Handler                     0x08001340   Section        0  stm32f1xx_hal_pcd.o(i.PCD_EP_ISR_Handler)
    PCD_EP_ISR_Handler                       0x08001341   Thumb Code   866  stm32f1xx_hal_pcd.o(i.PCD_EP_ISR_Handler)
    i.StartDefaultTask                       0x080016a4   Section        0  main.o(i.StartDefaultTask)
    i.StartTask02                            0x080016dc   Section        0  main.o(i.StartTask02)
    i.StartTask03                            0x0800170c   Section        0  main.o(i.StartTask03)
    i.SysTick_Handler                        0x0800173c   Section        0  stm32f1xx_it.o(i.SysTick_Handler)
    i.SystemClock_Config                     0x0800174a   Section        0  main.o(i.SystemClock_Config)
    i.SystemInit                             0x080017c4   Section        0  system_stm32f1xx.o(i.SystemInit)
    i.UART_SetConfig                         0x0800180c   Section        0  stm32f1xx_hal_uart.o(i.UART_SetConfig)
    UART_SetConfig                           0x0800180d   Thumb Code   364  stm32f1xx_hal_uart.o(i.UART_SetConfig)
    i.UART_WaitOnFlagUntilTimeout            0x0800197c   Section        0  stm32f1xx_hal_uart.o(i.UART_WaitOnFlagUntilTimeout)
    UART_WaitOnFlagUntilTimeout              0x0800197d   Thumb Code   100  stm32f1xx_hal_uart.o(i.UART_WaitOnFlagUntilTimeout)
    i.USBD_CDC_DataIn                        0x080019e0   Section        0  usbd_cdc.o(i.USBD_CDC_DataIn)
    USBD_CDC_DataIn                          0x080019e1   Thumb Code    20  usbd_cdc.o(i.USBD_CDC_DataIn)
    i.USBD_CDC_DataOut                       0x080019f4   Section        0  usbd_cdc.o(i.USBD_CDC_DataOut)
    USBD_CDC_DataOut                         0x080019f5   Thumb Code    46  usbd_cdc.o(i.USBD_CDC_DataOut)
    i.USBD_CDC_DeInit                        0x08001a22   Section        0  usbd_cdc.o(i.USBD_CDC_DeInit)
    USBD_CDC_DeInit                          0x08001a23   Thumb Code    60  usbd_cdc.o(i.USBD_CDC_DeInit)
    i.USBD_CDC_EP0_RxReady                   0x08001a5e   Section        0  usbd_cdc.o(i.USBD_CDC_EP0_RxReady)
    USBD_CDC_EP0_RxReady                     0x08001a5f   Thumb Code    36  usbd_cdc.o(i.USBD_CDC_EP0_RxReady)
    i.USBD_CDC_GetDeviceQualifierDescriptor  0x08001a84   Section        0  usbd_cdc.o(i.USBD_CDC_GetDeviceQualifierDescriptor)
    i.USBD_CDC_GetFSCfgDesc                  0x08001a90   Section        0  usbd_cdc.o(i.USBD_CDC_GetFSCfgDesc)
    USBD_CDC_GetFSCfgDesc                    0x08001a91   Thumb Code     8  usbd_cdc.o(i.USBD_CDC_GetFSCfgDesc)
    i.USBD_CDC_GetHSCfgDesc                  0x08001a9c   Section        0  usbd_cdc.o(i.USBD_CDC_GetHSCfgDesc)
    USBD_CDC_GetHSCfgDesc                    0x08001a9d   Thumb Code     8  usbd_cdc.o(i.USBD_CDC_GetHSCfgDesc)
    i.USBD_CDC_GetOtherSpeedCfgDesc          0x08001aa8   Section        0  usbd_cdc.o(i.USBD_CDC_GetOtherSpeedCfgDesc)
    USBD_CDC_GetOtherSpeedCfgDesc            0x08001aa9   Thumb Code     8  usbd_cdc.o(i.USBD_CDC_GetOtherSpeedCfgDesc)
    i.USBD_CDC_Init                          0x08001ab4   Section        0  usbd_cdc.o(i.USBD_CDC_Init)
    USBD_CDC_Init                            0x08001ab5   Thumb Code   136  usbd_cdc.o(i.USBD_CDC_Init)
    i.USBD_CDC_ReceivePacket                 0x08001b3c   Section        0  usbd_cdc.o(i.USBD_CDC_ReceivePacket)
    i.USBD_CDC_RegisterInterface             0x08001b64   Section        0  usbd_cdc.o(i.USBD_CDC_RegisterInterface)
    i.USBD_CDC_SetRxBuffer                   0x08001b74   Section        0  usbd_cdc.o(i.USBD_CDC_SetRxBuffer)
    i.USBD_CDC_SetTxBuffer                   0x08001b80   Section        0  usbd_cdc.o(i.USBD_CDC_SetTxBuffer)
    i.USBD_CDC_Setup                         0x08001b90   Section        0  usbd_cdc.o(i.USBD_CDC_Setup)
    USBD_CDC_Setup                           0x08001b91   Thumb Code   106  usbd_cdc.o(i.USBD_CDC_Setup)
    i.USBD_ClrClassConfig                    0x08001c00   Section        0  usbd_core.o(i.USBD_ClrClassConfig)
    i.USBD_CtlContinueRx                     0x08001c0e   Section        0  usbd_ioreq.o(i.USBD_CtlContinueRx)
    i.USBD_CtlContinueSendData               0x08001c1e   Section        0  usbd_ioreq.o(i.USBD_CtlContinueSendData)
    i.USBD_CtlError                          0x08001c2e   Section        0  usbd_ctlreq.o(i.USBD_CtlError)
    i.USBD_CtlPrepareRx                      0x08001c44   Section        0  usbd_ioreq.o(i.USBD_CtlPrepareRx)
    i.USBD_CtlReceiveStatus                  0x08001c62   Section        0  usbd_ioreq.o(i.USBD_CtlReceiveStatus)
    i.USBD_CtlSendData                       0x08001c78   Section        0  usbd_ioreq.o(i.USBD_CtlSendData)
    i.USBD_CtlSendStatus                     0x08001c92   Section        0  usbd_ioreq.o(i.USBD_CtlSendStatus)
    i.USBD_FS_ConfigStrDescriptor            0x08001ca8   Section        0  usbd_desc.o(i.USBD_FS_ConfigStrDescriptor)
    i.USBD_FS_DeviceDescriptor               0x08001cc8   Section        0  usbd_desc.o(i.USBD_FS_DeviceDescriptor)
    i.USBD_FS_InterfaceStrDescriptor         0x08001cd4   Section        0  usbd_desc.o(i.USBD_FS_InterfaceStrDescriptor)
    i.USBD_FS_LangIDStrDescriptor            0x08001cf8   Section        0  usbd_desc.o(i.USBD_FS_LangIDStrDescriptor)
    i.USBD_FS_ManufacturerStrDescriptor      0x08001d04   Section        0  usbd_desc.o(i.USBD_FS_ManufacturerStrDescriptor)
    i.USBD_FS_ProductStrDescriptor           0x08001d2c   Section        0  usbd_desc.o(i.USBD_FS_ProductStrDescriptor)
    i.USBD_FS_SerialStrDescriptor            0x08001d58   Section        0  usbd_desc.o(i.USBD_FS_SerialStrDescriptor)
    i.USBD_GetDescriptor                     0x08001d7c   Section        0  usbd_ctlreq.o(i.USBD_GetDescriptor)
    USBD_GetDescriptor                       0x08001d7d   Thumb Code   224  usbd_ctlreq.o(i.USBD_GetDescriptor)
    i.USBD_GetString                         0x08001e5c   Section        0  usbd_ctlreq.o(i.USBD_GetString)
    i.USBD_Init                              0x08001ea2   Section        0  usbd_core.o(i.USBD_Init)
    i.USBD_LL_ClearStallEP                   0x08001ecc   Section        0  usbd_conf.o(i.USBD_LL_ClearStallEP)
    i.USBD_LL_CloseEP                        0x08001eec   Section        0  usbd_conf.o(i.USBD_LL_CloseEP)
    i.USBD_LL_DataInStage                    0x08001f0c   Section        0  usbd_core.o(i.USBD_LL_DataInStage)
    i.USBD_LL_DataOutStage                   0x08001fb6   Section        0  usbd_core.o(i.USBD_LL_DataOutStage)
    i.USBD_LL_GetRxDataSize                  0x08002020   Section        0  usbd_conf.o(i.USBD_LL_GetRxDataSize)
    i.USBD_LL_Init                           0x08002028   Section        0  usbd_conf.o(i.USBD_LL_Init)
    i.USBD_LL_IsStallEP                      0x080020c8   Section        0  usbd_conf.o(i.USBD_LL_IsStallEP)
    i.USBD_LL_OpenEP                         0x080020e4   Section        0  usbd_conf.o(i.USBD_LL_OpenEP)
    i.USBD_LL_PrepareReceive                 0x0800210a   Section        0  usbd_conf.o(i.USBD_LL_PrepareReceive)
    i.USBD_LL_Reset                          0x0800212a   Section        0  usbd_core.o(i.USBD_LL_Reset)
    i.USBD_LL_Resume                         0x08002168   Section        0  usbd_core.o(i.USBD_LL_Resume)
    i.USBD_LL_SOF                            0x08002174   Section        0  usbd_core.o(i.USBD_LL_SOF)
    i.USBD_LL_SetSpeed                       0x0800218c   Section        0  usbd_core.o(i.USBD_LL_SetSpeed)
    i.USBD_LL_SetUSBAddress                  0x08002192   Section        0  usbd_conf.o(i.USBD_LL_SetUSBAddress)
    i.USBD_LL_SetupStage                     0x080021b2   Section        0  usbd_core.o(i.USBD_LL_SetupStage)
    i.USBD_LL_StallEP                        0x0800220c   Section        0  usbd_conf.o(i.USBD_LL_StallEP)
    i.USBD_LL_Start                          0x0800222c   Section        0  usbd_conf.o(i.USBD_LL_Start)
    i.USBD_LL_Suspend                        0x0800224c   Section        0  usbd_core.o(i.USBD_LL_Suspend)
    i.USBD_LL_Transmit                       0x0800225e   Section        0  usbd_conf.o(i.USBD_LL_Transmit)
    i.USBD_ParseSetupRequest                 0x0800227e   Section        0  usbd_ctlreq.o(i.USBD_ParseSetupRequest)
    i.USBD_RegisterClass                     0x080022a6   Section        0  usbd_core.o(i.USBD_RegisterClass)
    i.USBD_SetClassConfig                    0x080022b6   Section        0  usbd_core.o(i.USBD_SetClassConfig)
    i.USBD_SetConfig                         0x080022cc   Section        0  usbd_ctlreq.o(i.USBD_SetConfig)
    USBD_SetConfig                           0x080022cd   Thumb Code   110  usbd_ctlreq.o(i.USBD_SetConfig)
    i.USBD_Start                             0x08002340   Section        0  usbd_core.o(i.USBD_Start)
    i.USBD_StdDevReq                         0x0800234a   Section        0  usbd_ctlreq.o(i.USBD_StdDevReq)
    i.USBD_StdEPReq                          0x0800243c   Section        0  usbd_ctlreq.o(i.USBD_StdEPReq)
    i.USBD_StdItfReq                         0x08002518   Section        0  usbd_ctlreq.o(i.USBD_StdItfReq)
    i.USBD_static_free                       0x0800254c   Section        0  usbd_conf.o(i.USBD_static_free)
    i.USBD_static_malloc                     0x08002550   Section        0  usbd_conf.o(i.USBD_static_malloc)
    i.USB_ActivateEndpoint                   0x08002558   Section        0  stm32f1xx_ll_usb.o(i.USB_ActivateEndpoint)
    i.USB_CoreInit                           0x080027b4   Section        0  stm32f1xx_ll_usb.o(i.USB_CoreInit)
    i.USB_DeactivateEndpoint                 0x080027b8   Section        0  stm32f1xx_ll_usb.o(i.USB_DeactivateEndpoint)
    i.USB_DevConnect                         0x080028dc   Section        0  stm32f1xx_ll_usb.o(i.USB_DevConnect)
    i.USB_DevDisconnect                      0x080028e0   Section        0  stm32f1xx_ll_usb.o(i.USB_DevDisconnect)
    i.USB_DevInit                            0x080028e4   Section        0  stm32f1xx_ll_usb.o(i.USB_DevInit)
    i.USB_DisableGlobalInt                   0x08002902   Section        0  stm32f1xx_ll_usb.o(i.USB_DisableGlobalInt)
    i.USB_EP0_OutStart                       0x08002910   Section        0  stm32f1xx_ll_usb.o(i.USB_EP0_OutStart)
    i.USB_EPClearStall                       0x08002914   Section        0  stm32f1xx_ll_usb.o(i.USB_EPClearStall)
    i.USB_EPSetStall                         0x0800297e   Section        0  stm32f1xx_ll_usb.o(i.USB_EPSetStall)
    i.USB_EPStartXfer                        0x080029c8   Section        0  stm32f1xx_ll_usb.o(i.USB_EPStartXfer)
    i.USB_EnableGlobalInt                    0x08002b72   Section        0  stm32f1xx_ll_usb.o(i.USB_EnableGlobalInt)
    i.USB_LP_CAN1_RX0_IRQHandler             0x08002b80   Section        0  stm32f1xx_it.o(i.USB_LP_CAN1_RX0_IRQHandler)
    i.USB_ReadInterrupts                     0x08002b8c   Section        0  stm32f1xx_ll_usb.o(i.USB_ReadInterrupts)
    i.USB_ReadPMA                            0x08002b94   Section        0  stm32f1xx_ll_usb.o(i.USB_ReadPMA)
    i.USB_SetCurrentMode                     0x08002bb2   Section        0  stm32f1xx_ll_usb.o(i.USB_SetCurrentMode)
    i.USB_SetDevAddress                      0x08002bb6   Section        0  stm32f1xx_ll_usb.o(i.USB_SetDevAddress)
    i.USB_WritePMA                           0x08002bc2   Section        0  stm32f1xx_ll_usb.o(i.USB_WritePMA)
    i.UsageFault_Handler                     0x08002be8   Section        0  stm32f1xx_it.o(i.UsageFault_Handler)
    i._Error_Handler                         0x08002bea   Section        0  main.o(i._Error_Handler)
    i.__scatterload_copy                     0x08002bec   Section       14  handlers.o(i.__scatterload_copy)
    i.__scatterload_null                     0x08002bfa   Section        2  handlers.o(i.__scatterload_null)
    i.__scatterload_zeroinit                 0x08002bfc   Section       14  handlers.o(i.__scatterload_zeroinit)
    i.main                                   0x08002c0c   Section        0  main.o(i.main)
    i.makeFreeRtosPriority                   0x08002c98   Section        0  cmsis_os.o(i.makeFreeRtosPriority)
    makeFreeRtosPriority                     0x08002c99   Thumb Code    12  cmsis_os.o(i.makeFreeRtosPriority)
    i.osDelay                                0x08002ca4   Section        0  cmsis_os.o(i.osDelay)
    i.osKernelStart                          0x08002cb2   Section        0  cmsis_os.o(i.osKernelStart)
    i.osSystickHandler                       0x08002cbc   Section        0  cmsis_os.o(i.osSystickHandler)
    i.osThreadCreate                         0x08002cd0   Section        0  cmsis_os.o(i.osThreadCreate)
    i.prvAddCurrentTaskToDelayedList         0x08002d00   Section        0  tasks.o(i.prvAddCurrentTaskToDelayedList)
    prvAddCurrentTaskToDelayedList           0x08002d01   Thumb Code   102  tasks.o(i.prvAddCurrentTaskToDelayedList)
    i.prvAddNewTaskToReadyList               0x08002d70   Section        0  tasks.o(i.prvAddNewTaskToReadyList)
    prvAddNewTaskToReadyList                 0x08002d71   Thumb Code   194  tasks.o(i.prvAddNewTaskToReadyList)
    i.prvCheckTasksWaitingTermination        0x08002e40   Section        0  tasks.o(i.prvCheckTasksWaitingTermination)
    prvCheckTasksWaitingTermination          0x08002e41   Thumb Code    70  tasks.o(i.prvCheckTasksWaitingTermination)
    i.prvDeleteTCB                           0x08002e90   Section        0  tasks.o(i.prvDeleteTCB)
    prvDeleteTCB                             0x08002e91   Thumb Code    20  tasks.o(i.prvDeleteTCB)
    i.prvHeapInit                            0x08002ea4   Section        0  heap_4.o(i.prvHeapInit)
    prvHeapInit                              0x08002ea5   Thumb Code    66  heap_4.o(i.prvHeapInit)
    i.prvIdleTask                            0x08002ef0   Section        0  tasks.o(i.prvIdleTask)
    prvIdleTask                              0x08002ef1   Thumb Code    30  tasks.o(i.prvIdleTask)
    i.prvInitialiseNewTask                   0x08002f18   Section        0  tasks.o(i.prvInitialiseNewTask)
    prvInitialiseNewTask                     0x08002f19   Thumb Code   142  tasks.o(i.prvInitialiseNewTask)
    i.prvInsertBlockIntoFreeList             0x08002fa8   Section        0  heap_4.o(i.prvInsertBlockIntoFreeList)
    prvInsertBlockIntoFreeList               0x08002fa9   Thumb Code    72  heap_4.o(i.prvInsertBlockIntoFreeList)
    i.prvResetNextTaskUnblockTime            0x08002ff4   Section        0  tasks.o(i.prvResetNextTaskUnblockTime)
    prvResetNextTaskUnblockTime              0x08002ff5   Thumb Code    26  tasks.o(i.prvResetNextTaskUnblockTime)
    i.prvTaskExitError                       0x08003014   Section        0  port.o(i.prvTaskExitError)
    prvTaskExitError                         0x08003015   Thumb Code    36  port.o(i.prvTaskExitError)
    i.pvPortMalloc                           0x0800303c   Section        0  heap_4.o(i.pvPortMalloc)
    i.pxPortInitialiseStack                  0x08003114   Section        0  port.o(i.pxPortInitialiseStack)
    i.uxListRemove                           0x08003138   Section        0  list.o(i.uxListRemove)
    i.vListInitialise                        0x0800315c   Section        0  list.o(i.vListInitialise)
    i.vListInitialiseItem                    0x08003172   Section        0  list.o(i.vListInitialiseItem)
    i.vListInsert                            0x08003178   Section        0  list.o(i.vListInsert)
    i.vListInsertEnd                         0x080031a8   Section        0  list.o(i.vListInsertEnd)
    i.vPortEnterCritical                     0x080031c0   Section        0  port.o(i.vPortEnterCritical)
    i.vPortExitCritical                      0x08003200   Section        0  port.o(i.vPortExitCritical)
    i.vPortFree                              0x08003228   Section        0  heap_4.o(i.vPortFree)
    i.vPortSetupTimerInterrupt               0x08003284   Section        0  port.o(i.vPortSetupTimerInterrupt)
    i.vTaskDelay                             0x080032a4   Section        0  tasks.o(i.vTaskDelay)
    i.vTaskStartScheduler                    0x080032f0   Section        0  tasks.o(i.vTaskStartScheduler)
    i.vTaskSuspendAll                        0x08003358   Section        0  tasks.o(i.vTaskSuspendAll)
    i.vTaskSwitchContext                     0x08003368   Section        0  tasks.o(i.vTaskSwitchContext)
    i.xPortStartScheduler                    0x080033c4   Section        0  port.o(i.xPortStartScheduler)
    i.xPortSysTickHandler                    0x08003438   Section        0  port.o(i.xPortSysTickHandler)
    i.xTaskCreate                            0x08003464   Section        0  tasks.o(i.xTaskCreate)
    i.xTaskGetSchedulerState                 0x080034bc   Section        0  tasks.o(i.xTaskGetSchedulerState)
    i.xTaskIncrementTick                     0x080034d8   Section        0  tasks.o(i.xTaskIncrementTick)
    i.xTaskResumeAll                         0x080035a0   Section        0  tasks.o(i.xTaskResumeAll)
    .constdata                               0x08003664   Section       16  system_stm32f1xx.o(.constdata)
    .constdata                               0x08003674   Section        8  system_stm32f1xx.o(.constdata)
    .constdata                               0x0800367c   Section       60  main.o(.constdata)
    .conststring                             0x080036b8   Section       36  main.o(.conststring)
    .data                                    0x20000000   Section        4  system_stm32f1xx.o(.data)
    .data                                    0x20000004   Section        1  usbd_ctlreq.o(.data)
    cfgidx                                   0x20000004   Data           1  usbd_ctlreq.o(.data)
    .data                                    0x20000008   Section      219  usbd_cdc.o(.data)
    ifalt                                    0x20000008   Data           1  usbd_cdc.o(.data)
    USBD_CDC_DeviceQualifierDesc             0x2000000c   Data          10  usbd_cdc.o(.data)
    .data                                    0x200000e4   Section       56  usbd_cdc.o(.data)
    .data                                    0x2000011c   Section       28  usbd_desc.o(.data)
    .data                                    0x20000138   Section       22  usbd_desc.o(.data)
    .data                                    0x20000150   Section       16  usbd_cdc_if.o(.data)
    .data                                    0x20000160   Section       42  main.o(.data)
    .data                                    0x2000018c   Section       12  stm32f1xx_hal.o(.data)
    .data                                    0x20000198   Section       60  tasks.o(.data)
    uxDeletedTasksWaitingCleanUp             0x2000019c   Data           4  tasks.o(.data)
    uxCurrentNumberOfTasks                   0x200001a0   Data           4  tasks.o(.data)
    xTickCount                               0x200001a4   Data           4  tasks.o(.data)
    uxTopReadyPriority                       0x200001a8   Data           4  tasks.o(.data)
    xSchedulerRunning                        0x200001ac   Data           4  tasks.o(.data)
    uxPendedTicks                            0x200001b0   Data           4  tasks.o(.data)
    xYieldPending                            0x200001b4   Data           4  tasks.o(.data)
    xNumOfOverflows                          0x200001b8   Data           4  tasks.o(.data)
    uxTaskNumber                             0x200001bc   Data           4  tasks.o(.data)
    xNextTaskUnblockTime                     0x200001c0   Data           4  tasks.o(.data)
    xIdleTaskHandle                          0x200001c4   Data           4  tasks.o(.data)
    uxSchedulerSuspended                     0x200001c8   Data           4  tasks.o(.data)
    pxDelayedTaskList                        0x200001cc   Data           4  tasks.o(.data)
    pxOverflowDelayedTaskList                0x200001d0   Data           4  tasks.o(.data)
    .data                                    0x200001d4   Section       24  heap_4.o(.data)
    pxEnd                                    0x200001d4   Data           4  heap_4.o(.data)
    xFreeBytesRemaining                      0x200001d8   Data           4  heap_4.o(.data)
    xMinimumEverFreeBytesRemaining           0x200001dc   Data           4  heap_4.o(.data)
    xBlockAllocatedBit                       0x200001e0   Data           4  heap_4.o(.data)
    xStart                                   0x200001e4   Data           8  heap_4.o(.data)
    .data                                    0x200001ec   Section       12  port.o(.data)
    ucMaxSysCallPriority                     0x200001ec   Data           1  port.o(.data)
    uxCriticalNesting                        0x200001f0   Data           4  port.o(.data)
    ulMaxPRIGROUPValue                       0x200001f4   Data           4  port.o(.data)
    .bss                                     0x200001f8   Section      512  usbd_desc.o(.bss)
    .bss                                     0x200003f8   Section     2000  usbd_cdc_if.o(.bss)
    .bss                                     0x20000bc8   Section     1664  usbd_conf.o(.bss)
    mem                                      0x20000bc8   Data         544  usbd_conf.o(.bss)
    .bss                                     0x20001248   Section       64  main.o(.bss)
    .bss                                     0x20001288   Section      548  usb_device.o(.bss)
    .bss                                     0x200014ac   Section      240  tasks.o(.bss)
    pxReadyTasksLists                        0x200014ac   Data         140  tasks.o(.bss)
    xDelayedTaskList1                        0x20001538   Data          20  tasks.o(.bss)
    xDelayedTaskList2                        0x2000154c   Data          20  tasks.o(.bss)
    xPendingReadyList                        0x20001560   Data          20  tasks.o(.bss)
    xTasksWaitingTermination                 0x20001574   Data          20  tasks.o(.bss)
    xSuspendedTaskList                       0x20001588   Data          20  tasks.o(.bss)
    .bss                                     0x2000159c   Section     3072  heap_4.o(.bss)
    ucHeap                                   0x2000159c   Data        3072  heap_4.o(.bss)
    STACK                                    0x200021a0   Section     1024  startup_stm32f103xb.o(STACK)

    Global Symbols

    Symbol Name                              Value     Ov Type        Size  Object(Section)

    BuildAttributes$$THM_ISAv4$P$D$K$B$S$PE$A:L22UL41UL21$X:L11$S22US41US21$IEEE1$IW$USESV6$~STKCKD$USESV7$~SHL$OSPACE$EBA8$MICROLIB$REQ8$PRES8$EABIv2 0x00000000   Number         0  anon$$obj.o ABSOLUTE
    __ARM_use_no_argv                        0x00000000   Number         0  main.o ABSOLUTE
    __cpp_initialize__aeabi_                  - Undefined Weak Reference
    __cxa_finalize                            - Undefined Weak Reference
    _clock_init                               - Undefined Weak Reference
    _microlib_exit                            - Undefined Weak Reference
    __Vectors_Size                           0x000000ec   Number         0  startup_stm32f103xb.o ABSOLUTE
    __Vectors                                0x08000000   Data           4  startup_stm32f103xb.o(RESET)
    __Vectors_End                            0x080000ec   Data           0  startup_stm32f103xb.o(RESET)
    __main                                   0x080000ed   Thumb Code     0  entry.o(.ARM.Collect$$$$00000000)
    _main_stk                                0x080000ed   Thumb Code     0  entry2.o(.ARM.Collect$$$$00000001)
    _main_scatterload                        0x080000f1   Thumb Code     0  entry5.o(.ARM.Collect$$$$00000004)
    __main_after_scatterload                 0x080000f5   Thumb Code     0  entry5.o(.ARM.Collect$$$$00000004)
    _main_clock                              0x080000f5   Thumb Code     0  entry7b.o(.ARM.Collect$$$$00000008)
    _main_cpp_init                           0x080000f5   Thumb Code     0  entry8b.o(.ARM.Collect$$$$0000000A)
    _main_init                               0x080000f5   Thumb Code     0  entry9a.o(.ARM.Collect$$$$0000000B)
    __rt_final_cpp                           0x080000fd   Thumb Code     0  entry10a.o(.ARM.Collect$$$$0000000D)
    __rt_final_exit                          0x080000fd   Thumb Code     0  entry11a.o(.ARM.Collect$$$$0000000F)
    SVC_Handler                              0x08000101   Thumb Code    32  port.o(.emb_text)
    __asm___6_port_c_39a90d8d__prvStartFirstTask 0x08000125   Thumb Code    28  port.o(.emb_text)
    PendSV_Handler                           0x08000145   Thumb Code    72  port.o(.emb_text)
    vPortGetIPSR                             0x08000191   Thumb Code     6  port.o(.emb_text)
    Reset_Handler                            0x08000199   Thumb Code     8  startup_stm32f103xb.o(.text)
    ADC1_2_IRQHandler                        0x080001b3   Thumb Code     0  startup_stm32f103xb.o(.text)
    CAN1_RX1_IRQHandler                      0x080001b3   Thumb Code     0  startup_stm32f103xb.o(.text)
    CAN1_SCE_IRQHandler                      0x080001b3   Thumb Code     0  startup_stm32f103xb.o(.text)
    DMA1_Channel1_IRQHandler                 0x080001b3   Thumb Code     0  startup_stm32f103xb.o(.text)
    DMA1_Channel2_IRQHandler                 0x080001b3   Thumb Code     0  startup_stm32f103xb.o(.text)
    DMA1_Channel3_IRQHandler                 0x080001b3   Thumb Code     0  startup_stm32f103xb.o(.text)
    DMA1_Channel4_IRQHandler                 0x080001b3   Thumb Code     0  startup_stm32f103xb.o(.text)
    DMA1_Channel5_IRQHandler                 0x080001b3   Thumb Code     0  startup_stm32f103xb.o(.text)
    DMA1_Channel6_IRQHandler                 0x080001b3   Thumb Code     0  startup_stm32f103xb.o(.text)
    DMA1_Channel7_IRQHandler                 0x080001b3   Thumb Code     0  startup_stm32f103xb.o(.text)
    EXTI0_IRQHandler                         0x080001b3   Thumb Code     0  startup_stm32f103xb.o(.text)
    EXTI15_10_IRQHandler                     0x080001b3   Thumb Code     0  startup_stm32f103xb.o(.text)
    EXTI1_IRQHandler                         0x080001b3   Thumb Code     0  startup_stm32f103xb.o(.text)
    EXTI2_IRQHandler                         0x080001b3   Thumb Code     0  startup_stm32f103xb.o(.text)
    EXTI3_IRQHandler                         0x080001b3   Thumb Code     0  startup_stm32f103xb.o(.text)
    EXTI4_IRQHandler                         0x080001b3   Thumb Code     0  startup_stm32f103xb.o(.text)
    EXTI9_5_IRQHandler                       0x080001b3   Thumb Code     0  startup_stm32f103xb.o(.text)
    FLASH_IRQHandler                         0x080001b3   Thumb Code     0  startup_stm32f103xb.o(.text)
    I2C1_ER_IRQHandler                       0x080001b3   Thumb Code     0  startup_stm32f103xb.o(.text)
    I2C1_EV_IRQHandler                       0x080001b3   Thumb Code     0  startup_stm32f103xb.o(.text)
    I2C2_ER_IRQHandler                       0x080001b3   Thumb Code     0  startup_stm32f103xb.o(.text)
    I2C2_EV_IRQHandler                       0x080001b3   Thumb Code     0  startup_stm32f103xb.o(.text)
    PVD_IRQHandler                           0x080001b3   Thumb Code     0  startup_stm32f103xb.o(.text)
    RCC_IRQHandler                           0x080001b3   Thumb Code     0  startup_stm32f103xb.o(.text)
    RTC_Alarm_IRQHandler                     0x080001b3   Thumb Code     0  startup_stm32f103xb.o(.text)
    RTC_IRQHandler                           0x080001b3   Thumb Code     0  startup_stm32f103xb.o(.text)
    SPI1_IRQHandler                          0x080001b3   Thumb Code     0  startup_stm32f103xb.o(.text)
    SPI2_IRQHandler                          0x080001b3   Thumb Code     0  startup_stm32f103xb.o(.text)
    TAMPER_IRQHandler                        0x080001b3   Thumb Code     0  startup_stm32f103xb.o(.text)
    TIM1_BRK_IRQHandler                      0x080001b3   Thumb Code     0  startup_stm32f103xb.o(.text)
    TIM1_CC_IRQHandler                       0x080001b3   Thumb Code     0  startup_stm32f103xb.o(.text)
    TIM1_TRG_COM_IRQHandler                  0x080001b3   Thumb Code     0  startup_stm32f103xb.o(.text)
    TIM1_UP_IRQHandler                       0x080001b3   Thumb Code     0  startup_stm32f103xb.o(.text)
    TIM2_IRQHandler                          0x080001b3   Thumb Code     0  startup_stm32f103xb.o(.text)
    TIM3_IRQHandler                          0x080001b3   Thumb Code     0  startup_stm32f103xb.o(.text)
    TIM4_IRQHandler                          0x080001b3   Thumb Code     0  startup_stm32f103xb.o(.text)
    USART1_IRQHandler                        0x080001b3   Thumb Code     0  startup_stm32f103xb.o(.text)
    USART2_IRQHandler                        0x080001b3   Thumb Code     0  startup_stm32f103xb.o(.text)
    USART3_IRQHandler                        0x080001b3   Thumb Code     0  startup_stm32f103xb.o(.text)
    USBWakeUp_IRQHandler                     0x080001b3   Thumb Code     0  startup_stm32f103xb.o(.text)
    USB_HP_CAN1_TX_IRQHandler                0x080001b3   Thumb Code     0  startup_stm32f103xb.o(.text)
    WWDG_IRQHandler                          0x080001b3   Thumb Code     0  startup_stm32f103xb.o(.text)
    __aeabi_memcpy                           0x080001bd   Thumb Code    36  memcpya.o(.text)
    __aeabi_memcpy4                          0x080001bd   Thumb Code     0  memcpya.o(.text)
    __aeabi_memcpy8                          0x080001bd   Thumb Code     0  memcpya.o(.text)
    __scatterload                            0x080001e1   Thumb Code    28  init.o(.text)
    __scatterload_rt2                        0x080001e1   Thumb Code     0  init.o(.text)
    __decompress                             0x08000205   Thumb Code     0  __dczerorl2.o(.text)
    __decompress1                            0x08000205   Thumb Code    86  __dczerorl2.o(.text)
    BusFault_Handler                         0x0800025b   Thumb Code     2  stm32f1xx_it.o(i.BusFault_Handler)
    DebugMon_Handler                         0x080002a1   Thumb Code     2  stm32f1xx_it.o(i.DebugMon_Handler)
    HAL_GPIO_Init                            0x080002a5   Thumb Code   408  stm32f1xx_hal_gpio.o(i.HAL_GPIO_Init)
    HAL_GPIO_TogglePin                       0x08000461   Thumb Code     8  stm32f1xx_hal_gpio.o(i.HAL_GPIO_TogglePin)
    HAL_GPIO_WritePin                        0x08000469   Thumb Code    10  stm32f1xx_hal_gpio.o(i.HAL_GPIO_WritePin)
    HAL_GetTick                              0x08000475   Thumb Code     6  stm32f1xx_hal.o(i.HAL_GetTick)
    HAL_IncTick                              0x08000481   Thumb Code    12  stm32f1xx_hal.o(i.HAL_IncTick)
    HAL_Init                                 0x08000491   Thumb Code    32  stm32f1xx_hal.o(i.HAL_Init)
    HAL_InitTick                             0x080004b5   Thumb Code    54  stm32f1xx_hal.o(i.HAL_InitTick)
    HAL_MspInit                              0x080004f5   Thumb Code   118  stm32f1xx_hal_msp.o(i.HAL_MspInit)
    HAL_NVIC_EnableIRQ                       0x08000575   Thumb Code    22  stm32f1xx_hal_cortex.o(i.HAL_NVIC_EnableIRQ)
    HAL_NVIC_SetPriority                     0x0800058d   Thumb Code    60  stm32f1xx_hal_cortex.o(i.HAL_NVIC_SetPriority)
    HAL_NVIC_SetPriorityGrouping             0x080005cd   Thumb Code    26  stm32f1xx_hal_cortex.o(i.HAL_NVIC_SetPriorityGrouping)
    HAL_PCDEx_PMAConfig                      0x080005f1   Thumb Code    52  stm32f1xx_hal_pcd_ex.o(i.HAL_PCDEx_PMAConfig)
    HAL_PCDEx_SetConnectionState             0x08000625   Thumb Code     2  usbd_conf.o(i.HAL_PCDEx_SetConnectionState)
    HAL_PCD_DataInStageCallback              0x08000627   Thumb Code    14  usbd_conf.o(i.HAL_PCD_DataInStageCallback)
    HAL_PCD_DataOutStageCallback             0x08000635   Thumb Code    16  usbd_conf.o(i.HAL_PCD_DataOutStageCallback)
    HAL_PCD_EP_Close                         0x08000645   Thumb Code    64  stm32f1xx_hal_pcd.o(i.HAL_PCD_EP_Close)
    HAL_PCD_EP_ClrStall                      0x08000685   Thumb Code    72  stm32f1xx_hal_pcd.o(i.HAL_PCD_EP_ClrStall)
    HAL_PCD_EP_GetRxCount                    0x080006cd   Thumb Code    16  stm32f1xx_hal_pcd.o(i.HAL_PCD_EP_GetRxCount)
    HAL_PCD_EP_Open                          0x080006dd   Thumb Code    68  stm32f1xx_hal_pcd.o(i.HAL_PCD_EP_Open)
    HAL_PCD_EP_Receive                       0x08000721   Thumb Code    46  stm32f1xx_hal_pcd.o(i.HAL_PCD_EP_Receive)
    HAL_PCD_EP_SetStall                      0x0800074f   Thumb Code    86  stm32f1xx_hal_pcd.o(i.HAL_PCD_EP_SetStall)
    HAL_PCD_EP_Transmit                      0x080007a5   Thumb Code    42  stm32f1xx_hal_pcd.o(i.HAL_PCD_EP_Transmit)
    HAL_PCD_IRQHandler                       0x080007cf   Thumb Code   268  stm32f1xx_hal_pcd.o(i.HAL_PCD_IRQHandler)
    HAL_PCD_Init                             0x080008dd   Thumb Code   192  stm32f1xx_hal_pcd.o(i.HAL_PCD_Init)
    HAL_PCD_MspInit                          0x0800099d   Thumb Code    50  usbd_conf.o(i.HAL_PCD_MspInit)
    HAL_PCD_ResetCallback                    0x080009d9   Thumb Code    26  usbd_conf.o(i.HAL_PCD_ResetCallback)
    HAL_PCD_ResumeCallback                   0x080009f3   Thumb Code     8  usbd_conf.o(i.HAL_PCD_ResumeCallback)
    HAL_PCD_SOFCallback                      0x080009fb   Thumb Code     8  usbd_conf.o(i.HAL_PCD_SOFCallback)
    HAL_PCD_SetAddress                       0x08000a03   Thumb Code    40  stm32f1xx_hal_pcd.o(i.HAL_PCD_SetAddress)
    HAL_PCD_SetupStageCallback               0x08000a2b   Thumb Code    14  usbd_conf.o(i.HAL_PCD_SetupStageCallback)
    HAL_PCD_Start                            0x08000a39   Thumb Code    50  stm32f1xx_hal_pcd.o(i.HAL_PCD_Start)
    HAL_PCD_SuspendCallback                  0x08000a6d   Thumb Code    30  usbd_conf.o(i.HAL_PCD_SuspendCallback)
    HAL_RCCEx_PeriphCLKConfig                0x08000a91   Thumb Code   224  stm32f1xx_hal_rcc_ex.o(i.HAL_RCCEx_PeriphCLKConfig)
    HAL_RCC_ClockConfig                      0x08000b7d   Thumb Code   322  stm32f1xx_hal_rcc.o(i.HAL_RCC_ClockConfig)
    HAL_RCC_GetHCLKFreq                      0x08000cd1   Thumb Code     6  stm32f1xx_hal_rcc.o(i.HAL_RCC_GetHCLKFreq)
    HAL_RCC_GetPCLK1Freq                     0x08000cdd   Thumb Code    20  stm32f1xx_hal_rcc.o(i.HAL_RCC_GetPCLK1Freq)
    HAL_RCC_GetPCLK2Freq                     0x08000cfd   Thumb Code    20  stm32f1xx_hal_rcc.o(i.HAL_RCC_GetPCLK2Freq)
    HAL_RCC_GetSysClockFreq                  0x08000d1d   Thumb Code    74  stm32f1xx_hal_rcc.o(i.HAL_RCC_GetSysClockFreq)
    HAL_RCC_OscConfig                        0x08000d89   Thumb Code   750  stm32f1xx_hal_rcc.o(i.HAL_RCC_OscConfig)
    HAL_SYSTICK_CLKSourceConfig              0x0800108d   Thumb Code    24  stm32f1xx_hal_cortex.o(i.HAL_SYSTICK_CLKSourceConfig)
    HAL_SYSTICK_Config                       0x080010a5   Thumb Code    40  stm32f1xx_hal_cortex.o(i.HAL_SYSTICK_Config)
    HAL_UART_Init                            0x080010cd   Thumb Code    98  stm32f1xx_hal_uart.o(i.HAL_UART_Init)
    HAL_UART_MspInit                         0x08001131   Thumb Code    74  stm32f1xx_hal_msp.o(i.HAL_UART_MspInit)
    HAL_UART_Transmit                        0x08001189   Thumb Code   186  stm32f1xx_hal_uart.o(i.HAL_UART_Transmit)
    HardFault_Handler                        0x08001243   Thumb Code     2  stm32f1xx_it.o(i.HardFault_Handler)
    MX_USB_DEVICE_Init                       0x080012e5   Thumb Code    38  usb_device.o(i.MX_USB_DEVICE_Init)
    MemManage_Handler                        0x0800131d   Thumb Code     2  stm32f1xx_it.o(i.MemManage_Handler)
    NMI_Handler                              0x0800131f   Thumb Code     2  stm32f1xx_it.o(i.NMI_Handler)
    StartDefaultTask                         0x080016a5   Thumb Code    42  main.o(i.StartDefaultTask)
    StartTask02                              0x080016dd   Thumb Code    34  main.o(i.StartTask02)
    StartTask03                              0x0800170d   Thumb Code    34  main.o(i.StartTask03)
    SysTick_Handler                          0x0800173d   Thumb Code    14  stm32f1xx_it.o(i.SysTick_Handler)
    SystemClock_Config                       0x0800174b   Thumb Code   120  main.o(i.SystemClock_Config)
    SystemInit                               0x080017c5   Thumb Code    56  system_stm32f1xx.o(i.SystemInit)
    USBD_CDC_GetDeviceQualifierDescriptor    0x08001a85   Thumb Code     8  usbd_cdc.o(i.USBD_CDC_GetDeviceQualifierDescriptor)
    USBD_CDC_ReceivePacket                   0x08001b3d   Thumb Code    40  usbd_cdc.o(i.USBD_CDC_ReceivePacket)
    USBD_CDC_RegisterInterface               0x08001b65   Thumb Code    16  usbd_cdc.o(i.USBD_CDC_RegisterInterface)
    USBD_CDC_SetRxBuffer                     0x08001b75   Thumb Code    12  usbd_cdc.o(i.USBD_CDC_SetRxBuffer)
    USBD_CDC_SetTxBuffer                     0x08001b81   Thumb Code    16  usbd_cdc.o(i.USBD_CDC_SetTxBuffer)
    USBD_ClrClassConfig                      0x08001c01   Thumb Code    14  usbd_core.o(i.USBD_ClrClassConfig)
    USBD_CtlContinueRx                       0x08001c0f   Thumb Code    16  usbd_ioreq.o(i.USBD_CtlContinueRx)
    USBD_CtlContinueSendData                 0x08001c1f   Thumb Code    16  usbd_ioreq.o(i.USBD_CtlContinueSendData)
    USBD_CtlError                            0x08001c2f   Thumb Code    22  usbd_ctlreq.o(i.USBD_CtlError)
    USBD_CtlPrepareRx                        0x08001c45   Thumb Code    30  usbd_ioreq.o(i.USBD_CtlPrepareRx)
    USBD_CtlReceiveStatus                    0x08001c63   Thumb Code    22  usbd_ioreq.o(i.USBD_CtlReceiveStatus)
    USBD_CtlSendData                         0x08001c79   Thumb Code    26  usbd_ioreq.o(i.USBD_CtlSendData)
    USBD_CtlSendStatus                       0x08001c93   Thumb Code    22  usbd_ioreq.o(i.USBD_CtlSendStatus)
    USBD_FS_ConfigStrDescriptor              0x08001ca9   Thumb Code    16  usbd_desc.o(i.USBD_FS_ConfigStrDescriptor)
    USBD_FS_DeviceDescriptor                 0x08001cc9   Thumb Code     8  usbd_desc.o(i.USBD_FS_DeviceDescriptor)
    USBD_FS_InterfaceStrDescriptor           0x08001cd5   Thumb Code    16  usbd_desc.o(i.USBD_FS_InterfaceStrDescriptor)
    USBD_FS_LangIDStrDescriptor              0x08001cf9   Thumb Code     8  usbd_desc.o(i.USBD_FS_LangIDStrDescriptor)
    USBD_FS_ManufacturerStrDescriptor        0x08001d05   Thumb Code    16  usbd_desc.o(i.USBD_FS_ManufacturerStrDescriptor)
    USBD_FS_ProductStrDescriptor             0x08001d2d   Thumb Code    16  usbd_desc.o(i.USBD_FS_ProductStrDescriptor)
    USBD_FS_SerialStrDescriptor              0x08001d59   Thumb Code    16  usbd_desc.o(i.USBD_FS_SerialStrDescriptor)
    USBD_GetString                           0x08001e5d   Thumb Code    70  usbd_ctlreq.o(i.USBD_GetString)
    USBD_Init                                0x08001ea3   Thumb Code    42  usbd_core.o(i.USBD_Init)
    USBD_LL_ClearStallEP                     0x08001ecd   Thumb Code    32  usbd_conf.o(i.USBD_LL_ClearStallEP)
    USBD_LL_CloseEP                          0x08001eed   Thumb Code    32  usbd_conf.o(i.USBD_LL_CloseEP)
    USBD_LL_DataInStage                      0x08001f0d   Thumb Code   170  usbd_core.o(i.USBD_LL_DataInStage)
    USBD_LL_DataOutStage                     0x08001fb7   Thumb Code   106  usbd_core.o(i.USBD_LL_DataOutStage)
    USBD_LL_GetRxDataSize                    0x08002021   Thumb Code     8  usbd_conf.o(i.USBD_LL_GetRxDataSize)
    USBD_LL_Init                             0x08002029   Thumb Code   130  usbd_conf.o(i.USBD_LL_Init)
    USBD_LL_IsStallEP                        0x080020c9   Thumb Code    28  usbd_conf.o(i.USBD_LL_IsStallEP)
    USBD_LL_OpenEP                           0x080020e5   Thumb Code    38  usbd_conf.o(i.USBD_LL_OpenEP)
    USBD_LL_PrepareReceive                   0x0800210b   Thumb Code    32  usbd_conf.o(i.USBD_LL_PrepareReceive)
    USBD_LL_Reset                            0x0800212b   Thumb Code    62  usbd_core.o(i.USBD_LL_Reset)
    USBD_LL_Resume                           0x08002169   Thumb Code    12  usbd_core.o(i.USBD_LL_Resume)
    USBD_LL_SOF                              0x08002175   Thumb Code    24  usbd_core.o(i.USBD_LL_SOF)
    USBD_LL_SetSpeed                         0x0800218d   Thumb Code     6  usbd_core.o(i.USBD_LL_SetSpeed)
    USBD_LL_SetUSBAddress                    0x08002193   Thumb Code    32  usbd_conf.o(i.USBD_LL_SetUSBAddress)
    USBD_LL_SetupStage                       0x080021b3   Thumb Code    90  usbd_core.o(i.USBD_LL_SetupStage)
    USBD_LL_StallEP                          0x0800220d   Thumb Code    32  usbd_conf.o(i.USBD_LL_StallEP)
    USBD_LL_Start                            0x0800222d   Thumb Code    32  usbd_conf.o(i.USBD_LL_Start)
    USBD_LL_Suspend                          0x0800224d   Thumb Code    18  usbd_core.o(i.USBD_LL_Suspend)
    USBD_LL_Transmit                         0x0800225f   Thumb Code    32  usbd_conf.o(i.USBD_LL_Transmit)
    USBD_ParseSetupRequest                   0x0800227f   Thumb Code    40  usbd_ctlreq.o(i.USBD_ParseSetupRequest)
    USBD_RegisterClass                       0x080022a7   Thumb Code    16  usbd_core.o(i.USBD_RegisterClass)
    USBD_SetClassConfig                      0x080022b7   Thumb Code    22  usbd_core.o(i.USBD_SetClassConfig)
    USBD_Start                               0x08002341   Thumb Code    10  usbd_core.o(i.USBD_Start)
    USBD_StdDevReq                           0x0800234b   Thumb Code   242  usbd_ctlreq.o(i.USBD_StdDevReq)
    USBD_StdEPReq                            0x0800243d   Thumb Code   220  usbd_ctlreq.o(i.USBD_StdEPReq)
    USBD_StdItfReq                           0x08002519   Thumb Code    52  usbd_ctlreq.o(i.USBD_StdItfReq)
    USBD_static_free                         0x0800254d   Thumb Code     2  usbd_conf.o(i.USBD_static_free)
    USBD_static_malloc                       0x08002551   Thumb Code     4  usbd_conf.o(i.USBD_static_malloc)
    USB_ActivateEndpoint                     0x08002559   Thumb Code   604  stm32f1xx_ll_usb.o(i.USB_ActivateEndpoint)
    USB_CoreInit                             0x080027b5   Thumb Code     4  stm32f1xx_ll_usb.o(i.USB_CoreInit)
    USB_DeactivateEndpoint                   0x080027b9   Thumb Code   292  stm32f1xx_ll_usb.o(i.USB_DeactivateEndpoint)
    USB_DevConnect                           0x080028dd   Thumb Code     4  stm32f1xx_ll_usb.o(i.USB_DevConnect)
    USB_DevDisconnect                        0x080028e1   Thumb Code     4  stm32f1xx_ll_usb.o(i.USB_DevDisconnect)
    USB_DevInit                              0x080028e5   Thumb Code    30  stm32f1xx_ll_usb.o(i.USB_DevInit)
    USB_DisableGlobalInt                     0x08002903   Thumb Code    14  stm32f1xx_ll_usb.o(i.USB_DisableGlobalInt)
    USB_EP0_OutStart                         0x08002911   Thumb Code     4  stm32f1xx_ll_usb.o(i.USB_EP0_OutStart)
    USB_EPClearStall                         0x08002915   Thumb Code   106  stm32f1xx_ll_usb.o(i.USB_EPClearStall)
    USB_EPSetStall                           0x0800297f   Thumb Code    74  stm32f1xx_ll_usb.o(i.USB_EPSetStall)
    USB_EPStartXfer                          0x080029c9   Thumb Code   426  stm32f1xx_ll_usb.o(i.USB_EPStartXfer)
    USB_EnableGlobalInt                      0x08002b73   Thumb Code    14  stm32f1xx_ll_usb.o(i.USB_EnableGlobalInt)
    USB_LP_CAN1_RX0_IRQHandler               0x08002b81   Thumb Code     6  stm32f1xx_it.o(i.USB_LP_CAN1_RX0_IRQHandler)
    USB_ReadInterrupts                       0x08002b8d   Thumb Code     6  stm32f1xx_ll_usb.o(i.USB_ReadInterrupts)
    USB_ReadPMA                              0x08002b95   Thumb Code    30  stm32f1xx_ll_usb.o(i.USB_ReadPMA)
    USB_SetCurrentMode                       0x08002bb3   Thumb Code     4  stm32f1xx_ll_usb.o(i.USB_SetCurrentMode)
    USB_SetDevAddress                        0x08002bb7   Thumb Code    12  stm32f1xx_ll_usb.o(i.USB_SetDevAddress)
    USB_WritePMA                             0x08002bc3   Thumb Code    38  stm32f1xx_ll_usb.o(i.USB_WritePMA)
    UsageFault_Handler                       0x08002be9   Thumb Code     2  stm32f1xx_it.o(i.UsageFault_Handler)
    _Error_Handler                           0x08002beb   Thumb Code     2  main.o(i._Error_Handler)
    __scatterload_copy                       0x08002bed   Thumb Code    14  handlers.o(i.__scatterload_copy)
    __scatterload_null                       0x08002bfb   Thumb Code     2  handlers.o(i.__scatterload_null)
    __scatterload_zeroinit                   0x08002bfd   Thumb Code    14  handlers.o(i.__scatterload_zeroinit)
    main                                     0x08002c0d   Thumb Code   122  main.o(i.main)
    osDelay                                  0x08002ca5   Thumb Code    14  cmsis_os.o(i.osDelay)
    osKernelStart                            0x08002cb3   Thumb Code    10  cmsis_os.o(i.osKernelStart)
    osSystickHandler                         0x08002cbd   Thumb Code    20  cmsis_os.o(i.osSystickHandler)
    osThreadCreate                           0x08002cd1   Thumb Code    46  cmsis_os.o(i.osThreadCreate)
    pvPortMalloc                             0x0800303d   Thumb Code   210  heap_4.o(i.pvPortMalloc)
    pxPortInitialiseStack                    0x08003115   Thumb Code    32  port.o(i.pxPortInitialiseStack)
    uxListRemove                             0x08003139   Thumb Code    36  list.o(i.uxListRemove)
    vListInitialise                          0x0800315d   Thumb Code    22  list.o(i.vListInitialise)
    vListInitialiseItem                      0x08003173   Thumb Code     6  list.o(i.vListInitialiseItem)
    vListInsert                              0x08003179   Thumb Code    48  list.o(i.vListInsert)
    vListInsertEnd                           0x080031a9   Thumb Code    24  list.o(i.vListInsertEnd)
    vPortEnterCritical                       0x080031c1   Thumb Code    54  port.o(i.vPortEnterCritical)
    vPortExitCritical                        0x08003201   Thumb Code    34  port.o(i.vPortExitCritical)
    vPortFree                                0x08003229   Thumb Code    88  heap_4.o(i.vPortFree)
    vPortSetupTimerInterrupt                 0x08003285   Thumb Code    26  port.o(i.vPortSetupTimerInterrupt)
    vTaskDelay                               0x080032a5   Thumb Code    66  tasks.o(i.vTaskDelay)
    vTaskStartScheduler                      0x080032f1   Thumb Code    86  tasks.o(i.vTaskStartScheduler)
    vTaskSuspendAll                          0x08003359   Thumb Code    10  tasks.o(i.vTaskSuspendAll)
    vTaskSwitchContext                       0x08003369   Thumb Code    82  tasks.o(i.vTaskSwitchContext)
    xPortStartScheduler                      0x080033c5   Thumb Code   102  port.o(i.xPortStartScheduler)
    xPortSysTickHandler                      0x08003439   Thumb Code    38  port.o(i.xPortSysTickHandler)
    xTaskCreate                              0x08003465   Thumb Code    86  tasks.o(i.xTaskCreate)
    xTaskGetSchedulerState                   0x080034bd   Thumb Code    22  tasks.o(i.xTaskGetSchedulerState)
    xTaskIncrementTick                       0x080034d9   Thumb Code   192  tasks.o(i.xTaskIncrementTick)
    xTaskResumeAll                           0x080035a1   Thumb Code   182  tasks.o(i.xTaskResumeAll)
    AHBPrescTable                            0x08003664   Data          16  system_stm32f1xx.o(.constdata)
    APBPrescTable                            0x08003674   Data           8  system_stm32f1xx.o(.constdata)
    Region$$Table$$Base                      0x080036dc   Number         0  anon$$obj.o(Region$$Table)
    Region$$Table$$Limit                     0x080036fc   Number         0  anon$$obj.o(Region$$Table)
    SystemCoreClock                          0x20000000   Data           4  system_stm32f1xx.o(.data)
    USBD_CDC_CfgHSDesc                       0x20000018   Data          67  usbd_cdc.o(.data)
    USBD_CDC_CfgFSDesc                       0x2000005c   Data          67  usbd_cdc.o(.data)
    USBD_CDC_OtherSpeedCfgDesc               0x200000a0   Data          67  usbd_cdc.o(.data)
    USBD_CDC                                 0x200000e4   Data          56  usbd_cdc.o(.data)
    FS_Desc                                  0x2000011c   Data          28  usbd_desc.o(.data)
    USBD_LangIDDesc                          0x20000138   Data           4  usbd_desc.o(.data)
    USBD_FS_DeviceDesc                       0x2000013c   Data          18  usbd_desc.o(.data)
    USBD_Interface_fops_FS                   0x20000150   Data          16  usbd_cdc_if.o(.data)
    defaultTaskHandle                        0x20000160   Data           4  main.o(.data)
    myTask02Handle                           0x20000164   Data           4  main.o(.data)
    myTask03Handle                           0x20000168   Data           4  main.o(.data)
    data1                                    0x2000016c   Data          10  main.o(.data)
    data2                                    0x20000176   Data          10  main.o(.data)
    data3                                    0x20000180   Data          10  main.o(.data)
    uwTickFreq                               0x2000018c   Data           1  stm32f1xx_hal.o(.data)
    uwTickPrio                               0x20000190   Data           4  stm32f1xx_hal.o(.data)
    uwTick                                   0x20000194   Data           4  stm32f1xx_hal.o(.data)
    pxCurrentTCB                             0x20000198   Data           4  tasks.o(.data)
    USBD_StrDesc                             0x200001f8   Data         512  usbd_desc.o(.bss)
    UserRxBufferFS                           0x200003f8   Data        1000  usbd_cdc_if.o(.bss)
    UserTxBufferFS                           0x200007e0   Data        1000  usbd_cdc_if.o(.bss)
    hpcd_USB_FS                              0x20000de8   Data        1120  usbd_conf.o(.bss)
    huart2                                   0x20001248   Data          64  main.o(.bss)
    hUsbDeviceFS                             0x20001288   Data         548  usb_device.o(.bss)
    __initial_sp                             0x200025a0   Data           0  startup_stm32f103xb.o(STACK)



==============================================================================

Memory Map of the image

  Image Entry point : 0x080000ed

  Load Region LR_IROM1 (Base: 0x08000000, Size: 0x000038f4, Max: 0x00010000, ABSOLUTE, COMPRESSED[0x000037d4])

    Execution Region ER_IROM1 (Exec base: 0x08000000, Load base: 0x08000000, Size: 0x000036fc, Max: 0x00010000, ABSOLUTE)

    Exec Addr    Load Addr    Size         Type   Attr      Idx    E Section Name        Object

    0x08000000   0x08000000   0x000000ec   Data   RO            3    RESET               startup_stm32f103xb.o
    0x080000ec   0x080000ec   0x00000000   Code   RO         3929  * .ARM.Collect$$$$00000000  mc_w.l(entry.o)
    0x080000ec   0x080000ec   0x00000004   Code   RO         3938    .ARM.Collect$$$$00000001  mc_w.l(entry2.o)
    0x080000f0   0x080000f0   0x00000004   Code   RO         3941    .ARM.Collect$$$$00000004  mc_w.l(entry5.o)
    0x080000f4   0x080000f4   0x00000000   Code   RO         3943    .ARM.Collect$$$$00000008  mc_w.l(entry7b.o)
    0x080000f4   0x080000f4   0x00000000   Code   RO         3945    .ARM.Collect$$$$0000000A  mc_w.l(entry8b.o)
    0x080000f4   0x080000f4   0x00000008   Code   RO         3946    .ARM.Collect$$$$0000000B  mc_w.l(entry9a.o)
    0x080000fc   0x080000fc   0x00000000   Code   RO         3948    .ARM.Collect$$$$0000000D  mc_w.l(entry10a.o)
    0x080000fc   0x080000fc   0x00000000   Code   RO         3950    .ARM.Collect$$$$0000000F  mc_w.l(entry11a.o)
    0x080000fc   0x080000fc   0x00000004   Code   RO         3939    .ARM.Collect$$$$00002712  mc_w.l(entry2.o)
    0x08000100   0x08000100   0x00000096   Code   RO         3816    .emb_text           port.o
    0x08000196   0x08000196   0x00000002   PAD
    0x08000198   0x08000198   0x00000024   Code   RO            4    .text               startup_stm32f103xb.o
    0x080001bc   0x080001bc   0x00000024   Code   RO         3934    .text               mc_w.l(memcpya.o)
    0x080001e0   0x080001e0   0x00000024   Code   RO         3952    .text               mc_w.l(init.o)
    0x08000204   0x08000204   0x00000056   Code   RO         3962    .text               mc_w.l(__dczerorl2.o)
    0x0800025a   0x0800025a   0x00000002   Code   RO          530    i.BusFault_Handler  stm32f1xx_it.o
    0x0800025c   0x0800025c   0x00000004   Code   RO          765    i.CDC_Control_FS    usbd_cdc_if.o
    0x08000260   0x08000260   0x00000004   Code   RO          766    i.CDC_DeInit_FS     usbd_cdc_if.o
    0x08000264   0x08000264   0x00000024   Code   RO          767    i.CDC_Init_FS       usbd_cdc_if.o
    0x08000288   0x08000288   0x00000018   Code   RO          768    i.CDC_Receive_FS    usbd_cdc_if.o
    0x080002a0   0x080002a0   0x00000002   Code   RO          531    i.DebugMon_Handler  stm32f1xx_it.o
    0x080002a2   0x080002a2   0x00000002   PAD
    0x080002a4   0x080002a4   0x000001bc   Code   RO         1919    i.HAL_GPIO_Init     stm32f1xx_hal_gpio.o
    0x08000460   0x08000460   0x00000008   Code   RO         1922    i.HAL_GPIO_TogglePin  stm32f1xx_hal_gpio.o
    0x08000468   0x08000468   0x0000000a   Code   RO         1923    i.HAL_GPIO_WritePin  stm32f1xx_hal_gpio.o
    0x08000472   0x08000472   0x00000002   PAD
    0x08000474   0x08000474   0x0000000c   Code   RO         2280    i.HAL_GetTick       stm32f1xx_hal.o
    0x08000480   0x08000480   0x00000010   Code   RO         2284    i.HAL_IncTick       stm32f1xx_hal.o
    0x08000490   0x08000490   0x00000024   Code   RO         2285    i.HAL_Init          stm32f1xx_hal.o
    0x080004b4   0x080004b4   0x00000040   Code   RO         2286    i.HAL_InitTick      stm32f1xx_hal.o
    0x080004f4   0x080004f4   0x00000080   Code   RO          645    i.HAL_MspInit       stm32f1xx_hal_msp.o
    0x08000574   0x08000574   0x00000016   Code   RO         1578    i.HAL_NVIC_EnableIRQ  stm32f1xx_hal_cortex.o
    0x0800058a   0x0800058a   0x00000002   PAD
    0x0800058c   0x0800058c   0x00000040   Code   RO         1584    i.HAL_NVIC_SetPriority  stm32f1xx_hal_cortex.o
    0x080005cc   0x080005cc   0x00000024   Code   RO         1585    i.HAL_NVIC_SetPriorityGrouping  stm32f1xx_hal_cortex.o
    0x080005f0   0x080005f0   0x00000034   Code   RO         1451    i.HAL_PCDEx_PMAConfig  stm32f1xx_hal_pcd_ex.o
    0x08000624   0x08000624   0x00000002   Code   RO          821    i.HAL_PCDEx_SetConnectionState  usbd_conf.o
    0x08000626   0x08000626   0x0000000e   Code   RO          823    i.HAL_PCD_DataInStageCallback  usbd_conf.o
    0x08000634   0x08000634   0x00000010   Code   RO          824    i.HAL_PCD_DataOutStageCallback  usbd_conf.o
    0x08000644   0x08000644   0x00000040   Code   RO         2027    i.HAL_PCD_EP_Close  stm32f1xx_hal_pcd.o
    0x08000684   0x08000684   0x00000048   Code   RO         2028    i.HAL_PCD_EP_ClrStall  stm32f1xx_hal_pcd.o
    0x080006cc   0x080006cc   0x00000010   Code   RO         2030    i.HAL_PCD_EP_GetRxCount  stm32f1xx_hal_pcd.o
    0x080006dc   0x080006dc   0x00000044   Code   RO         2031    i.HAL_PCD_EP_Open   stm32f1xx_hal_pcd.o
    0x08000720   0x08000720   0x0000002e   Code   RO         2032    i.HAL_PCD_EP_Receive  stm32f1xx_hal_pcd.o
    0x0800074e   0x0800074e   0x00000056   Code   RO         2033    i.HAL_PCD_EP_SetStall  stm32f1xx_hal_pcd.o
    0x080007a4   0x080007a4   0x0000002a   Code   RO         2034    i.HAL_PCD_EP_Transmit  stm32f1xx_hal_pcd.o
    0x080007ce   0x080007ce   0x0000010c   Code   RO         2036    i.HAL_PCD_IRQHandler  stm32f1xx_hal_pcd.o
    0x080008da   0x080008da   0x00000002   PAD
    0x080008dc   0x080008dc   0x000000c0   Code   RO         2039    i.HAL_PCD_Init      stm32f1xx_hal_pcd.o
    0x0800099c   0x0800099c   0x0000003c   Code   RO          829    i.HAL_PCD_MspInit   usbd_conf.o
    0x080009d8   0x080009d8   0x0000001a   Code   RO          830    i.HAL_PCD_ResetCallback  usbd_conf.o
    0x080009f2   0x080009f2   0x00000008   Code   RO          831    i.HAL_PCD_ResumeCallback  usbd_conf.o
    0x080009fa   0x080009fa   0x00000008   Code   RO          832    i.HAL_PCD_SOFCallback  usbd_conf.o
    0x08000a02   0x08000a02   0x00000028   Code   RO         2045    i.HAL_PCD_SetAddress  stm32f1xx_hal_pcd.o
    0x08000a2a   0x08000a2a   0x0000000e   Code   RO          833    i.HAL_PCD_SetupStageCallback  usbd_conf.o
    0x08000a38   0x08000a38   0x00000032   Code   RO         2047    i.HAL_PCD_Start     stm32f1xx_hal_pcd.o
    0x08000a6a   0x08000a6a   0x00000002   PAD
    0x08000a6c   0x08000a6c   0x00000024   Code   RO          834    i.HAL_PCD_SuspendCallback  usbd_conf.o
    0x08000a90   0x08000a90   0x000000ec   Code   RO         2235    i.HAL_RCCEx_PeriphCLKConfig  stm32f1xx_hal_rcc_ex.o
    0x08000b7c   0x08000b7c   0x00000154   Code   RO         1730    i.HAL_RCC_ClockConfig  stm32f1xx_hal_rcc.o
    0x08000cd0   0x08000cd0   0x0000000c   Code   RO         1735    i.HAL_RCC_GetHCLKFreq  stm32f1xx_hal_rcc.o
    0x08000cdc   0x08000cdc   0x00000020   Code   RO         1737    i.HAL_RCC_GetPCLK1Freq  stm32f1xx_hal_rcc.o
    0x08000cfc   0x08000cfc   0x00000020   Code   RO         1738    i.HAL_RCC_GetPCLK2Freq  stm32f1xx_hal_rcc.o
    0x08000d1c   0x08000d1c   0x0000006c   Code   RO         1739    i.HAL_RCC_GetSysClockFreq  stm32f1xx_hal_rcc.o
    0x08000d88   0x08000d88   0x00000304   Code   RO         1742    i.HAL_RCC_OscConfig  stm32f1xx_hal_rcc.o
    0x0800108c   0x0800108c   0x00000018   Code   RO         1587    i.HAL_SYSTICK_CLKSourceConfig  stm32f1xx_hal_cortex.o
    0x080010a4   0x080010a4   0x00000028   Code   RO         1589    i.HAL_SYSTICK_Config  stm32f1xx_hal_cortex.o
    0x080010cc   0x080010cc   0x00000062   Code   RO         2556    i.HAL_UART_Init     stm32f1xx_hal_uart.o
    0x0800112e   0x0800112e   0x00000002   PAD
    0x08001130   0x08001130   0x00000058   Code   RO          647    i.HAL_UART_MspInit  stm32f1xx_hal_msp.o
    0x08001188   0x08001188   0x000000ba   Code   RO         2564    i.HAL_UART_Transmit  stm32f1xx_hal_uart.o
    0x08001242   0x08001242   0x00000002   Code   RO          532    i.HardFault_Handler  stm32f1xx_it.o
    0x08001244   0x08001244   0x000000a0   Code   RO         1028    i.MX_GPIO_Init      main.o
    0x080012e4   0x080012e4   0x00000038   Code   RO         1100    i.MX_USB_DEVICE_Init  usb_device.o
    0x0800131c   0x0800131c   0x00000002   Code   RO          533    i.MemManage_Handler  stm32f1xx_it.o
    0x0800131e   0x0800131e   0x00000002   Code   RO          534    i.NMI_Handler       stm32f1xx_it.o
    0x08001320   0x08001320   0x00000020   Code   RO         1591    i.NVIC_SetPriority  stm32f1xx_hal_cortex.o
    0x08001340   0x08001340   0x00000362   Code   RO         2050    i.PCD_EP_ISR_Handler  stm32f1xx_hal_pcd.o
    0x080016a2   0x080016a2   0x00000002   PAD
    0x080016a4   0x080016a4   0x00000038   Code   RO         1029    i.StartDefaultTask  main.o
    0x080016dc   0x080016dc   0x00000030   Code   RO         1030    i.StartTask02       main.o
    0x0800170c   0x0800170c   0x00000030   Code   RO         1031    i.StartTask03       main.o
    0x0800173c   0x0800173c   0x0000000e   Code   RO          535    i.SysTick_Handler   stm32f1xx_it.o
    0x0800174a   0x0800174a   0x00000078   Code   RO         1032    i.SystemClock_Config  main.o
    0x080017c2   0x080017c2   0x00000002   PAD
    0x080017c4   0x080017c4   0x00000048   Code   RO           14    i.SystemInit        system_stm32f1xx.o
    0x0800180c   0x0800180c   0x00000170   Code   RO         2582    i.UART_SetConfig    stm32f1xx_hal_uart.o
    0x0800197c   0x0800197c   0x00000064   Code   RO         2584    i.UART_WaitOnFlagUntilTimeout  stm32f1xx_hal_uart.o
    0x080019e0   0x080019e0   0x00000014   Code   RO          420    i.USBD_CDC_DataIn   usbd_cdc.o
    0x080019f4   0x080019f4   0x0000002e   Code   RO          421    i.USBD_CDC_DataOut  usbd_cdc.o
    0x08001a22   0x08001a22   0x0000003c   Code   RO          422    i.USBD_CDC_DeInit   usbd_cdc.o
    0x08001a5e   0x08001a5e   0x00000024   Code   RO          423    i.USBD_CDC_EP0_RxReady  usbd_cdc.o
    0x08001a82   0x08001a82   0x00000002   PAD
    0x08001a84   0x08001a84   0x0000000c   Code   RO          424    i.USBD_CDC_GetDeviceQualifierDescriptor  usbd_cdc.o
    0x08001a90   0x08001a90   0x0000000c   Code   RO          425    i.USBD_CDC_GetFSCfgDesc  usbd_cdc.o
    0x08001a9c   0x08001a9c   0x0000000c   Code   RO          426    i.USBD_CDC_GetHSCfgDesc  usbd_cdc.o
    0x08001aa8   0x08001aa8   0x0000000c   Code   RO          427    i.USBD_CDC_GetOtherSpeedCfgDesc  usbd_cdc.o
    0x08001ab4   0x08001ab4   0x00000088   Code   RO          428    i.USBD_CDC_Init     usbd_cdc.o
    0x08001b3c   0x08001b3c   0x00000028   Code   RO          429    i.USBD_CDC_ReceivePacket  usbd_cdc.o
    0x08001b64   0x08001b64   0x00000010   Code   RO          430    i.USBD_CDC_RegisterInterface  usbd_cdc.o
    0x08001b74   0x08001b74   0x0000000c   Code   RO          431    i.USBD_CDC_SetRxBuffer  usbd_cdc.o
    0x08001b80   0x08001b80   0x00000010   Code   RO          432    i.USBD_CDC_SetTxBuffer  usbd_cdc.o
    0x08001b90   0x08001b90   0x00000070   Code   RO          433    i.USBD_CDC_Setup    usbd_cdc.o
    0x08001c00   0x08001c00   0x0000000e   Code   RO          132    i.USBD_ClrClassConfig  usbd_core.o
    0x08001c0e   0x08001c0e   0x00000010   Code   RO          360    i.USBD_CtlContinueRx  usbd_ioreq.o
    0x08001c1e   0x08001c1e   0x00000010   Code   RO          361    i.USBD_CtlContinueSendData  usbd_ioreq.o
    0x08001c2e   0x08001c2e   0x00000016   Code   RO          295    i.USBD_CtlError     usbd_ctlreq.o
    0x08001c44   0x08001c44   0x0000001e   Code   RO          362    i.USBD_CtlPrepareRx  usbd_ioreq.o
    0x08001c62   0x08001c62   0x00000016   Code   RO          363    i.USBD_CtlReceiveStatus  usbd_ioreq.o
    0x08001c78   0x08001c78   0x0000001a   Code   RO          364    i.USBD_CtlSendData  usbd_ioreq.o
    0x08001c92   0x08001c92   0x00000016   Code   RO          365    i.USBD_CtlSendStatus  usbd_ioreq.o
    0x08001ca8   0x08001ca8   0x00000020   Code   RO          697    i.USBD_FS_ConfigStrDescriptor  usbd_desc.o
    0x08001cc8   0x08001cc8   0x0000000c   Code   RO          698    i.USBD_FS_DeviceDescriptor  usbd_desc.o
    0x08001cd4   0x08001cd4   0x00000024   Code   RO          699    i.USBD_FS_InterfaceStrDescriptor  usbd_desc.o
    0x08001cf8   0x08001cf8   0x0000000c   Code   RO          700    i.USBD_FS_LangIDStrDescriptor  usbd_desc.o
    0x08001d04   0x08001d04   0x00000028   Code   RO          701    i.USBD_FS_ManufacturerStrDescriptor  usbd_desc.o
    0x08001d2c   0x08001d2c   0x0000002c   Code   RO          702    i.USBD_FS_ProductStrDescriptor  usbd_desc.o
    0x08001d58   0x08001d58   0x00000024   Code   RO          703    i.USBD_FS_SerialStrDescriptor  usbd_desc.o
    0x08001d7c   0x08001d7c   0x000000e0   Code   RO          296    i.USBD_GetDescriptor  usbd_ctlreq.o
    0x08001e5c   0x08001e5c   0x00000046   Code   RO          297    i.USBD_GetString    usbd_ctlreq.o
    0x08001ea2   0x08001ea2   0x0000002a   Code   RO          134    i.USBD_Init         usbd_core.o
    0x08001ecc   0x08001ecc   0x00000020   Code   RO          835    i.USBD_LL_ClearStallEP  usbd_conf.o
    0x08001eec   0x08001eec   0x00000020   Code   RO          836    i.USBD_LL_CloseEP   usbd_conf.o
    0x08001f0c   0x08001f0c   0x000000aa   Code   RO          135    i.USBD_LL_DataInStage  usbd_core.o
    0x08001fb6   0x08001fb6   0x0000006a   Code   RO          136    i.USBD_LL_DataOutStage  usbd_core.o
    0x08002020   0x08002020   0x00000008   Code   RO          840    i.USBD_LL_GetRxDataSize  usbd_conf.o
    0x08002028   0x08002028   0x000000a0   Code   RO          841    i.USBD_LL_Init      usbd_conf.o
    0x080020c8   0x080020c8   0x0000001c   Code   RO          842    i.USBD_LL_IsStallEP  usbd_conf.o
    0x080020e4   0x080020e4   0x00000026   Code   RO          843    i.USBD_LL_OpenEP    usbd_conf.o
    0x0800210a   0x0800210a   0x00000020   Code   RO          844    i.USBD_LL_PrepareReceive  usbd_conf.o
    0x0800212a   0x0800212a   0x0000003e   Code   RO          141    i.USBD_LL_Reset     usbd_core.o
    0x08002168   0x08002168   0x0000000c   Code   RO          142    i.USBD_LL_Resume    usbd_core.o
    0x08002174   0x08002174   0x00000018   Code   RO          143    i.USBD_LL_SOF       usbd_core.o
    0x0800218c   0x0800218c   0x00000006   Code   RO          144    i.USBD_LL_SetSpeed  usbd_core.o
    0x08002192   0x08002192   0x00000020   Code   RO          845    i.USBD_LL_SetUSBAddress  usbd_conf.o
    0x080021b2   0x080021b2   0x0000005a   Code   RO          145    i.USBD_LL_SetupStage  usbd_core.o
    0x0800220c   0x0800220c   0x00000020   Code   RO          846    i.USBD_LL_StallEP   usbd_conf.o
    0x0800222c   0x0800222c   0x00000020   Code   RO          847    i.USBD_LL_Start     usbd_conf.o
    0x0800224c   0x0800224c   0x00000012   Code   RO          146    i.USBD_LL_Suspend   usbd_core.o
    0x0800225e   0x0800225e   0x00000020   Code   RO          849    i.USBD_LL_Transmit  usbd_conf.o
    0x0800227e   0x0800227e   0x00000028   Code   RO          298    i.USBD_ParseSetupRequest  usbd_ctlreq.o
    0x080022a6   0x080022a6   0x00000010   Code   RO          147    i.USBD_RegisterClass  usbd_core.o
    0x080022b6   0x080022b6   0x00000016   Code   RO          149    i.USBD_SetClassConfig  usbd_core.o
    0x080022cc   0x080022cc   0x00000074   Code   RO          299    i.USBD_SetConfig    usbd_ctlreq.o
    0x08002340   0x08002340   0x0000000a   Code   RO          150    i.USBD_Start        usbd_core.o
    0x0800234a   0x0800234a   0x000000f2   Code   RO          300    i.USBD_StdDevReq    usbd_ctlreq.o
    0x0800243c   0x0800243c   0x000000dc   Code   RO          301    i.USBD_StdEPReq     usbd_ctlreq.o
    0x08002518   0x08002518   0x00000034   Code   RO          302    i.USBD_StdItfReq    usbd_ctlreq.o
    0x0800254c   0x0800254c   0x00000002   Code   RO          850    i.USBD_static_free  usbd_conf.o
    0x0800254e   0x0800254e   0x00000002   PAD
    0x08002550   0x08002550   0x00000008   Code   RO          851    i.USBD_static_malloc  usbd_conf.o
    0x08002558   0x08002558   0x0000025c   Code   RO         1259    i.USB_ActivateEndpoint  stm32f1xx_ll_usb.o
    0x080027b4   0x080027b4   0x00000004   Code   RO         1262    i.USB_CoreInit      stm32f1xx_ll_usb.o
    0x080027b8   0x080027b8   0x00000124   Code   RO         1264    i.USB_DeactivateEndpoint  stm32f1xx_ll_usb.o
    0x080028dc   0x080028dc   0x00000004   Code   RO         1265    i.USB_DevConnect    stm32f1xx_ll_usb.o
    0x080028e0   0x080028e0   0x00000004   Code   RO         1266    i.USB_DevDisconnect  stm32f1xx_ll_usb.o
    0x080028e4   0x080028e4   0x0000001e   Code   RO         1267    i.USB_DevInit       stm32f1xx_ll_usb.o
    0x08002902   0x08002902   0x0000000e   Code   RO         1268    i.USB_DisableGlobalInt  stm32f1xx_ll_usb.o
    0x08002910   0x08002910   0x00000004   Code   RO         1269    i.USB_EP0_OutStart  stm32f1xx_ll_usb.o
    0x08002914   0x08002914   0x0000006a   Code   RO         1270    i.USB_EPClearStall  stm32f1xx_ll_usb.o
    0x0800297e   0x0800297e   0x0000004a   Code   RO         1271    i.USB_EPSetStall    stm32f1xx_ll_usb.o
    0x080029c8   0x080029c8   0x000001aa   Code   RO         1272    i.USB_EPStartXfer   stm32f1xx_ll_usb.o
    0x08002b72   0x08002b72   0x0000000e   Code   RO         1273    i.USB_EnableGlobalInt  stm32f1xx_ll_usb.o
    0x08002b80   0x08002b80   0x0000000c   Code   RO          536    i.USB_LP_CAN1_RX0_IRQHandler  stm32f1xx_it.o
    0x08002b8c   0x08002b8c   0x00000006   Code   RO         1280    i.USB_ReadInterrupts  stm32f1xx_ll_usb.o
    0x08002b92   0x08002b92   0x00000002   PAD
    0x08002b94   0x08002b94   0x0000001e   Code   RO         1281    i.USB_ReadPMA       stm32f1xx_ll_usb.o
    0x08002bb2   0x08002bb2   0x00000004   Code   RO         1283    i.USB_SetCurrentMode  stm32f1xx_ll_usb.o
    0x08002bb6   0x08002bb6   0x0000000c   Code   RO         1284    i.USB_SetDevAddress  stm32f1xx_ll_usb.o
    0x08002bc2   0x08002bc2   0x00000026   Code   RO         1286    i.USB_WritePMA      stm32f1xx_ll_usb.o
    0x08002be8   0x08002be8   0x00000002   Code   RO          537    i.UsageFault_Handler  stm32f1xx_it.o
    0x08002bea   0x08002bea   0x00000002   Code   RO         1033    i._Error_Handler    main.o
    0x08002bec   0x08002bec   0x0000000e   Code   RO         3956    i.__scatterload_copy  mc_w.l(handlers.o)
    0x08002bfa   0x08002bfa   0x00000002   Code   RO         3957    i.__scatterload_null  mc_w.l(handlers.o)
    0x08002bfc   0x08002bfc   0x0000000e   Code   RO         3958    i.__scatterload_zeroinit  mc_w.l(handlers.o)
    0x08002c0a   0x08002c0a   0x00000002   PAD
    0x08002c0c   0x08002c0c   0x0000008c   Code   RO         1034    i.main              main.o
    0x08002c98   0x08002c98   0x0000000c   Code   RO         3375    i.makeFreeRtosPriority  cmsis_os.o
    0x08002ca4   0x08002ca4   0x0000000e   Code   RO         3377    i.osDelay           cmsis_os.o
    0x08002cb2   0x08002cb2   0x0000000a   Code   RO         3380    i.osKernelStart     cmsis_os.o
    0x08002cbc   0x08002cbc   0x00000014   Code   RO         3413    i.osSystickHandler  cmsis_os.o
    0x08002cd0   0x08002cd0   0x0000002e   Code   RO         3414    i.osThreadCreate    cmsis_os.o
    0x08002cfe   0x08002cfe   0x00000002   PAD
    0x08002d00   0x08002d00   0x00000070   Code   RO         3016    i.prvAddCurrentTaskToDelayedList  tasks.o
    0x08002d70   0x08002d70   0x000000d0   Code   RO         3017    i.prvAddNewTaskToReadyList  tasks.o
    0x08002e40   0x08002e40   0x00000050   Code   RO         3018    i.prvCheckTasksWaitingTermination  tasks.o
    0x08002e90   0x08002e90   0x00000014   Code   RO         3019    i.prvDeleteTCB      tasks.o
    0x08002ea4   0x08002ea4   0x0000004c   Code   RO         3304    i.prvHeapInit       heap_4.o
    0x08002ef0   0x08002ef0   0x00000028   Code   RO         3020    i.prvIdleTask       tasks.o
    0x08002f18   0x08002f18   0x0000008e   Code   RO         3021    i.prvInitialiseNewTask  tasks.o
    0x08002fa6   0x08002fa6   0x00000002   PAD
    0x08002fa8   0x08002fa8   0x0000004c   Code   RO         3305    i.prvInsertBlockIntoFreeList  heap_4.o
    0x08002ff4   0x08002ff4   0x00000020   Code   RO         3022    i.prvResetNextTaskUnblockTime  tasks.o
    0x08003014   0x08003014   0x00000028   Code   RO         3817    i.prvTaskExitError  port.o
    0x0800303c   0x0800303c   0x000000d8   Code   RO         3306    i.pvPortMalloc      heap_4.o
    0x08003114   0x08003114   0x00000024   Code   RO         3818    i.pxPortInitialiseStack  port.o
    0x08003138   0x08003138   0x00000024   Code   RO         3893    i.uxListRemove      list.o
    0x0800315c   0x0800315c   0x00000016   Code   RO         3894    i.vListInitialise   list.o
    0x08003172   0x08003172   0x00000006   Code   RO         3895    i.vListInitialiseItem  list.o
    0x08003178   0x08003178   0x00000030   Code   RO         3896    i.vListInsert       list.o
    0x080031a8   0x080031a8   0x00000018   Code   RO         3897    i.vListInsertEnd    list.o
    0x080031c0   0x080031c0   0x00000040   Code   RO         3820    i.vPortEnterCritical  port.o
    0x08003200   0x08003200   0x00000028   Code   RO         3821    i.vPortExitCritical  port.o
    0x08003228   0x08003228   0x0000005c   Code   RO         3307    i.vPortFree         heap_4.o
    0x08003284   0x08003284   0x00000020   Code   RO         3822    i.vPortSetupTimerInterrupt  port.o
    0x080032a4   0x080032a4   0x0000004c   Code   RO         3030    i.vTaskDelay        tasks.o
    0x080032f0   0x080032f0   0x00000068   Code   RO         3041    i.vTaskStartScheduler  tasks.o
    0x08003358   0x08003358   0x00000010   Code   RO         3043    i.vTaskSuspendAll   tasks.o
    0x08003368   0x08003368   0x0000005c   Code   RO         3044    i.vTaskSwitchContext  tasks.o
    0x080033c4   0x080033c4   0x00000074   Code   RO         3824    i.xPortStartScheduler  port.o
    0x08003438   0x08003438   0x0000002c   Code   RO         3825    i.xPortSysTickHandler  port.o
    0x08003464   0x08003464   0x00000056   Code   RO         3046    i.xTaskCreate       tasks.o
    0x080034ba   0x080034ba   0x00000002   PAD
    0x080034bc   0x080034bc   0x0000001c   Code   RO         3050    i.xTaskGetSchedulerState  tasks.o
    0x080034d8   0x080034d8   0x000000c8   Code   RO         3053    i.xTaskIncrementTick  tasks.o
    0x080035a0   0x080035a0   0x000000c4   Code   RO         3059    i.xTaskResumeAll    tasks.o
    0x08003664   0x08003664   0x00000010   Data   RO           15    .constdata          system_stm32f1xx.o
    0x08003674   0x08003674   0x00000008   Data   RO           16    .constdata          system_stm32f1xx.o
    0x0800367c   0x0800367c   0x0000003c   Data   RO         1036    .constdata          main.o
    0x080036b8   0x080036b8   0x00000024   Data   RO         1037    .conststring        main.o
    0x080036dc   0x080036dc   0x00000020   Data   RO         3954    Region$$Table       anon$$obj.o


    Execution Region RW_IRAM1 (Exec base: 0x20000000, Load base: 0x080036fc, Size: 0x000025a0, Max: 0x00005000, ABSOLUTE, COMPRESSED[0x000000d8])

    Exec Addr    Load Addr    Size         Type   Attr      Idx    E Section Name        Object

    0x20000000   COMPRESSED   0x00000004   Data   RW           17    .data               system_stm32f1xx.o
    0x20000004   COMPRESSED   0x00000001   Data   RW          303    .data               usbd_ctlreq.o
    0x20000005   COMPRESSED   0x00000003   PAD
    0x20000008   COMPRESSED   0x000000db   Data   RW          435    .data               usbd_cdc.o
    0x200000e3   COMPRESSED   0x00000001   PAD
    0x200000e4   COMPRESSED   0x00000038   Data   RW          436    .data               usbd_cdc.o
    0x2000011c   COMPRESSED   0x0000001c   Data   RW          705    .data               usbd_desc.o
    0x20000138   COMPRESSED   0x00000016   Data   RW          706    .data               usbd_desc.o
    0x2000014e   COMPRESSED   0x00000002   PAD
    0x20000150   COMPRESSED   0x00000010   Data   RW          771    .data               usbd_cdc_if.o
    0x20000160   COMPRESSED   0x0000002a   Data   RW         1038    .data               main.o
    0x2000018a   COMPRESSED   0x00000002   PAD
    0x2000018c   COMPRESSED   0x0000000c   Data   RW         2292    .data               stm32f1xx_hal.o
    0x20000198   COMPRESSED   0x0000003c   Data   RW         3062    .data               tasks.o
    0x200001d4   COMPRESSED   0x00000018   Data   RW         3312    .data               heap_4.o
    0x200001ec   COMPRESSED   0x0000000c   Data   RW         3826    .data               port.o
    0x200001f8        -       0x00000200   Zero   RW          704    .bss                usbd_desc.o
    0x200003f8        -       0x000007d0   Zero   RW          770    .bss                usbd_cdc_if.o
    0x20000bc8        -       0x00000680   Zero   RW          852    .bss                usbd_conf.o
    0x20001248        -       0x00000040   Zero   RW         1035    .bss                main.o
    0x20001288        -       0x00000224   Zero   RW         1101    .bss                usb_device.o
    0x200014ac        -       0x000000f0   Zero   RW         3061    .bss                tasks.o
    0x2000159c        -       0x00000c00   Zero   RW         3311    .bss                heap_4.o
    0x2000219c   COMPRESSED   0x00000004   PAD
    0x200021a0        -       0x00000400   Zero   RW            1    STACK               startup_stm32f103xb.o


==============================================================================

Image component sizes


      Code (inc. data)   RO Data    RW Data    ZI Data      Debug   Object Name

       102          0          0          0          0      13424   cmsis_os.o
       460         24          0         24       3072       7423   heap_4.o
       136          0          0          0          0       3542   list.o
       574         74         96         42         64       5055   main.o
       522         62          0         12          0      10476   port.o
         0          0          0          0          0       9644   queue.o
        36          8        236          0       1024        828   startup_stm32f103xb.o
       128         24          0         12          0       3389   stm32f1xx_hal.o
       218         14          0          0          0      26529   stm32f1xx_hal_cortex.o
       462         36          0          0          0       3557   stm32f1xx_hal_gpio.o
       216         24          0          0          0       1601   stm32f1xx_hal_msp.o
      1810          0          0          0          0      10349   stm32f1xx_hal_pcd.o
        52          0          0          0          0       1222   stm32f1xx_hal_pcd_ex.o
      1296        104          0          0          0       5816   stm32f1xx_hal_rcc.o
       236         12          0          0          0       1440   stm32f1xx_hal_rcc_ex.o
       752          4          0          0          0       4044   stm32f1xx_hal_uart.o
        38          6          0          0          0      24484   stm32f1xx_it.o
      1666          0          0          0          0      13079   stm32f1xx_ll_usb.o
        72         16         24          4          0     418295   system_stm32f1xx.o
      1432        122          0         60        240      16019   tasks.o
        56         18          0          0        548        756   usb_device.o
       542         22          0        275          0      12340   usbd_cdc.o
        68         16          0         16       2000       4385   usbd_cdc_if.o
       652         50          0          0       1664      13733   usbd_conf.o
       592          0          0          0          0      13908   usbd_core.o
       986         30          0          1          0       7964   usbd_ctlreq.o
       212        116          0         50        512       5147   usbd_desc.o
       132          0          0          0          0       4500   usbd_ioreq.o

    ----------------------------------------------------------------------
     13478        782        388        504       9128     642949   Object Totals
         0          0         32          0          0          0   (incl. Generated)
        30          0          0          8          4          0   (incl. Padding)

    ----------------------------------------------------------------------

      Code (inc. data)   RO Data    RW Data    ZI Data      Debug   Library Member Name

        86          0          0          0          0          0   __dczerorl2.o
         0          0          0          0          0          0   entry.o
         0          0          0          0          0          0   entry10a.o
         0          0          0          0          0          0   entry11a.o
         8          4          0          0          0          0   entry2.o
         4          0          0          0          0          0   entry5.o
         0          0          0          0          0          0   entry7b.o
         0          0          0          0          0          0   entry8b.o
         8          4          0          0          0          0   entry9a.o
        30          0          0          0          0          0   handlers.o
        36          8          0          0          0         68   init.o
        36          0          0          0          0         68   memcpya.o

    ----------------------------------------------------------------------
       210         16          0          0          0        136   Library Totals
         2          0          0          0          0          0   (incl. Padding)

    ----------------------------------------------------------------------

      Code (inc. data)   RO Data    RW Data    ZI Data      Debug   Library Name

       208         16          0          0          0        136   mc_w.l

    ----------------------------------------------------------------------
       210         16          0          0          0        136   Library Totals

    ----------------------------------------------------------------------

==============================================================================


      Code (inc. data)   RO Data    RW Data    ZI Data      Debug   

     13688        798        388        504       9128     634009   Grand Totals
     13688        798        388        216       9128     634009   ELF Image Totals (compressed)
     13688        798        388        216          0          0   ROM Totals

==============================================================================

    Total RO  Size (Code + RO Data)                14076 (  13.75kB)
    Total RW  Size (RW Data + ZI Data)              9632 (   9.41kB)
    Total ROM Size (Code + RO Data + RW Data)      14292 (  13.96kB)

==============================================================================

