Component: ARM Compiler 5.06 update 5 (build 528) Tool: armlink [4d35e2]

==============================================================================

Section Cross References

    startup_stm32f103xb.o(RESET) refers to startup_stm32f103xb.o(STACK) for __initial_sp
    startup_stm32f103xb.o(RESET) refers to startup_stm32f103xb.o(.text) for Reset_Handler
    startup_stm32f103xb.o(RESET) refers to stm32f1xx_it.o(i.NMI_Handler) for NMI_Handler
    startup_stm32f103xb.o(RESET) refers to stm32f1xx_it.o(i.HardFault_Handler) for HardFault_Handler
    startup_stm32f103xb.o(RESET) refers to stm32f1xx_it.o(i.MemManage_Handler) for MemManage_Handler
    startup_stm32f103xb.o(RESET) refers to stm32f1xx_it.o(i.BusFault_Handler) for BusFault_Handler
    startup_stm32f103xb.o(RESET) refers to stm32f1xx_it.o(i.UsageFault_Handler) for UsageFault_Handler
    startup_stm32f103xb.o(RESET) refers to stm32f1xx_it.o(i.SVC_Handler) for SVC_Handler
    startup_stm32f103xb.o(RESET) refers to stm32f1xx_it.o(i.DebugMon_Handler) for DebugMon_Handler
    startup_stm32f103xb.o(RESET) refers to stm32f1xx_it.o(i.PendSV_Handler) for PendSV_Handler
    startup_stm32f103xb.o(RESET) refers to stm32f1xx_it.o(i.SysTick_Handler) for SysTick_Handler
    startup_stm32f103xb.o(RESET) refers to stm32f1xx_it.o(i.USB_LP_CAN1_RX0_IRQHandler) for USB_LP_CAN1_RX0_IRQHandler
    startup_stm32f103xb.o(.text) refers to system_stm32f1xx.o(i.SystemInit) for SystemInit
    startup_stm32f103xb.o(.text) refers to entry.o(.ARM.Collect$$$$00000000) for __main
    usbd_core.o(i.USBD_DeInit) refers to usbd_conf.o(i.USBD_LL_Stop) for USBD_LL_Stop
    usbd_core.o(i.USBD_DeInit) refers to usbd_conf.o(i.USBD_LL_DeInit) for USBD_LL_DeInit
    usbd_core.o(i.USBD_Init) refers to usbd_conf.o(i.USBD_LL_Init) for USBD_LL_Init
    usbd_core.o(i.USBD_LL_DataInStage) refers to usbd_ioreq.o(i.USBD_CtlContinueSendData) for USBD_CtlContinueSendData
    usbd_core.o(i.USBD_LL_DataInStage) refers to usbd_conf.o(i.USBD_LL_PrepareReceive) for USBD_LL_PrepareReceive
    usbd_core.o(i.USBD_LL_DataInStage) refers to usbd_ioreq.o(i.USBD_CtlReceiveStatus) for USBD_CtlReceiveStatus
    usbd_core.o(i.USBD_LL_DataOutStage) refers to usbd_ioreq.o(i.USBD_CtlContinueRx) for USBD_CtlContinueRx
    usbd_core.o(i.USBD_LL_DataOutStage) refers to usbd_ioreq.o(i.USBD_CtlSendStatus) for USBD_CtlSendStatus
    usbd_core.o(i.USBD_LL_Reset) refers to usbd_conf.o(i.USBD_LL_OpenEP) for USBD_LL_OpenEP
    usbd_core.o(i.USBD_LL_SetupStage) refers to usbd_ctlreq.o(i.USBD_ParseSetupRequest) for USBD_ParseSetupRequest
    usbd_core.o(i.USBD_LL_SetupStage) refers to usbd_conf.o(i.USBD_LL_StallEP) for USBD_LL_StallEP
    usbd_core.o(i.USBD_LL_SetupStage) refers to usbd_ctlreq.o(i.USBD_StdDevReq) for USBD_StdDevReq
    usbd_core.o(i.USBD_LL_SetupStage) refers to usbd_ctlreq.o(i.USBD_StdItfReq) for USBD_StdItfReq
    usbd_core.o(i.USBD_LL_SetupStage) refers to usbd_ctlreq.o(i.USBD_StdEPReq) for USBD_StdEPReq
    usbd_core.o(i.USBD_Start) refers to usbd_conf.o(i.USBD_LL_Start) for USBD_LL_Start
    usbd_core.o(i.USBD_Stop) refers to usbd_conf.o(i.USBD_LL_Stop) for USBD_LL_Stop
    usbd_ioreq.o(i.USBD_CtlContinueRx) refers to usbd_conf.o(i.USBD_LL_PrepareReceive) for USBD_LL_PrepareReceive
    usbd_ioreq.o(i.USBD_CtlContinueSendData) refers to usbd_conf.o(i.USBD_LL_Transmit) for USBD_LL_Transmit
    usbd_ioreq.o(i.USBD_CtlPrepareRx) refers to usbd_conf.o(i.USBD_LL_PrepareReceive) for USBD_LL_PrepareReceive
    usbd_ioreq.o(i.USBD_CtlReceiveStatus) refers to usbd_conf.o(i.USBD_LL_PrepareReceive) for USBD_LL_PrepareReceive
    usbd_ioreq.o(i.USBD_CtlSendData) refers to usbd_conf.o(i.USBD_LL_Transmit) for USBD_LL_Transmit
    usbd_ioreq.o(i.USBD_CtlSendStatus) refers to usbd_conf.o(i.USBD_LL_Transmit) for USBD_LL_Transmit
    usbd_ioreq.o(i.USBD_GetRxCount) refers to usbd_conf.o(i.USBD_LL_GetRxDataSize) for USBD_LL_GetRxDataSize
    usbd_ctlreq.o(i.USBD_CtlError) refers to usbd_conf.o(i.USBD_LL_StallEP) for USBD_LL_StallEP
    usbd_ctlreq.o(i.USBD_GetDescriptor) refers to usbd_ctlreq.o(i.USBD_CtlError) for USBD_CtlError
    usbd_ctlreq.o(i.USBD_GetDescriptor) refers to usbd_ioreq.o(i.USBD_CtlSendData) for USBD_CtlSendData
    usbd_ctlreq.o(i.USBD_SetConfig) refers to usbd_core.o(i.USBD_ClrClassConfig) for USBD_ClrClassConfig
    usbd_ctlreq.o(i.USBD_SetConfig) refers to usbd_core.o(i.USBD_SetClassConfig) for USBD_SetClassConfig
    usbd_ctlreq.o(i.USBD_SetConfig) refers to usbd_ioreq.o(i.USBD_CtlSendStatus) for USBD_CtlSendStatus
    usbd_ctlreq.o(i.USBD_SetConfig) refers to usbd_ctlreq.o(i.USBD_CtlError) for USBD_CtlError
    usbd_ctlreq.o(i.USBD_SetConfig) refers to usbd_ctlreq.o(.data) for .data
    usbd_ctlreq.o(i.USBD_StdDevReq) refers to usbd_ctlreq.o(i.USBD_GetDescriptor) for USBD_GetDescriptor
    usbd_ctlreq.o(i.USBD_StdDevReq) refers to usbd_conf.o(i.USBD_LL_SetUSBAddress) for USBD_LL_SetUSBAddress
    usbd_ctlreq.o(i.USBD_StdDevReq) refers to usbd_ioreq.o(i.USBD_CtlSendStatus) for USBD_CtlSendStatus
[...]

    Removing startup_stm32f103xb.o(HEAP), (512 bytes).
    Removing usbd_core.o(.rev16_text), (4 bytes).
    Removing usbd_core.o(.revsh_text), (4 bytes).
    Removing usbd_core.o(.rrx_text), (6 bytes).
    Removing usbd_core.o(i.USBD_DeInit), (38 bytes).
    Removing usbd_core.o(i.USBD_LL_DevConnected), (4 bytes).
    Removing usbd_core.o(i.USBD_LL_DevDisconnected), (22 bytes).
    Removing usbd_core.o(i.USBD_LL_IsoINIncomplete), (4 bytes).
    Removing usbd_core.o(i.USBD_LL_IsoOUTIncomplete), (4 bytes).
    Removing usbd_core.o(i.USBD_RunTestMode), (4 bytes).
    Removing usbd_ioreq.o(.rev16_text), (4 bytes).
    Removing usbd_ioreq.o(.revsh_text), (4 bytes).
    Removing usbd_ioreq.o(.rrx_text), (6 bytes).
    Removing usbd_ioreq.o(i.USBD_GetRxCount), (10 bytes).
    Removing usbd_ctlreq.o(.rev16_text), (4 bytes).
    Removing usbd_ctlreq.o(.revsh_text), (4 bytes).
    Removing usbd_ctlreq.o(.rrx_text), (6 bytes).
    Removing usbd_dfu.o(.rev16_text), (4 bytes).
    Removing usbd_dfu.o(.revsh_text), (4 bytes).
    Removing usbd_dfu.o(.rrx_text), (6 bytes).
    Removing usbd_conf.o(.rev16_text), (4 bytes).
    Removing usbd_conf.o(.revsh_text), (4 bytes).
    Removing usbd_conf.o(.rrx_text), (6 bytes).
    Removing usbd_conf.o(i.HAL_PCD_ConnectCallback), (8 bytes).
    Removing usbd_conf.o(i.HAL_PCD_DisconnectCallback), (8 bytes).
    Removing usbd_conf.o(i.HAL_PCD_ISOINIncompleteCallback), (8 bytes).
    Removing usbd_conf.o(i.HAL_PCD_ISOOUTIncompleteCallback), (8 bytes).
    Removing usbd_conf.o(i.HAL_PCD_MspDeInit), (36 bytes).
    Removing usbd_conf.o(i.USBD_LL_CloseEP), (32 bytes).
    Removing usbd_conf.o(i.USBD_LL_DeInit), (32 bytes).
    Removing usbd_conf.o(i.USBD_LL_Delay), (4 bytes).
    Removing usbd_conf.o(i.USBD_LL_FlushEP), (32 bytes).
    Removing usbd_conf.o(i.USBD_LL_GetRxDataSize), (8 bytes).
    Removing usb_device.o(.rev16_text), (4 bytes).
    Removing usb_device.o(.revsh_text), (4 bytes).
    Removing usb_device.o(.rrx_text), (6 bytes).
    Removing usbd_desc.o(.rev16_text), (4 bytes).
    Removing usbd_desc.o(.revsh_text), (4 bytes).
    Removing usbd_desc.o(.rrx_text), (6 bytes).
    Removing main.o(.rev16_text), (4 bytes).
    Removing main.o(.revsh_text), (4 bytes).
    Removing main.o(.rrx_text), (6 bytes).
    Removing stm32f1xx_hal_msp.o(.rev16_text), (4 bytes).
    Removing stm32f1xx_hal_msp.o(.revsh_text), (4 bytes).
    Removing stm32f1xx_hal_msp.o(.rrx_text), (6 bytes).
    Removing stm32f1xx_it.o(.rev16_text), (4 bytes).
    Removing stm32f1xx_it.o(.revsh_text), (4 bytes).
    Removing stm32f1xx_it.o(.rrx_text), (6 bytes).
    Removing usbd_dfu_if.o(.rev16_text), (4 bytes).
    Removing usbd_dfu_if.o(.revsh_text), (4 bytes).
    Removing usbd_dfu_if.o(.rrx_text), (6 bytes).
    Removing stm32f1xx_hal_flash_ex.o(.rev16_text), (4 bytes).
    Removing stm32f1xx_hal_flash_ex.o(.revsh_text), (4 bytes).
    Removing stm32f1xx_hal_flash_ex.o(.rrx_text), (6 bytes).
    Removing stm32f1xx_hal_flash_ex.o(i.FLASH_MassErase), (36 bytes).
    Removing stm32f1xx_hal_flash_ex.o(i.FLASH_OB_DisableWRP), (176 bytes).
    Removing stm32f1xx_hal_flash_ex.o(i.FLASH_OB_EnableWRP), (176 bytes).
    Removing stm32f1xx_hal_flash_ex.o(i.FLASH_OB_GetRDP), (24 bytes).
    Removing stm32f1xx_hal_flash_ex.o(i.FLASH_OB_RDP_LevelConfig), (100 bytes).
    Removing stm32f1xx_hal_flash_ex.o(i.FLASH_PageErase), (36 bytes).
    Removing stm32f1xx_hal_flash_ex.o(i.HAL_FLASHEx_Erase), (168 bytes).
    Removing stm32f1xx_hal_flash_ex.o(i.HAL_FLASHEx_Erase_IT), (84 bytes).
    Removing stm32f1xx_hal_flash_ex.o(i.HAL_FLASHEx_OBErase), (84 bytes).
    Removing stm32f1xx_hal_flash_ex.o(i.HAL_FLASHEx_OBGetConfig), (36 bytes).
    Removing stm32f1xx_hal_flash_ex.o(i.HAL_FLASHEx_OBGetUserData), (32 bytes).
    Removing stm32f1xx_hal_flash_ex.o(i.HAL_FLASHEx_OBProgram), (200 bytes).
    Removing stm32f1xx_hal_tim_ex.o(.rev16_text), (4 bytes).
    Removing stm32f1xx_hal_tim_ex.o(.revsh_text), (4 bytes).
    Removing stm32f1xx_hal_tim_ex.o(.rrx_text), (6 bytes).
    Removing stm32f1xx_hal_rcc.o(.rev16_text), (4 bytes).
    Removing stm32f1xx_hal_rcc.o(.revsh_text), (4 bytes).
    Removing stm32f1xx_hal_rcc.o(.rrx_text), (6 bytes).
    Removing stm32f1xx_hal_rcc.o(i.HAL_RCC_CSSCallback), (2 bytes).
    Removing stm32f1xx_hal_rcc.o(i.HAL_RCC_DeInit), (216 bytes).
    Removing stm32f1xx_hal_rcc.o(i.HAL_RCC_DisableCSS), (12 bytes).
    Removing stm32f1xx_hal_rcc.o(i.HAL_RCC_EnableCSS), (12 bytes).
    Removing stm32f1xx_hal_rcc.o(i.HAL_RCC_GetClockConfig), (64 bytes).
    Removing stm32f1xx_hal_rcc.o(i.HAL_RCC_GetOscConfig), (144 bytes).
    Removing stm32f1xx_hal_rcc.o(i.HAL_RCC_GetPCLK1Freq), (32 bytes).
    Removing stm32f1xx_hal_rcc.o(i.HAL_RCC_GetPCLK2Freq), (32 bytes).
    Removing stm32f1xx_hal_rcc.o(i.HAL_RCC_MCOConfig), (72 bytes).
    Removing stm32f1xx_hal_rcc.o(i.HAL_RCC_NMI_IRQHandler), (24 bytes).
    Removing stm32f1xx_hal_pcd.o(.rev16_text), (4 bytes).
    Removing stm32f1xx_hal_pcd.o(.revsh_text), (4 bytes).
    Removing stm32f1xx_hal_pcd.o(.rrx_text), (6 bytes).
    Removing stm32f1xx_hal_pcd.o(i.HAL_PCD_ActivateRemoteWakeup), (6 bytes).
    Removing stm32f1xx_hal_pcd.o(i.HAL_PCD_ConnectCallback), (2 bytes).
    Removing stm32f1xx_hal_pcd.o(i.HAL_PCD_DataInStageCallback), (2 bytes).
    Removing stm32f1xx_hal_pcd.o(i.HAL_PCD_DataOutStageCallback), (2 bytes).
    Removing stm32f1xx_hal_pcd.o(i.HAL_PCD_DeActivateRemoteWakeup), (6 bytes).
    Removing stm32f1xx_hal_pcd.o(i.HAL_PCD_DeInit), (36 bytes).
    Removing stm32f1xx_hal_pcd.o(i.HAL_PCD_DevConnect), (44 bytes).
    Removing stm32f1xx_hal_pcd.o(i.HAL_PCD_DevDisconnect), (44 bytes).
    Removing stm32f1xx_hal_pcd.o(i.HAL_PCD_DisconnectCallback), (2 bytes).
    Removing stm32f1xx_hal_pcd.o(i.HAL_PCD_EP_Close), (64 bytes).
    Removing stm32f1xx_hal_pcd.o(i.HAL_PCD_EP_Flush), (52 bytes).
    Removing stm32f1xx_hal_pcd.o(i.HAL_PCD_EP_GetRxCount), (16 bytes).
    Removing stm32f1xx_hal_pcd.o(i.HAL_PCD_GetState), (6 bytes).
    Removing stm32f1xx_hal_pcd.o(i.HAL_PCD_ISOINIncompleteCallback), (2 bytes).
    Removing stm32f1xx_hal_pcd.o(i.HAL_PCD_ISOOUTIncompleteCallback), (2 bytes).
    Removing stm32f1xx_hal_pcd.o(i.HAL_PCD_MspDeInit), (2 bytes).
    Removing stm32f1xx_hal_pcd.o(i.HAL_PCD_MspInit), (2 bytes).
    Removing stm32f1xx_hal_pcd.o(i.HAL_PCD_ResetCallback), (2 bytes).
    Removing stm32f1xx_hal_pcd.o(i.HAL_PCD_ResumeCallback), (2 bytes).
    Removing stm32f1xx_hal_pcd.o(i.HAL_PCD_SOFCallback), (2 bytes).
    Removing stm32f1xx_hal_pcd.o(i.HAL_PCD_SetupStageCallback), (2 bytes).
    Removing stm32f1xx_hal_pcd.o(i.HAL_PCD_SuspendCallback), (2 bytes).
    Removing stm32f1xx_hal_tim.o(.rev16_text), (4 bytes).
    Removing stm32f1xx_hal_tim.o(.revsh_text), (4 bytes).
    Removing stm32f1xx_hal_tim.o(.rrx_text), (6 bytes).
    Removing stm32f1xx_hal.o(.rev16_text), (4 bytes).
    Removing stm32f1xx_hal.o(.revsh_text), (4 bytes).
    Removing stm32f1xx_hal.o(.rrx_text), (6 bytes).
    Removing stm32f1xx_hal.o(i.HAL_DBGMCU_DisableDBGSleepMode), (16 bytes).
    Removing stm32f1xx_hal.o(i.HAL_DBGMCU_DisableDBGStandbyMode), (16 bytes).
    Removing stm32f1xx_hal.o(i.HAL_DBGMCU_DisableDBGStopMode), (16 bytes).
    Removing stm32f1xx_hal.o(i.HAL_DBGMCU_EnableDBGSleepMode), (16 bytes).
    Removing stm32f1xx_hal.o(i.HAL_DBGMCU_EnableDBGStandbyMode), (16 bytes).
    Removing stm32f1xx_hal.o(i.HAL_DBGMCU_EnableDBGStopMode), (16 bytes).
    Removing stm32f1xx_hal.o(i.HAL_DeInit), (32 bytes).
    Removing stm32f1xx_hal.o(i.HAL_GetDEVID), (16 bytes).
    Removing stm32f1xx_hal.o(i.HAL_GetHalVersion), (8 bytes).
    Removing stm32f1xx_hal.o(i.HAL_GetREVID), (12 bytes).
    Removing stm32f1xx_hal.o(i.HAL_GetTickFreq), (12 bytes).
    Removing stm32f1xx_hal.o(i.HAL_GetTickPrio), (12 bytes).
    Removing stm32f1xx_hal.o(i.HAL_GetUID), (28 bytes).
    Removing stm32f1xx_hal.o(i.HAL_MspDeInit), (2 bytes).
    Removing stm32f1xx_hal.o(i.HAL_MspInit), (2 bytes).
    Removing stm32f1xx_hal.o(i.HAL_ResumeTick), (14 bytes).
    Removing stm32f1xx_hal.o(i.HAL_SetTickFreq), (28 bytes).
    Removing stm32f1xx_hal.o(i.HAL_SuspendTick), (14 bytes).
    Removing stm32f1xx_hal_gpio_ex.o(.rev16_text), (4 bytes).
    Removing stm32f1xx_hal_gpio_ex.o(.revsh_text), (4 bytes).
    Removing stm32f1xx_hal_gpio_ex.o(.rrx_text), (6 bytes).
    Removing stm32f1xx_hal_gpio_ex.o(i.HAL_GPIOEx_ConfigEventout), (20 bytes).
    Removing stm32f1xx_hal_gpio_ex.o(i.HAL_GPIOEx_DisableEventout), (16 bytes).
    Removing stm32f1xx_hal_gpio_ex.o(i.HAL_GPIOEx_EnableEventout), (16 bytes).
    Removing stm32f1xx_hal_pcd_ex.o(.rev16_text), (4 bytes).
    Removing stm32f1xx_hal_pcd_ex.o(.revsh_text), (4 bytes).
    Removing stm32f1xx_hal_pcd_ex.o(.rrx_text), (6 bytes).
    Removing stm32f1xx_hal_pcd_ex.o(i.HAL_PCDEx_SetConnectionState), (2 bytes).
    Removing stm32f1xx_hal_cortex.o(.rev16_text), (4 bytes).
    Removing stm32f1xx_hal_cortex.o(.revsh_text), (4 bytes).
    Removing stm32f1xx_hal_cortex.o(.rrx_text), (6 bytes).
    Removing stm32f1xx_hal_cortex.o(i.HAL_NVIC_ClearPendingIRQ), (22 bytes).
    Removing stm32f1xx_hal_cortex.o(i.HAL_NVIC_DisableIRQ), (22 bytes).
    Removing stm32f1xx_hal_cortex.o(i.HAL_NVIC_GetActive), (32 bytes).
    Removing stm32f1xx_hal_cortex.o(i.HAL_NVIC_GetPendingIRQ), (32 bytes).
    Removing stm32f1xx_hal_cortex.o(i.HAL_NVIC_GetPriority), (82 bytes).
    Removing stm32f1xx_hal_cortex.o(i.HAL_NVIC_GetPriorityGrouping), (16 bytes).
    Removing stm32f1xx_hal_cortex.o(i.HAL_NVIC_SetPendingIRQ), (22 bytes).
    Removing stm32f1xx_hal_cortex.o(i.HAL_NVIC_SystemReset), (36 bytes).
    Removing stm32f1xx_hal_gpio.o(.rev16_text), (4 bytes).
    Removing stm32f1xx_hal_gpio.o(.revsh_text), (4 bytes).
    Removing stm32f1xx_hal_gpio.o(.rrx_text), (6 bytes).
    Removing stm32f1xx_hal_gpio.o(i.HAL_GPIO_DeInit), (228 bytes).
    Removing stm32f1xx_hal_gpio.o(i.HAL_GPIO_EXTI_Callback), (2 bytes).
    Removing stm32f1xx_hal_gpio.o(i.HAL_GPIO_EXTI_IRQHandler), (24 bytes).
    Removing stm32f1xx_hal_gpio.o(i.HAL_GPIO_LockPin), (34 bytes).
    Removing stm32f1xx_hal_gpio.o(i.HAL_GPIO_ReadPin), (10 bytes).
    Removing stm32f1xx_hal_gpio.o(i.HAL_GPIO_TogglePin), (8 bytes).
    Removing stm32f1xx_ll_usb.o(.rev16_text), (4 bytes).
    Removing stm32f1xx_ll_usb.o(.revsh_text), (4 bytes).
    Removing stm32f1xx_ll_usb.o(.rrx_text), (6 bytes).
    Removing stm32f1xx_ll_usb.o(i.USB_ActivateRemoteWakeup), (14 bytes).
    Removing stm32f1xx_ll_usb.o(i.USB_ClearInterrupts), (2 bytes).
    Removing stm32f1xx_ll_usb.o(i.USB_DeActivateRemoteWakeup), (14 bytes).
    Removing stm32f1xx_ll_usb.o(i.USB_DeactivateEndpoint), (292 bytes).
    Removing stm32f1xx_ll_usb.o(i.USB_FlushRxFifo), (4 bytes).
    Removing stm32f1xx_ll_usb.o(i.USB_FlushTxFifo), (4 bytes).
    Removing stm32f1xx_ll_usb.o(i.USB_ReadDevAllInEpInterrupt), (4 bytes).
    Removing stm32f1xx_ll_usb.o(i.USB_ReadDevAllOutEpInterrupt), (4 bytes).
    Removing stm32f1xx_ll_usb.o(i.USB_ReadDevInEPInterrupt), (4 bytes).
    Removing stm32f1xx_ll_usb.o(i.USB_ReadDevOutEPInterrupt), (4 bytes).
    Removing stm32f1xx_ll_usb.o(i.USB_ReadPacket), (4 bytes).
    Removing stm32f1xx_ll_usb.o(i.USB_WritePacket), (4 bytes).
    Removing stm32f1xx_hal_dma.o(.rev16_text), (4 bytes).
    Removing stm32f1xx_hal_dma.o(.revsh_text), (4 bytes).
    Removing stm32f1xx_hal_dma.o(.rrx_text), (6 bytes).
    Removing stm32f1xx_hal_dma.o(i.DMA_SetConfig), (42 bytes).
    Removing stm32f1xx_hal_dma.o(i.HAL_DMA_Abort), (48 bytes).
    Removing stm32f1xx_hal_dma.o(i.HAL_DMA_Abort_IT), (152 bytes).
    Removing stm32f1xx_hal_dma.o(i.HAL_DMA_DeInit), (84 bytes).
    Removing stm32f1xx_hal_dma.o(i.HAL_DMA_GetError), (4 bytes).
    Removing stm32f1xx_hal_dma.o(i.HAL_DMA_GetState), (6 bytes).
    Removing stm32f1xx_hal_dma.o(i.HAL_DMA_IRQHandler), (340 bytes).
    Removing stm32f1xx_hal_dma.o(i.HAL_DMA_Init), (100 bytes).
    Removing stm32f1xx_hal_dma.o(i.HAL_DMA_PollForTransfer), (532 bytes).
    Removing stm32f1xx_hal_dma.o(i.HAL_DMA_RegisterCallback), (74 bytes).
    Removing stm32f1xx_hal_dma.o(i.HAL_DMA_Start), (80 bytes).
    Removing stm32f1xx_hal_dma.o(i.HAL_DMA_Start_IT), (112 bytes).
    Removing stm32f1xx_hal_dma.o(i.HAL_DMA_UnRegisterCallback), (82 bytes).
    Removing stm32f1xx_hal_rcc_ex.o(.rev16_text), (4 bytes).
    Removing stm32f1xx_hal_rcc_ex.o(.revsh_text), (4 bytes).
    Removing stm32f1xx_hal_rcc_ex.o(.rrx_text), (6 bytes).
    Removing stm32f1xx_hal_rcc_ex.o(i.HAL_RCCEx_GetPeriphCLKConfig), (44 bytes).
    Removing stm32f1xx_hal_rcc_ex.o(i.HAL_RCCEx_GetPeriphCLKFreq), (200 bytes).
    Removing stm32f1xx_hal_pwr.o(.rev16_text), (4 bytes).
    Removing stm32f1xx_hal_pwr.o(.revsh_text), (4 bytes).
    Removing stm32f1xx_hal_pwr.o(.rrx_text), (6 bytes).
    Removing stm32f1xx_hal_pwr.o(i.HAL_PWR_ConfigPVD), (124 bytes).
    Removing stm32f1xx_hal_pwr.o(i.HAL_PWR_DeInit), (24 bytes).
    Removing stm32f1xx_hal_pwr.o(i.HAL_PWR_DisableBkUpAccess), (12 bytes).
    Removing stm32f1xx_hal_pwr.o(i.HAL_PWR_DisablePVD), (12 bytes).
    Removing stm32f1xx_hal_pwr.o(i.HAL_PWR_DisableSEVOnPend), (16 bytes).
    Removing stm32f1xx_hal_pwr.o(i.HAL_PWR_DisableSleepOnExit), (16 bytes).
    Removing stm32f1xx_hal_pwr.o(i.HAL_PWR_DisableWakeUpPin), (28 bytes).
    Removing stm32f1xx_hal_pwr.o(i.HAL_PWR_EnableBkUpAccess), (12 bytes).
    Removing stm32f1xx_hal_pwr.o(i.HAL_PWR_EnablePVD), (12 bytes).
    Removing stm32f1xx_hal_pwr.o(i.HAL_PWR_EnableSEVOnPend), (16 bytes).
    Removing stm32f1xx_hal_pwr.o(i.HAL_PWR_EnableSleepOnExit), (16 bytes).
    Removing stm32f1xx_hal_pwr.o(i.HAL_PWR_EnableWakeUpPin), (28 bytes).
    Removing stm32f1xx_hal_pwr.o(i.HAL_PWR_EnterSLEEPMode), (32 bytes).
    Removing stm32f1xx_hal_pwr.o(i.HAL_PWR_EnterSTANDBYMode), (32 bytes).
    Removing stm32f1xx_hal_pwr.o(i.HAL_PWR_EnterSTOPMode), (68 bytes).
    Removing stm32f1xx_hal_pwr.o(i.HAL_PWR_PVDCallback), (2 bytes).
    Removing stm32f1xx_hal_pwr.o(i.HAL_PWR_PVD_IRQHandler), (28 bytes).
    Removing stm32f1xx_hal_pwr.o(i.PWR_OverloadWfe), (6 bytes).
    Removing stm32f1xx_hal_flash.o(.rev16_text), (4 bytes).
    Removing stm32f1xx_hal_flash.o(.revsh_text), (4 bytes).
    Removing stm32f1xx_hal_flash.o(.rrx_text), (6 bytes).
    Removing stm32f1xx_hal_flash.o(i.FLASH_Program_HalfWord), (28 bytes).
    Removing stm32f1xx_hal_flash.o(i.FLASH_SetErrorCode), (92 bytes).
    Removing stm32f1xx_hal_flash.o(i.FLASH_WaitForLastOperation), (84 bytes).
    Removing stm32f1xx_hal_flash.o(i.HAL_FLASH_EndOfOperationCallback), (2 bytes).
    Removing stm32f1xx_hal_flash.o(i.HAL_FLASH_GetError), (12 bytes).
    Removing stm32f1xx_hal_flash.o(i.HAL_FLASH_IRQHandler), (264 bytes).
    Removing stm32f1xx_hal_flash.o(i.HAL_FLASH_Lock), (20 bytes).
    Removing stm32f1xx_hal_flash.o(i.HAL_FLASH_OB_Launch), (4 bytes).
    Removing stm32f1xx_hal_flash.o(i.HAL_FLASH_OB_Lock), (20 bytes).
    Removing stm32f1xx_hal_flash.o(i.HAL_FLASH_OB_Unlock), (36 bytes).
    Removing stm32f1xx_hal_flash.o(i.HAL_FLASH_OperationErrorCallback), (2 bytes).
    Removing stm32f1xx_hal_flash.o(i.HAL_FLASH_Program), (128 bytes).
    Removing stm32f1xx_hal_flash.o(i.HAL_FLASH_Program_IT), (100 bytes).
    Removing stm32f1xx_hal_flash.o(i.HAL_FLASH_Unlock), (40 bytes).
    Removing stm32f1xx_hal_flash.o(.bss), (32 bytes).
    Removing system_stm32f1xx.o(.rev16_text), (4 bytes).
    Removing system_stm32f1xx.o(.revsh_text), (4 bytes).
    Removing system_stm32f1xx.o(.rrx_text), (6 bytes).
    Removing system_stm32f1xx.o(i.SystemCoreClockUpdate), (104 bytes).
    Removing system_stm32f1xx.o(.constdata), (8 bytes).

241 unused section(s) (total 7828 bytes) removed from the image.

==============================================================================

Image Symbol Table

    Local Symbols

    Symbol Name                              Value     Ov Type        Size  Object(Section)

    ../Drivers/STM32F1xx_HAL_Driver/Src/stm32f1xx_hal.c 0x00000000   Number         0  stm32f1xx_hal.o ABSOLUTE
    ../Drivers/STM32F1xx_HAL_Driver/Src/stm32f1xx_hal_cortex.c 0x00000000   Number         0  stm32f1xx_hal_cortex.o ABSOLUTE
    ../Drivers/STM32F1xx_HAL_Driver/Src/stm32f1xx_hal_dma.c 0x00000000   Number         0  stm32f1xx_hal_dma.o ABSOLUTE
    ../Drivers/STM32F1xx_HAL_Driver/Src/stm32f1xx_hal_flash.c 0x00000000   Number         0  stm32f1xx_hal_flash.o ABSOLUTE
    ../Drivers/STM32F1xx_HAL_Driver/Src/stm32f1xx_hal_flash_ex.c 0x00000000   Number         0  stm32f1xx_hal_flash_ex.o ABSOLUTE
    ../Drivers/STM32F1xx_HAL_Driver/Src/stm32f1xx_hal_gpio.c 0x00000000   Number         0  stm32f1xx_hal_gpio.o ABSOLUTE
    ../Drivers/STM32F1xx_HAL_Driver/Src/stm32f1xx_hal_gpio_ex.c 0x00000000   Number         0  stm32f1xx_hal_gpio_ex.o ABSOLUTE
    ../Drivers/STM32F1xx_HAL_Driver/Src/stm32f1xx_hal_pcd.c 0x00000000   Number         0  stm32f1xx_hal_pcd.o ABSOLUTE
    ../Drivers/STM32F1xx_HAL_Driver/Src/stm32f1xx_hal_pcd_ex.c 0x00000000   Number         0  stm32f1xx_hal_pcd_ex.o ABSOLUTE
    ../Drivers/STM32F1xx_HAL_Driver/Src/stm32f1xx_hal_pwr.c 0x00000000   Number         0  stm32f1xx_hal_pwr.o ABSOLUTE
    ../Drivers/STM32F1xx_HAL_Driver/Src/stm32f1xx_hal_rcc.c 0x00000000   Number         0  stm32f1xx_hal_rcc.o ABSOLUTE
    ../Drivers/STM32F1xx_HAL_Driver/Src/stm32f1xx_hal_rcc_ex.c 0x00000000   Number         0  stm32f1xx_hal_rcc_ex.o ABSOLUTE
    ../Drivers/STM32F1xx_HAL_Driver/Src/stm32f1xx_hal_tim.c 0x00000000   Number         0  stm32f1xx_hal_tim.o ABSOLUTE
    ../Drivers/STM32F1xx_HAL_Driver/Src/stm32f1xx_hal_tim_ex.c 0x00000000   Number         0  stm32f1xx_hal_tim_ex.o ABSOLUTE
    ../Drivers/STM32F1xx_HAL_Driver/Src/stm32f1xx_ll_usb.c 0x00000000   Number         0  stm32f1xx_ll_usb.o ABSOLUTE
    ../Middlewares/ST/STM32_USB_Device_Library/Class/DFU/Src/usbd_dfu.c 0x00000000   Number         0  usbd_dfu.o ABSOLUTE
    ../Middlewares/ST/STM32_USB_Device_Library/Core/Src/usbd_core.c 0x00000000   Number         0  usbd_core.o ABSOLUTE
    ../Middlewares/ST/STM32_USB_Device_Library/Core/Src/usbd_ctlreq.c 0x00000000   Number         0  usbd_ctlreq.o ABSOLUTE
    ../Middlewares/ST/STM32_USB_Device_Library/Core/Src/usbd_ioreq.c 0x00000000   Number         0  usbd_ioreq.o ABSOLUTE
    ../Src/main.c                            0x00000000   Number         0  main.o ABSOLUTE
    ../Src/stm32f1xx_hal_msp.c               0x00000000   Number         0  stm32f1xx_hal_msp.o ABSOLUTE
    ../Src/stm32f1xx_it.c                    0x00000000   Number         0  stm32f1xx_it.o ABSOLUTE
    ../Src/system_stm32f1xx.c                0x00000000   Number         0  system_stm32f1xx.o ABSOLUTE
    ../Src/usb_device.c                      0x00000000   Number         0  usb_device.o ABSOLUTE
    ../Src/usbd_conf.c                       0x00000000   Number         0  usbd_conf.o ABSOLUTE
    ../Src/usbd_desc.c                       0x00000000   Number         0  usbd_desc.o ABSOLUTE
    ../Src/usbd_dfu_if.c                     0x00000000   Number         0  usbd_dfu_if.o ABSOLUTE
    ../clib/microlib/init/entry.s            0x00000000   Number         0  entry10a.o ABSOLUTE
    ../clib/microlib/init/entry.s            0x00000000   Number         0  entry9a.o ABSOLUTE
    ../clib/microlib/init/entry.s            0x00000000   Number         0  entry8b.o ABSOLUTE
    ../clib/microlib/init/entry.s            0x00000000   Number         0  entry7b.o ABSOLUTE
    ../clib/microlib/init/entry.s            0x00000000   Number         0  entry7a.o ABSOLUTE
    ../clib/microlib/init/entry.s            0x00000000   Number         0  entry5.o ABSOLUTE
    ../clib/microlib/init/entry.s            0x00000000   Number         0  entry2.o ABSOLUTE
    ../clib/microlib/init/entry.s            0x00000000   Number         0  entry.o ABSOLUTE
    ../clib/microlib/init/entry.s            0x00000000   Number         0  entry8a.o ABSOLUTE
    ../clib/microlib/init/entry.s            0x00000000   Number         0  entry11b.o ABSOLUTE
    ../clib/microlib/init/entry.s            0x00000000   Number         0  entry11a.o ABSOLUTE
    ../clib/microlib/init/entry.s            0x00000000   Number         0  entry10b.o ABSOLUTE
    ../clib/microlib/init/entry.s            0x00000000   Number         0  entry9b.o ABSOLUTE
    ../clib/microlib/longlong.c              0x00000000   Number         0  llushr.o ABSOLUTE
    ../clib/microlib/string/memcpy.c         0x00000000   Number         0  memcpyb.o ABSOLUTE
    ../clib/microlib/string/memcpy.c         0x00000000   Number         0  memcpya.o ABSOLUTE
    ..\Drivers\STM32F1xx_HAL_Driver\Src\stm32f1xx_hal.c 0x00000000   Number         0  stm32f1xx_hal.o ABSOLUTE
    ..\Drivers\STM32F1xx_HAL_Driver\Src\stm32f1xx_hal_cortex.c 0x00000000   Number         0  stm32f1xx_hal_cortex.o ABSOLUTE
    ..\Drivers\STM32F1xx_HAL_Driver\Src\stm32f1xx_hal_dma.c 0x00000000   Number         0  stm32f1xx_hal_dma.o ABSOLUTE
    ..\Drivers\STM32F1xx_HAL_Driver\Src\stm32f1xx_hal_flash.c 0x00000000   Number         0  stm32f1xx_hal_flash.o ABSOLUTE
    ..\Drivers\STM32F1xx_HAL_Driver\Src\stm32f1xx_hal_flash_ex.c 0x00000000   Number         0  stm32f1xx_hal_flash_ex.o ABSOLUTE
    ..\Drivers\STM32F1xx_HAL_Driver\Src\stm32f1xx_hal_gpio.c 0x00000000   Number         0  stm32f1xx_hal_gpio.o ABSOLUTE
    ..\Drivers\STM32F1xx_HAL_Driver\Src\stm32f1xx_hal_gpio_ex.c 0x00000000   Number         0  stm32f1xx_hal_gpio_ex.o ABSOLUTE
    ..\Drivers\STM32F1xx_HAL_Driver\Src\stm32f1xx_hal_pcd.c 0x00000000   Number         0  stm32f1xx_hal_pcd.o ABSOLUTE
    ..\Drivers\STM32F1xx_HAL_Driver\Src\stm32f1xx_hal_pcd_ex.c 0x00000000   Number         0  stm32f1xx_hal_pcd_ex.o ABSOLUTE
    ..\Drivers\STM32F1xx_HAL_Driver\Src\stm32f1xx_hal_pwr.c 0x00000000   Number         0  stm32f1xx_hal_pwr.o ABSOLUTE
    ..\Drivers\STM32F1xx_HAL_Driver\Src\stm32f1xx_hal_rcc.c 0x00000000   Number         0  stm32f1xx_hal_rcc.o ABSOLUTE
    ..\Drivers\STM32F1xx_HAL_Driver\Src\stm32f1xx_hal_rcc_ex.c 0x00000000   Number         0  stm32f1xx_hal_rcc_ex.o ABSOLUTE
    ..\Drivers\STM32F1xx_HAL_Driver\Src\stm32f1xx_hal_tim.c 0x00000000   Number         0  stm32f1xx_hal_tim.o ABSOLUTE
    ..\Drivers\STM32F1xx_HAL_Driver\Src\stm32f1xx_hal_tim_ex.c 0x00000000   Number         0  stm32f1xx_hal_tim_ex.o ABSOLUTE
    ..\Drivers\STM32F1xx_HAL_Driver\Src\stm32f1xx_ll_usb.c 0x00000000   Number         0  stm32f1xx_ll_usb.o ABSOLUTE
    ..\Middlewares\ST\STM32_USB_Device_Library\Class\DFU\Src\usbd_dfu.c 0x00000000   Number         0  usbd_dfu.o ABSOLUTE
    ..\Middlewares\ST\STM32_USB_Device_Library\Core\Src\usbd_core.c 0x00000000   Number         0  usbd_core.o ABSOLUTE
    ..\Middlewares\ST\STM32_USB_Device_Library\Core\Src\usbd_ctlreq.c 0x00000000   Number         0  usbd_ctlreq.o ABSOLUTE
    ..\Middlewares\ST\STM32_USB_Device_Library\Core\Src\usbd_ioreq.c 0x00000000   Number         0  usbd_ioreq.o ABSOLUTE
    ..\Src\main.c                            0x00000000   Number         0  main.o ABSOLUTE
    ..\Src\stm32f1xx_hal_msp.c               0x00000000   Number         0  stm32f1xx_hal_msp.o ABSOLUTE
    ..\Src\stm32f1xx_it.c                    0x00000000   Number         0  stm32f1xx_it.o ABSOLUTE
    ..\Src\system_stm32f1xx.c                0x00000000   Number         0  system_stm32f1xx.o ABSOLUTE
    ..\Src\usb_device.c                      0x00000000   Number         0  usb_device.o ABSOLUTE
    ..\Src\usbd_conf.c                       0x00000000   Number         0  usbd_conf.o ABSOLUTE
    ..\Src\usbd_desc.c                       0x00000000   Number         0  usbd_desc.o ABSOLUTE
    ..\Src\usbd_dfu_if.c                     0x00000000   Number         0  usbd_dfu_if.o ABSOLUTE
    dc.s                                     0x00000000   Number         0  dc.o ABSOLUTE
    handlers.s                               0x00000000   Number         0  handlers.o ABSOLUTE
    init.s                                   0x00000000   Number         0  init.o ABSOLUTE
    startup_stm32f103xb.s                    0x00000000   Number         0  startup_stm32f103xb.o ABSOLUTE
    RESET                                    0x08000000   Section      236  startup_stm32f103xb.o(RESET)
    .ARM.Collect$$$$00000000                 0x080000ec   Section        0  entry.o(.ARM.Collect$$$$00000000)
    .ARM.Collect$$$$00000001                 0x080000ec   Section        4  entry2.o(.ARM.Collect$$$$00000001)
    .ARM.Collect$$$$00000004                 0x080000f0   Section        4  entry5.o(.ARM.Collect$$$$00000004)
    .ARM.Collect$$$$00000008                 0x080000f4   Section        0  entry7b.o(.ARM.Collect$$$$00000008)
    .ARM.Collect$$$$0000000A                 0x080000f4   Section        0  entry8b.o(.ARM.Collect$$$$0000000A)
    .ARM.Collect$$$$0000000B                 0x080000f4   Section        8  entry9a.o(.ARM.Collect$$$$0000000B)
    .ARM.Collect$$$$0000000D                 0x080000fc   Section        0  entry10a.o(.ARM.Collect$$$$0000000D)
    .ARM.Collect$$$$0000000F                 0x080000fc   Section        0  entry11a.o(.ARM.Collect$$$$0000000F)
    .ARM.Collect$$$$00002712                 0x080000fc   Section        4  entry2.o(.ARM.Collect$$$$00002712)
    __lit__00000000                          0x080000fc   Data           4  entry2.o(.ARM.Collect$$$$00002712)
    .text                                    0x08000100   Section       36  startup_stm32f103xb.o(.text)
    .text                                    0x08000124   Section        0  memcpya.o(.text)
    .text                                    0x08000148   Section       36  init.o(.text)
    i.BusFault_Handler                       0x0800016c   Section        0  stm32f1xx_it.o(i.BusFault_Handler)
    i.DFU_Detach                             0x08000170   Section        0  usbd_dfu.o(i.DFU_Detach)
    DFU_Detach                               0x08000171   Thumb Code   106  usbd_dfu.o(i.DFU_Detach)
    i.DFU_Download                           0x080001e0   Section        0  usbd_dfu.o(i.DFU_Download)
    DFU_Download                             0x080001e1   Thumb Code   102  usbd_dfu.o(i.DFU_Download)
    i.DFU_GetStatus                          0x08000248   Section        0  usbd_dfu.o(i.DFU_GetStatus)
    DFU_GetStatus                            0x08000249   Thumb Code   178  usbd_dfu.o(i.DFU_GetStatus)
    i.DFU_Leave                              0x08000300   Section        0  usbd_dfu.o(i.DFU_Leave)
    DFU_Leave                                0x08000301   Thumb Code   108  usbd_dfu.o(i.DFU_Leave)
    i.DFU_Upload                             0x08000378   Section        0  usbd_dfu.o(i.DFU_Upload)
    DFU_Upload                               0x08000379   Thumb Code   224  usbd_dfu.o(i.DFU_Upload)
    i.DebugMon_Handler                       0x08000458   Section        0  stm32f1xx_it.o(i.DebugMon_Handler)
    i.HAL_Delay                              0x0800045c   Section        0  stm32f1xx_hal.o(i.HAL_Delay)
    i.HAL_GPIO_Init                          0x08000480   Section        0  stm32f1xx_hal_gpio.o(i.HAL_GPIO_Init)
    i.HAL_GPIO_WritePin                      0x0800063c   Section        0  stm32f1xx_hal_gpio.o(i.HAL_GPIO_WritePin)
    i.HAL_GetTick                            0x08000648   Section        0  stm32f1xx_hal.o(i.HAL_GetTick)
    i.HAL_IncTick                            0x08000654   Section        0  stm32f1xx_hal.o(i.HAL_IncTick)
    i.HAL_Init                               0x08000664   Section        0  stm32f1xx_hal.o(i.HAL_Init)
    i.HAL_InitTick                           0x08000688   Section        0  stm32f1xx_hal.o(i.HAL_InitTick)
    i.HAL_MspInit                            0x080006c8   Section        0  stm32f1xx_hal_msp.o(i.HAL_MspInit)
    i.HAL_NVIC_EnableIRQ                     0x08000748   Section        0  stm32f1xx_hal_cortex.o(i.HAL_NVIC_EnableIRQ)
    i.HAL_NVIC_SetPriority                   0x08000760   Section        0  stm32f1xx_hal_cortex.o(i.HAL_NVIC_SetPriority)
    i.HAL_NVIC_SetPriorityGrouping           0x080007a0   Section        0  stm32f1xx_hal_cortex.o(i.HAL_NVIC_SetPriorityGrouping)
    i.HAL_PCDEx_PMAConfig                    0x080007c4   Section        0  stm32f1xx_hal_pcd_ex.o(i.HAL_PCDEx_PMAConfig)
    i.HAL_PCDEx_SetConnectionState           0x080007f8   Section        0  usbd_conf.o(i.HAL_PCDEx_SetConnectionState)
    i.HAL_PCD_DataInStageCallback            0x080007fa   Section        0  usbd_conf.o(i.HAL_PCD_DataInStageCallback)
    i.HAL_PCD_DataOutStageCallback           0x08000808   Section        0  usbd_conf.o(i.HAL_PCD_DataOutStageCallback)
    i.HAL_PCD_EP_ClrStall                    0x08000818   Section        0  stm32f1xx_hal_pcd.o(i.HAL_PCD_EP_ClrStall)
    i.HAL_PCD_EP_Open                        0x08000860   Section        0  stm32f1xx_hal_pcd.o(i.HAL_PCD_EP_Open)
    i.HAL_PCD_EP_Receive                     0x080008a4   Section        0  stm32f1xx_hal_pcd.o(i.HAL_PCD_EP_Receive)
    i.HAL_PCD_EP_SetStall                    0x080008d2   Section        0  stm32f1xx_hal_pcd.o(i.HAL_PCD_EP_SetStall)
    i.HAL_PCD_EP_Transmit                    0x08000928   Section        0  stm32f1xx_hal_pcd.o(i.HAL_PCD_EP_Transmit)
    i.HAL_PCD_IRQHandler                     0x08000952   Section        0  stm32f1xx_hal_pcd.o(i.HAL_PCD_IRQHandler)
    i.HAL_PCD_Init                           0x08000a60   Section        0  stm32f1xx_hal_pcd.o(i.HAL_PCD_Init)
    i.HAL_PCD_MspInit                        0x08000b20   Section        0  usbd_conf.o(i.HAL_PCD_MspInit)
    i.HAL_PCD_ResetCallback                  0x08000b5c   Section        0  usbd_conf.o(i.HAL_PCD_ResetCallback)
    i.HAL_PCD_ResumeCallback                 0x08000b76   Section        0  usbd_conf.o(i.HAL_PCD_ResumeCallback)
    i.HAL_PCD_SOFCallback                    0x08000b7e   Section        0  usbd_conf.o(i.HAL_PCD_SOFCallback)
    i.HAL_PCD_SetAddress                     0x08000b86   Section        0  stm32f1xx_hal_pcd.o(i.HAL_PCD_SetAddress)
    i.HAL_PCD_SetupStageCallback             0x08000bae   Section        0  usbd_conf.o(i.HAL_PCD_SetupStageCallback)
    i.HAL_PCD_Start                          0x08000bbc   Section        0  stm32f1xx_hal_pcd.o(i.HAL_PCD_Start)
    i.HAL_PCD_Stop                           0x08000bee   Section        0  stm32f1xx_hal_pcd.o(i.HAL_PCD_Stop)
    i.HAL_PCD_SuspendCallback                0x08000c20   Section        0  usbd_conf.o(i.HAL_PCD_SuspendCallback)
    i.HAL_RCCEx_PeriphCLKConfig              0x08000c44   Section        0  stm32f1xx_hal_rcc_ex.o(i.HAL_RCCEx_PeriphCLKConfig)
    i.HAL_RCC_ClockConfig                    0x08000d30   Section        0  stm32f1xx_hal_rcc.o(i.HAL_RCC_ClockConfig)
    i.HAL_RCC_GetHCLKFreq                    0x08000e84   Section        0  stm32f1xx_hal_rcc.o(i.HAL_RCC_GetHCLKFreq)
    i.HAL_RCC_GetSysClockFreq                0x08000e90   Section        0  stm32f1xx_hal_rcc.o(i.HAL_RCC_GetSysClockFreq)
    i.HAL_RCC_OscConfig                      0x08000efc   Section        0  stm32f1xx_hal_rcc.o(i.HAL_RCC_OscConfig)
    i.HAL_SYSTICK_CLKSourceConfig            0x08001200   Section        0  stm32f1xx_hal_cortex.o(i.HAL_SYSTICK_CLKSourceConfig)
    i.HAL_SYSTICK_Callback                   0x08001218   Section        0  stm32f1xx_hal_cortex.o(i.HAL_SYSTICK_Callback)
    i.HAL_SYSTICK_Config                     0x0800121a   Section        0  stm32f1xx_hal_cortex.o(i.HAL_SYSTICK_Config)
    i.HAL_SYSTICK_IRQHandler                 0x08001242   Section        0  stm32f1xx_hal_cortex.o(i.HAL_SYSTICK_IRQHandler)
    i.HardFault_Handler                      0x0800124a   Section        0  stm32f1xx_it.o(i.HardFault_Handler)
    i.MEM_If_DeInit_FS                       0x0800124c   Section        0  usbd_dfu_if.o(i.MEM_If_DeInit_FS)
    MEM_If_DeInit_FS                         0x0800124d   Thumb Code     4  usbd_dfu_if.o(i.MEM_If_DeInit_FS)
    i.MEM_If_Erase_FS                        0x08001250   Section        0  usbd_dfu_if.o(i.MEM_If_Erase_FS)
    MEM_If_Erase_FS                          0x08001251   Thumb Code     4  usbd_dfu_if.o(i.MEM_If_Erase_FS)
    i.MEM_If_GetStatus_FS                    0x08001254   Section        0  usbd_dfu_if.o(i.MEM_If_GetStatus_FS)
    MEM_If_GetStatus_FS                      0x08001255   Thumb Code     4  usbd_dfu_if.o(i.MEM_If_GetStatus_FS)
    i.MEM_If_Init_FS                         0x08001258   Section        0  usbd_dfu_if.o(i.MEM_If_Init_FS)
    MEM_If_Init_FS                           0x08001259   Thumb Code     4  usbd_dfu_if.o(i.MEM_If_Init_FS)
    i.MEM_If_Read_FS                         0x0800125c   Section        0  usbd_dfu_if.o(i.MEM_If_Read_FS)
    MEM_If_Read_FS                           0x0800125d   Thumb Code     4  usbd_dfu_if.o(i.MEM_If_Read_FS)
    i.MEM_If_Write_FS                        0x08001260   Section        0  usbd_dfu_if.o(i.MEM_If_Write_FS)
    MEM_If_Write_FS                          0x08001261   Thumb Code     4  usbd_dfu_if.o(i.MEM_If_Write_FS)
    i.MX_GPIO_Init                           0x08001264   Section        0  main.o(i.MX_GPIO_Init)
    MX_GPIO_Init                             0x08001265   Thumb Code    92  main.o(i.MX_GPIO_Init)
    i.MX_USB_DEVICE_Init                     0x080012c8   Section        0  usb_device.o(i.MX_USB_DEVICE_Init)
    i.MemManage_Handler                      0x08001300   Section        0  stm32f1xx_it.o(i.MemManage_Handler)
    i.NMI_Handler                            0x08001302   Section        0  stm32f1xx_it.o(i.NMI_Handler)
    i.NVIC_SetPriority                       0x08001304   Section        0  stm32f1xx_hal_cortex.o(i.NVIC_SetPriority)
    NVIC_SetPriority                         0x08001305   Thumb Code    32  stm32f1xx_hal_cortex.o(i.NVIC_SetPriority)
    i.PCD_EP_ISR_Handler                     0x08001324   Section        0  stm32f1xx_hal_pcd.o(i.PCD_EP_ISR_Handler)
    PCD_EP_ISR_Handler                       0x08001325   Thumb Code   866  stm32f1xx_hal_pcd.o(i.PCD_EP_ISR_Handler)
    i.PendSV_Handler                         0x08001686   Section        0  stm32f1xx_it.o(i.PendSV_Handler)
    i.SVC_Handler                            0x08001688   Section        0  stm32f1xx_it.o(i.SVC_Handler)
    i.SysTick_Handler                        0x0800168a   Section        0  stm32f1xx_it.o(i.SysTick_Handler)
    i.SystemClock_Config                     0x08001698   Section        0  main.o(i.SystemClock_Config)
    i.SystemInit                             0x08001710   Section        0  system_stm32f1xx.o(i.SystemInit)
    i.USBD_ClrClassConfig                    0x08001758   Section        0  usbd_core.o(i.USBD_ClrClassConfig)
    i.USBD_CtlContinueRx                     0x08001766   Section        0  usbd_ioreq.o(i.USBD_CtlContinueRx)
    i.USBD_CtlContinueSendData               0x08001776   Section        0  usbd_ioreq.o(i.USBD_CtlContinueSendData)
    i.USBD_CtlError                          0x08001786   Section        0  usbd_ctlreq.o(i.USBD_CtlError)
    i.USBD_CtlPrepareRx                      0x0800179c   Section        0  usbd_ioreq.o(i.USBD_CtlPrepareRx)
    i.USBD_CtlReceiveStatus                  0x080017ba   Section        0  usbd_ioreq.o(i.USBD_CtlReceiveStatus)
    i.USBD_CtlSendData                       0x080017d0   Section        0  usbd_ioreq.o(i.USBD_CtlSendData)
    i.USBD_CtlSendStatus                     0x080017ea   Section        0  usbd_ioreq.o(i.USBD_CtlSendStatus)
    i.USBD_DFU_DataIn                        0x08001800   Section        0  usbd_dfu.o(i.USBD_DFU_DataIn)
    USBD_DFU_DataIn                          0x08001801   Thumb Code     4  usbd_dfu.o(i.USBD_DFU_DataIn)
    i.USBD_DFU_DataOut                       0x08001804   Section        0  usbd_dfu.o(i.USBD_DFU_DataOut)
    USBD_DFU_DataOut                         0x08001805   Thumb Code     4  usbd_dfu.o(i.USBD_DFU_DataOut)
    i.USBD_DFU_DeInit                        0x08001808   Section        0  usbd_dfu.o(i.USBD_DFU_DeInit)
    USBD_DFU_DeInit                          0x08001809   Thumb Code    62  usbd_dfu.o(i.USBD_DFU_DeInit)
    i.USBD_DFU_EP0_RxReady                   0x08001846   Section        0  usbd_dfu.o(i.USBD_DFU_EP0_RxReady)
    USBD_DFU_EP0_RxReady                     0x08001847   Thumb Code     4  usbd_dfu.o(i.USBD_DFU_EP0_RxReady)
    i.USBD_DFU_EP0_TxReady                   0x0800184a   Section        0  usbd_dfu.o(i.USBD_DFU_EP0_TxReady)
    USBD_DFU_EP0_TxReady                     0x0800184b   Thumb Code   226  usbd_dfu.o(i.USBD_DFU_EP0_TxReady)
    i.USBD_DFU_GetCfgDesc                    0x0800192c   Section        0  usbd_dfu.o(i.USBD_DFU_GetCfgDesc)
    USBD_DFU_GetCfgDesc                      0x0800192d   Thumb Code     8  usbd_dfu.o(i.USBD_DFU_GetCfgDesc)
    i.USBD_DFU_GetDeviceQualifierDesc        0x08001938   Section        0  usbd_dfu.o(i.USBD_DFU_GetDeviceQualifierDesc)
    USBD_DFU_GetDeviceQualifierDesc          0x08001939   Thumb Code     8  usbd_dfu.o(i.USBD_DFU_GetDeviceQualifierDesc)
    i.USBD_DFU_GetUsrStringDesc              0x08001944   Section        0  usbd_dfu.o(i.USBD_DFU_GetUsrStringDesc)
    USBD_DFU_GetUsrStringDesc                0x08001945   Thumb Code    26  usbd_dfu.o(i.USBD_DFU_GetUsrStringDesc)
    i.USBD_DFU_Init                          0x08001964   Section        0  usbd_dfu.o(i.USBD_DFU_Init)
    USBD_DFU_Init                            0x08001965   Thumb Code    74  usbd_dfu.o(i.USBD_DFU_Init)
    i.USBD_DFU_IsoINIncomplete               0x080019ae   Section        0  usbd_dfu.o(i.USBD_DFU_IsoINIncomplete)
    USBD_DFU_IsoINIncomplete                 0x080019af   Thumb Code     4  usbd_dfu.o(i.USBD_DFU_IsoINIncomplete)
    i.USBD_DFU_IsoOutIncomplete              0x080019b2   Section        0  usbd_dfu.o(i.USBD_DFU_IsoOutIncomplete)
    USBD_DFU_IsoOutIncomplete                0x080019b3   Thumb Code     4  usbd_dfu.o(i.USBD_DFU_IsoOutIncomplete)
    i.USBD_DFU_RegisterMedia                 0x080019b6   Section        0  usbd_dfu.o(i.USBD_DFU_RegisterMedia)
    i.USBD_DFU_SOF                           0x080019c0   Section        0  usbd_dfu.o(i.USBD_DFU_SOF)
    USBD_DFU_SOF                             0x080019c1   Thumb Code     4  usbd_dfu.o(i.USBD_DFU_SOF)
    i.USBD_DFU_Setup                         0x080019c4   Section        0  usbd_dfu.o(i.USBD_DFU_Setup)
    USBD_DFU_Setup                           0x080019c5   Thumb Code   302  usbd_dfu.o(i.USBD_DFU_Setup)
    i.USBD_FS_ConfigStrDescriptor            0x08001af8   Section        0  usbd_desc.o(i.USBD_FS_ConfigStrDescriptor)
    i.USBD_FS_DeviceDescriptor               0x08001b18   Section        0  usbd_desc.o(i.USBD_FS_DeviceDescriptor)
    i.USBD_FS_InterfaceStrDescriptor         0x08001b24   Section        0  usbd_desc.o(i.USBD_FS_InterfaceStrDescriptor)
    i.USBD_FS_LangIDStrDescriptor            0x08001b48   Section        0  usbd_desc.o(i.USBD_FS_LangIDStrDescriptor)
    i.USBD_FS_ManufacturerStrDescriptor      0x08001b54   Section        0  usbd_desc.o(i.USBD_FS_ManufacturerStrDescriptor)
    i.USBD_FS_ProductStrDescriptor           0x08001b7c   Section        0  usbd_desc.o(i.USBD_FS_ProductStrDescriptor)
    i.USBD_FS_SerialStrDescriptor            0x08001bb0   Section        0  usbd_desc.o(i.USBD_FS_SerialStrDescriptor)
    i.USBD_GetDescriptor                     0x08001bd4   Section        0  usbd_ctlreq.o(i.USBD_GetDescriptor)
    USBD_GetDescriptor                       0x08001bd5   Thumb Code   242  usbd_ctlreq.o(i.USBD_GetDescriptor)
    i.USBD_GetString                         0x08001cc6   Section        0  usbd_ctlreq.o(i.USBD_GetString)
    i.USBD_Init                              0x08001d0c   Section        0  usbd_core.o(i.USBD_Init)
    i.USBD_LL_ClearStallEP                   0x08001d36   Section        0  usbd_conf.o(i.USBD_LL_ClearStallEP)
    i.USBD_LL_DataInStage                    0x08001d56   Section        0  usbd_core.o(i.USBD_LL_DataInStage)
    i.USBD_LL_DataOutStage                   0x08001e00   Section        0  usbd_core.o(i.USBD_LL_DataOutStage)
    i.USBD_LL_Init                           0x08001e6c   Section        0  usbd_conf.o(i.USBD_LL_Init)
    i.USBD_LL_IsStallEP                      0x08001ee0   Section        0  usbd_conf.o(i.USBD_LL_IsStallEP)
    i.USBD_LL_OpenEP                         0x08001efc   Section        0  usbd_conf.o(i.USBD_LL_OpenEP)
    i.USBD_LL_PrepareReceive                 0x08001f22   Section        0  usbd_conf.o(i.USBD_LL_PrepareReceive)
    i.USBD_LL_Reset                          0x08001f42   Section        0  usbd_core.o(i.USBD_LL_Reset)
    i.USBD_LL_Resume                         0x08001f80   Section        0  usbd_core.o(i.USBD_LL_Resume)
    i.USBD_LL_SOF                            0x08001f8c   Section        0  usbd_core.o(i.USBD_LL_SOF)
    i.USBD_LL_SetSpeed                       0x08001fa4   Section        0  usbd_core.o(i.USBD_LL_SetSpeed)
    i.USBD_LL_SetUSBAddress                  0x08001faa   Section        0  usbd_conf.o(i.USBD_LL_SetUSBAddress)
    i.USBD_LL_SetupStage                     0x08001fca   Section        0  usbd_core.o(i.USBD_LL_SetupStage)
    i.USBD_LL_StallEP                        0x08002024   Section        0  usbd_conf.o(i.USBD_LL_StallEP)
    i.USBD_LL_Start                          0x08002044   Section        0  usbd_conf.o(i.USBD_LL_Start)
    i.USBD_LL_Stop                           0x08002064   Section        0  usbd_conf.o(i.USBD_LL_Stop)
    i.USBD_LL_Suspend                        0x08002084   Section        0  usbd_core.o(i.USBD_LL_Suspend)
    i.USBD_LL_Transmit                       0x08002096   Section        0  usbd_conf.o(i.USBD_LL_Transmit)
    i.USBD_ParseSetupRequest                 0x080020b6   Section        0  usbd_ctlreq.o(i.USBD_ParseSetupRequest)
    i.USBD_RegisterClass                     0x080020de   Section        0  usbd_core.o(i.USBD_RegisterClass)
    i.USBD_SetClassConfig                    0x080020ee   Section        0  usbd_core.o(i.USBD_SetClassConfig)
    i.USBD_SetConfig                         0x08002104   Section        0  usbd_ctlreq.o(i.USBD_SetConfig)
    USBD_SetConfig                           0x08002105   Thumb Code   110  usbd_ctlreq.o(i.USBD_SetConfig)
    i.USBD_Start                             0x08002178   Section        0  usbd_core.o(i.USBD_Start)
    i.USBD_StdDevReq                         0x08002182   Section        0  usbd_ctlreq.o(i.USBD_StdDevReq)
    i.USBD_StdEPReq                          0x08002274   Section        0  usbd_ctlreq.o(i.USBD_StdEPReq)
    i.USBD_StdItfReq                         0x08002350   Section        0  usbd_ctlreq.o(i.USBD_StdItfReq)
    i.USBD_Stop                              0x08002384   Section        0  usbd_core.o(i.USBD_Stop)
    i.USBD_static_free                       0x0800239e   Section        0  usbd_conf.o(i.USBD_static_free)
    i.USBD_static_malloc                     0x080023a0   Section        0  usbd_conf.o(i.USBD_static_malloc)
    i.USB_ActivateEndpoint                   0x080023a8   Section        0  stm32f1xx_ll_usb.o(i.USB_ActivateEndpoint)
    i.USB_CoreInit                           0x08002604   Section        0  stm32f1xx_ll_usb.o(i.USB_CoreInit)
    i.USB_DevConnect                         0x08002608   Section        0  stm32f1xx_ll_usb.o(i.USB_DevConnect)
    i.USB_DevDisconnect                      0x0800260c   Section        0  stm32f1xx_ll_usb.o(i.USB_DevDisconnect)
    i.USB_DevInit                            0x08002610   Section        0  stm32f1xx_ll_usb.o(i.USB_DevInit)
    i.USB_DisableGlobalInt                   0x0800262e   Section        0  stm32f1xx_ll_usb.o(i.USB_DisableGlobalInt)
    i.USB_EP0_OutStart                       0x0800263c   Section        0  stm32f1xx_ll_usb.o(i.USB_EP0_OutStart)
    i.USB_EPClearStall                       0x08002640   Section        0  stm32f1xx_ll_usb.o(i.USB_EPClearStall)
    i.USB_EPSetStall                         0x080026aa   Section        0  stm32f1xx_ll_usb.o(i.USB_EPSetStall)
    i.USB_EPStartXfer                        0x080026f4   Section        0  stm32f1xx_ll_usb.o(i.USB_EPStartXfer)
    i.USB_EnableGlobalInt                    0x0800289e   Section        0  stm32f1xx_ll_usb.o(i.USB_EnableGlobalInt)
    i.USB_LP_CAN1_RX0_IRQHandler             0x080028ac   Section        0  stm32f1xx_it.o(i.USB_LP_CAN1_RX0_IRQHandler)
    i.USB_ReadInterrupts                     0x080028b8   Section        0  stm32f1xx_ll_usb.o(i.USB_ReadInterrupts)
    i.USB_ReadPMA                            0x080028c0   Section        0  stm32f1xx_ll_usb.o(i.USB_ReadPMA)
    i.USB_SetCurrentMode                     0x080028de   Section        0  stm32f1xx_ll_usb.o(i.USB_SetCurrentMode)
    i.USB_SetDevAddress                      0x080028e2   Section        0  stm32f1xx_ll_usb.o(i.USB_SetDevAddress)
    i.USB_StopDevice                         0x080028ee   Section        0  stm32f1xx_ll_usb.o(i.USB_StopDevice)
    i.USB_WritePMA                           0x08002900   Section        0  stm32f1xx_ll_usb.o(i.USB_WritePMA)
    i.UsageFault_Handler                     0x08002926   Section        0  stm32f1xx_it.o(i.UsageFault_Handler)
    i._Error_Handler                         0x08002928   Section        0  main.o(i._Error_Handler)
    i.__scatterload_copy                     0x0800292a   Section       14  handlers.o(i.__scatterload_copy)
    i.__scatterload_null                     0x08002938   Section        2  handlers.o(i.__scatterload_null)
    i.__scatterload_zeroinit                 0x0800293a   Section       14  handlers.o(i.__scatterload_zeroinit)
    i.main                                   0x08002948   Section        0  main.o(i.main)
    .constdata                               0x0800295a   Section       16  system_stm32f1xx.o(.constdata)
    .conststring                             0x0800296c   Section       93  usbd_dfu_if.o(.conststring)
    .data                                    0x20000000   Section        1  usbd_ctlreq.o(.data)
    cfgidx                                   0x20000000   Data           1  usbd_ctlreq.o(.data)
    .data                                    0x20000004   Section       60  usbd_dfu.o(.data)
    .data                                    0x20000040   Section       38  usbd_dfu.o(.data)
    USBD_DFU_CfgDesc                         0x20000040   Data          27  usbd_dfu.o(.data)
    USBD_DFU_DeviceQualifierDesc             0x2000005c   Data          10  usbd_dfu.o(.data)
    .data                                    0x20000068   Section       28  usbd_desc.o(.data)
    .data                                    0x20000084   Section       22  usbd_desc.o(.data)
    .data                                    0x2000009c   Section       28  usbd_dfu_if.o(.data)
    .data                                    0x200000b8   Section       12  stm32f1xx_hal.o(.data)
    .data                                    0x200000c4   Section        4  system_stm32f1xx.o(.data)
    .bss                                     0x200000c8   Section      255  usbd_dfu.o(.bss)
    USBD_StrDesc                             0x200000c8   Data         255  usbd_dfu.o(.bss)
    .bss                                     0x200001c8   Section     2172  usbd_conf.o(.bss)
    mem                                      0x200001c8   Data        1052  usbd_conf.o(.bss)
    .bss                                     0x20000a44   Section      548  usb_device.o(.bss)
    .bss                                     0x20000c68   Section      512  usbd_desc.o(.bss)
    STACK                                    0x20000e68   Section     1024  startup_stm32f103xb.o(STACK)

    Global Symbols

    Symbol Name                              Value     Ov Type        Size  Object(Section)

    BuildAttributes$$THM_ISAv4$P$D$K$B$S$PE$A:L22UL41UL21$X:L11$S22US41US21$IEEE1$IW$USESV6$~STKCKD$USESV7$~SHL$OSPACE$EBA8$MICROLIB$REQ8$PRES8$EABIv2 0x00000000   Number         0  anon$$obj.o ABSOLUTE
    __ARM_use_no_argv                        0x00000000   Number         0  main.o ABSOLUTE
    __cpp_initialize__aeabi_                  - Undefined Weak Reference
    __cxa_finalize                            - Undefined Weak Reference
    __decompress                              - Undefined Weak Reference
    _clock_init                               - Undefined Weak Reference
    _microlib_exit                            - Undefined Weak Reference
    __Vectors_Size                           0x000000ec   Number         0  startup_stm32f103xb.o ABSOLUTE
    __Vectors                                0x08000000   Data           4  startup_stm32f103xb.o(RESET)
    __Vectors_End                            0x080000ec   Data           0  startup_stm32f103xb.o(RESET)
    __main                                   0x080000ed   Thumb Code     0  entry.o(.ARM.Collect$$$$00000000)
    _main_stk                                0x080000ed   Thumb Code     0  entry2.o(.ARM.Collect$$$$00000001)
    _main_scatterload                        0x080000f1   Thumb Code     0  entry5.o(.ARM.Collect$$$$00000004)
    __main_after_scatterload                 0x080000f5   Thumb Code     0  entry5.o(.ARM.Collect$$$$00000004)
    _main_clock                              0x080000f5   Thumb Code     0  entry7b.o(.ARM.Collect$$$$00000008)
    _main_cpp_init                           0x080000f5   Thumb Code     0  entry8b.o(.ARM.Collect$$$$0000000A)
    _main_init                               0x080000f5   Thumb Code     0  entry9a.o(.ARM.Collect$$$$0000000B)
    __rt_final_cpp                           0x080000fd   Thumb Code     0  entry10a.o(.ARM.Collect$$$$0000000D)
    __rt_final_exit                          0x080000fd   Thumb Code     0  entry11a.o(.ARM.Collect$$$$0000000F)
    Reset_Handler                            0x08000101   Thumb Code     8  startup_stm32f103xb.o(.text)
    ADC1_2_IRQHandler                        0x0800011b   Thumb Code     0  startup_stm32f103xb.o(.text)
    CAN1_RX1_IRQHandler                      0x0800011b   Thumb Code     0  startup_stm32f103xb.o(.text)
    CAN1_SCE_IRQHandler                      0x0800011b   Thumb Code     0  startup_stm32f103xb.o(.text)
    DMA1_Channel1_IRQHandler                 0x0800011b   Thumb Code     0  startup_stm32f103xb.o(.text)
    DMA1_Channel2_IRQHandler                 0x0800011b   Thumb Code     0  startup_stm32f103xb.o(.text)
    DMA1_Channel3_IRQHandler                 0x0800011b   Thumb Code     0  startup_stm32f103xb.o(.text)
    DMA1_Channel4_IRQHandler                 0x0800011b   Thumb Code     0  startup_stm32f103xb.o(.text)
    DMA1_Channel5_IRQHandler                 0x0800011b   Thumb Code     0  startup_stm32f103xb.o(.text)
    DMA1_Channel6_IRQHandler                 0x0800011b   Thumb Code     0  startup_stm32f103xb.o(.text)
    DMA1_Channel7_IRQHandler                 0x0800011b   Thumb Code     0  startup_stm32f103xb.o(.text)
    EXTI0_IRQHandler                         0x0800011b   Thumb Code     0  startup_stm32f103xb.o(.text)
    EXTI15_10_IRQHandler                     0x0800011b   Thumb Code     0  startup_stm32f103xb.o(.text)
    EXTI1_IRQHandler                         0x0800011b   Thumb Code     0  startup_stm32f103xb.o(.text)
    EXTI2_IRQHandler                         0x0800011b   Thumb Code     0  startup_stm32f103xb.o(.text)
    EXTI3_IRQHandler                         0x0800011b   Thumb Code     0  startup_stm32f103xb.o(.text)
    EXTI4_IRQHandler                         0x0800011b   Thumb Code     0  startup_stm32f103xb.o(.text)
    EXTI9_5_IRQHandler                       0x0800011b   Thumb Code     0  startup_stm32f103xb.o(.text)
    FLASH_IRQHandler                         0x0800011b   Thumb Code     0  startup_stm32f103xb.o(.text)
    I2C1_ER_IRQHandler                       0x0800011b   Thumb Code     0  startup_stm32f103xb.o(.text)
    I2C1_EV_IRQHandler                       0x0800011b   Thumb Code     0  startup_stm32f103xb.o(.text)
    I2C2_ER_IRQHandler                       0x0800011b   Thumb Code     0  startup_stm32f103xb.o(.text)
    I2C2_EV_IRQHandler                       0x0800011b   Thumb Code     0  startup_stm32f103xb.o(.text)
    PVD_IRQHandler                           0x0800011b   Thumb Code     0  startup_stm32f103xb.o(.text)
    RCC_IRQHandler                           0x0800011b   Thumb Code     0  startup_stm32f103xb.o(.text)
    RTC_Alarm_IRQHandler                     0x0800011b   Thumb Code     0  startup_stm32f103xb.o(.text)
    RTC_IRQHandler                           0x0800011b   Thumb Code     0  startup_stm32f103xb.o(.text)
    SPI1_IRQHandler                          0x0800011b   Thumb Code     0  startup_stm32f103xb.o(.text)
    SPI2_IRQHandler                          0x0800011b   Thumb Code     0  startup_stm32f103xb.o(.text)
    TAMPER_IRQHandler                        0x0800011b   Thumb Code     0  startup_stm32f103xb.o(.text)
    TIM1_BRK_IRQHandler                      0x0800011b   Thumb Code     0  startup_stm32f103xb.o(.text)
    TIM1_CC_IRQHandler                       0x0800011b   Thumb Code     0  startup_stm32f103xb.o(.text)
    TIM1_TRG_COM_IRQHandler                  0x0800011b   Thumb Code     0  startup_stm32f103xb.o(.text)
    TIM1_UP_IRQHandler                       0x0800011b   Thumb Code     0  startup_stm32f103xb.o(.text)
    TIM2_IRQHandler                          0x0800011b   Thumb Code     0  startup_stm32f103xb.o(.text)
    TIM3_IRQHandler                          0x0800011b   Thumb Code     0  startup_stm32f103xb.o(.text)
    TIM4_IRQHandler                          0x0800011b   Thumb Code     0  startup_stm32f103xb.o(.text)
    USART1_IRQHandler                        0x0800011b   Thumb Code     0  startup_stm32f103xb.o(.text)
    USART2_IRQHandler                        0x0800011b   Thumb Code     0  startup_stm32f103xb.o(.text)
    USART3_IRQHandler                        0x0800011b   Thumb Code     0  startup_stm32f103xb.o(.text)
    USBWakeUp_IRQHandler                     0x0800011b   Thumb Code     0  startup_stm32f103xb.o(.text)
    USB_HP_CAN1_TX_IRQHandler                0x0800011b   Thumb Code     0  startup_stm32f103xb.o(.text)
    WWDG_IRQHandler                          0x0800011b   Thumb Code     0  startup_stm32f103xb.o(.text)
    __aeabi_memcpy                           0x08000125   Thumb Code    36  memcpya.o(.text)
    __aeabi_memcpy4                          0x08000125   Thumb Code     0  memcpya.o(.text)
    __aeabi_memcpy8                          0x08000125   Thumb Code     0  memcpya.o(.text)
    __scatterload                            0x08000149   Thumb Code    28  init.o(.text)
    __scatterload_rt2                        0x08000149   Thumb Code     0  init.o(.text)
    BusFault_Handler                         0x0800016d   Thumb Code     2  stm32f1xx_it.o(i.BusFault_Handler)
    DebugMon_Handler                         0x08000459   Thumb Code     2  stm32f1xx_it.o(i.DebugMon_Handler)
    HAL_Delay                                0x0800045d   Thumb Code    32  stm32f1xx_hal.o(i.HAL_Delay)
    HAL_GPIO_Init                            0x08000481   Thumb Code   408  stm32f1xx_hal_gpio.o(i.HAL_GPIO_Init)
    HAL_GPIO_WritePin                        0x0800063d   Thumb Code    10  stm32f1xx_hal_gpio.o(i.HAL_GPIO_WritePin)
    HAL_GetTick                              0x08000649   Thumb Code     6  stm32f1xx_hal.o(i.HAL_GetTick)
    HAL_IncTick                              0x08000655   Thumb Code    12  stm32f1xx_hal.o(i.HAL_IncTick)
    HAL_Init                                 0x08000665   Thumb Code    32  stm32f1xx_hal.o(i.HAL_Init)
    HAL_InitTick                             0x08000689   Thumb Code    54  stm32f1xx_hal.o(i.HAL_InitTick)
    HAL_MspInit                              0x080006c9   Thumb Code   118  stm32f1xx_hal_msp.o(i.HAL_MspInit)
    HAL_NVIC_EnableIRQ                       0x08000749   Thumb Code    22  stm32f1xx_hal_cortex.o(i.HAL_NVIC_EnableIRQ)
    HAL_NVIC_SetPriority                     0x08000761   Thumb Code    60  stm32f1xx_hal_cortex.o(i.HAL_NVIC_SetPriority)
    HAL_NVIC_SetPriorityGrouping             0x080007a1   Thumb Code    26  stm32f1xx_hal_cortex.o(i.HAL_NVIC_SetPriorityGrouping)
    HAL_PCDEx_PMAConfig                      0x080007c5   Thumb Code    52  stm32f1xx_hal_pcd_ex.o(i.HAL_PCDEx_PMAConfig)
    HAL_PCDEx_SetConnectionState             0x080007f9   Thumb Code     2  usbd_conf.o(i.HAL_PCDEx_SetConnectionState)
    HAL_PCD_DataInStageCallback              0x080007fb   Thumb Code    14  usbd_conf.o(i.HAL_PCD_DataInStageCallback)
    HAL_PCD_DataOutStageCallback             0x08000809   Thumb Code    16  usbd_conf.o(i.HAL_PCD_DataOutStageCallback)
    HAL_PCD_EP_ClrStall                      0x08000819   Thumb Code    72  stm32f1xx_hal_pcd.o(i.HAL_PCD_EP_ClrStall)
    HAL_PCD_EP_Open                          0x08000861   Thumb Code    68  stm32f1xx_hal_pcd.o(i.HAL_PCD_EP_Open)
    HAL_PCD_EP_Receive                       0x080008a5   Thumb Code    46  stm32f1xx_hal_pcd.o(i.HAL_PCD_EP_Receive)
    HAL_PCD_EP_SetStall                      0x080008d3   Thumb Code    86  stm32f1xx_hal_pcd.o(i.HAL_PCD_EP_SetStall)
    HAL_PCD_EP_Transmit                      0x08000929   Thumb Code    42  stm32f1xx_hal_pcd.o(i.HAL_PCD_EP_Transmit)
    HAL_PCD_IRQHandler                       0x08000953   Thumb Code   268  stm32f1xx_hal_pcd.o(i.HAL_PCD_IRQHandler)
    HAL_PCD_Init                             0x08000a61   Thumb Code   192  stm32f1xx_hal_pcd.o(i.HAL_PCD_Init)
    HAL_PCD_MspInit                          0x08000b21   Thumb Code    50  usbd_conf.o(i.HAL_PCD_MspInit)
    HAL_PCD_ResetCallback                    0x08000b5d   Thumb Code    26  usbd_conf.o(i.HAL_PCD_ResetCallback)
    HAL_PCD_ResumeCallback                   0x08000b77   Thumb Code     8  usbd_conf.o(i.HAL_PCD_ResumeCallback)
    HAL_PCD_SOFCallback                      0x08000b7f   Thumb Code     8  usbd_conf.o(i.HAL_PCD_SOFCallback)
    HAL_PCD_SetAddress                       0x08000b87   Thumb Code    40  stm32f1xx_hal_pcd.o(i.HAL_PCD_SetAddress)
    HAL_PCD_SetupStageCallback               0x08000baf   Thumb Code    14  usbd_conf.o(i.HAL_PCD_SetupStageCallback)
    HAL_PCD_Start                            0x08000bbd   Thumb Code    50  stm32f1xx_hal_pcd.o(i.HAL_PCD_Start)
    HAL_PCD_Stop                             0x08000bef   Thumb Code    48  stm32f1xx_hal_pcd.o(i.HAL_PCD_Stop)
    HAL_PCD_SuspendCallback                  0x08000c21   Thumb Code    30  usbd_conf.o(i.HAL_PCD_SuspendCallback)
    HAL_RCCEx_PeriphCLKConfig                0x08000c45   Thumb Code   224  stm32f1xx_hal_rcc_ex.o(i.HAL_RCCEx_PeriphCLKConfig)
    HAL_RCC_ClockConfig                      0x08000d31   Thumb Code   322  stm32f1xx_hal_rcc.o(i.HAL_RCC_ClockConfig)
    HAL_RCC_GetHCLKFreq                      0x08000e85   Thumb Code     6  stm32f1xx_hal_rcc.o(i.HAL_RCC_GetHCLKFreq)
    HAL_RCC_GetSysClockFreq                  0x08000e91   Thumb Code    74  stm32f1xx_hal_rcc.o(i.HAL_RCC_GetSysClockFreq)
    HAL_RCC_OscConfig                        0x08000efd   Thumb Code   750  stm32f1xx_hal_rcc.o(i.HAL_RCC_OscConfig)
    HAL_SYSTICK_CLKSourceConfig              0x08001201   Thumb Code    24  stm32f1xx_hal_cortex.o(i.HAL_SYSTICK_CLKSourceConfig)
    HAL_SYSTICK_Callback                     0x08001219   Thumb Code     2  stm32f1xx_hal_cortex.o(i.HAL_SYSTICK_Callback)
    HAL_SYSTICK_Config                       0x0800121b   Thumb Code    40  stm32f1xx_hal_cortex.o(i.HAL_SYSTICK_Config)
    HAL_SYSTICK_IRQHandler                   0x08001243   Thumb Code     8  stm32f1xx_hal_cortex.o(i.HAL_SYSTICK_IRQHandler)
    HardFault_Handler                        0x0800124b   Thumb Code     2  stm32f1xx_it.o(i.HardFault_Handler)
    MX_USB_DEVICE_Init                       0x080012c9   Thumb Code    38  usb_device.o(i.MX_USB_DEVICE_Init)
    MemManage_Handler                        0x08001301   Thumb Code     2  stm32f1xx_it.o(i.MemManage_Handler)
    NMI_Handler                              0x08001303   Thumb Code     2  stm32f1xx_it.o(i.NMI_Handler)
    PendSV_Handler                           0x08001687   Thumb Code     2  stm32f1xx_it.o(i.PendSV_Handler)
    SVC_Handler                              0x08001689   Thumb Code     2  stm32f1xx_it.o(i.SVC_Handler)
    SysTick_Handler                          0x0800168b   Thumb Code    14  stm32f1xx_it.o(i.SysTick_Handler)
    SystemClock_Config                       0x08001699   Thumb Code   120  main.o(i.SystemClock_Config)
    SystemInit                               0x08001711   Thumb Code    56  system_stm32f1xx.o(i.SystemInit)
    USBD_ClrClassConfig                      0x08001759   Thumb Code    14  usbd_core.o(i.USBD_ClrClassConfig)
    USBD_CtlContinueRx                       0x08001767   Thumb Code    16  usbd_ioreq.o(i.USBD_CtlContinueRx)
    USBD_CtlContinueSendData                 0x08001777   Thumb Code    16  usbd_ioreq.o(i.USBD_CtlContinueSendData)
    USBD_CtlError                            0x08001787   Thumb Code    22  usbd_ctlreq.o(i.USBD_CtlError)
    USBD_CtlPrepareRx                        0x0800179d   Thumb Code    30  usbd_ioreq.o(i.USBD_CtlPrepareRx)
    USBD_CtlReceiveStatus                    0x080017bb   Thumb Code    22  usbd_ioreq.o(i.USBD_CtlReceiveStatus)
    USBD_CtlSendData                         0x080017d1   Thumb Code    26  usbd_ioreq.o(i.USBD_CtlSendData)
    USBD_CtlSendStatus                       0x080017eb   Thumb Code    22  usbd_ioreq.o(i.USBD_CtlSendStatus)
    USBD_DFU_RegisterMedia                   0x080019b7   Thumb Code    10  usbd_dfu.o(i.USBD_DFU_RegisterMedia)
    USBD_FS_ConfigStrDescriptor              0x08001af9   Thumb Code    16  usbd_desc.o(i.USBD_FS_ConfigStrDescriptor)
    USBD_FS_DeviceDescriptor                 0x08001b19   Thumb Code     8  usbd_desc.o(i.USBD_FS_DeviceDescriptor)
    USBD_FS_InterfaceStrDescriptor           0x08001b25   Thumb Code    16  usbd_desc.o(i.USBD_FS_InterfaceStrDescriptor)
    USBD_FS_LangIDStrDescriptor              0x08001b49   Thumb Code     8  usbd_desc.o(i.USBD_FS_LangIDStrDescriptor)
    USBD_FS_ManufacturerStrDescriptor        0x08001b55   Thumb Code    16  usbd_desc.o(i.USBD_FS_ManufacturerStrDescriptor)
    USBD_FS_ProductStrDescriptor             0x08001b7d   Thumb Code    16  usbd_desc.o(i.USBD_FS_ProductStrDescriptor)
    USBD_FS_SerialStrDescriptor              0x08001bb1   Thumb Code    16  usbd_desc.o(i.USBD_FS_SerialStrDescriptor)
    USBD_GetString                           0x08001cc7   Thumb Code    70  usbd_ctlreq.o(i.USBD_GetString)
    USBD_Init                                0x08001d0d   Thumb Code    42  usbd_core.o(i.USBD_Init)
    USBD_LL_ClearStallEP                     0x08001d37   Thumb Code    32  usbd_conf.o(i.USBD_LL_ClearStallEP)
    USBD_LL_DataInStage                      0x08001d57   Thumb Code   170  usbd_core.o(i.USBD_LL_DataInStage)
    USBD_LL_DataOutStage                     0x08001e01   Thumb Code   106  usbd_core.o(i.USBD_LL_DataOutStage)
    USBD_LL_Init                             0x08001e6d   Thumb Code    88  usbd_conf.o(i.USBD_LL_Init)
    USBD_LL_IsStallEP                        0x08001ee1   Thumb Code    28  usbd_conf.o(i.USBD_LL_IsStallEP)
    USBD_LL_OpenEP                           0x08001efd   Thumb Code    38  usbd_conf.o(i.USBD_LL_OpenEP)
    USBD_LL_PrepareReceive                   0x08001f23   Thumb Code    32  usbd_conf.o(i.USBD_LL_PrepareReceive)
    USBD_LL_Reset                            0x08001f43   Thumb Code    62  usbd_core.o(i.USBD_LL_Reset)
    USBD_LL_Resume                           0x08001f81   Thumb Code    12  usbd_core.o(i.USBD_LL_Resume)
    USBD_LL_SOF                              0x08001f8d   Thumb Code    24  usbd_core.o(i.USBD_LL_SOF)
    USBD_LL_SetSpeed                         0x08001fa5   Thumb Code     6  usbd_core.o(i.USBD_LL_SetSpeed)
    USBD_LL_SetUSBAddress                    0x08001fab   Thumb Code    32  usbd_conf.o(i.USBD_LL_SetUSBAddress)
    USBD_LL_SetupStage                       0x08001fcb   Thumb Code    90  usbd_core.o(i.USBD_LL_SetupStage)
    USBD_LL_StallEP                          0x08002025   Thumb Code    32  usbd_conf.o(i.USBD_LL_StallEP)
    USBD_LL_Start                            0x08002045   Thumb Code    32  usbd_conf.o(i.USBD_LL_Start)
    USBD_LL_Stop                             0x08002065   Thumb Code    32  usbd_conf.o(i.USBD_LL_Stop)
    USBD_LL_Suspend                          0x08002085   Thumb Code    18  usbd_core.o(i.USBD_LL_Suspend)
    USBD_LL_Transmit                         0x08002097   Thumb Code    32  usbd_conf.o(i.USBD_LL_Transmit)
    USBD_ParseSetupRequest                   0x080020b7   Thumb Code    40  usbd_ctlreq.o(i.USBD_ParseSetupRequest)
    USBD_RegisterClass                       0x080020df   Thumb Code    16  usbd_core.o(i.USBD_RegisterClass)
    USBD_SetClassConfig                      0x080020ef   Thumb Code    22  usbd_core.o(i.USBD_SetClassConfig)
    USBD_Start                               0x08002179   Thumb Code    10  usbd_core.o(i.USBD_Start)
    USBD_StdDevReq                           0x08002183   Thumb Code   242  usbd_ctlreq.o(i.USBD_StdDevReq)
    USBD_StdEPReq                            0x08002275   Thumb Code   220  usbd_ctlreq.o(i.USBD_StdEPReq)
    USBD_StdItfReq                           0x08002351   Thumb Code    52  usbd_ctlreq.o(i.USBD_StdItfReq)
    USBD_Stop                                0x08002385   Thumb Code    26  usbd_core.o(i.USBD_Stop)
    USBD_static_free                         0x0800239f   Thumb Code     2  usbd_conf.o(i.USBD_static_free)
    USBD_static_malloc                       0x080023a1   Thumb Code     4  usbd_conf.o(i.USBD_static_malloc)
    USB_ActivateEndpoint                     0x080023a9   Thumb Code   604  stm32f1xx_ll_usb.o(i.USB_ActivateEndpoint)
    USB_CoreInit                             0x08002605   Thumb Code     4  stm32f1xx_ll_usb.o(i.USB_CoreInit)
    USB_DevConnect                           0x08002609   Thumb Code     4  stm32f1xx_ll_usb.o(i.USB_DevConnect)
    USB_DevDisconnect                        0x0800260d   Thumb Code     4  stm32f1xx_ll_usb.o(i.USB_DevDisconnect)
    USB_DevInit                              0x08002611   Thumb Code    30  stm32f1xx_ll_usb.o(i.USB_DevInit)
    USB_DisableGlobalInt                     0x0800262f   Thumb Code    14  stm32f1xx_ll_usb.o(i.USB_DisableGlobalInt)
    USB_EP0_OutStart                         0x0800263d   Thumb Code     4  stm32f1xx_ll_usb.o(i.USB_EP0_OutStart)
    USB_EPClearStall                         0x08002641   Thumb Code   106  stm32f1xx_ll_usb.o(i.USB_EPClearStall)
    USB_EPSetStall                           0x080026ab   Thumb Code    74  stm32f1xx_ll_usb.o(i.USB_EPSetStall)
    USB_EPStartXfer                          0x080026f5   Thumb Code   426  stm32f1xx_ll_usb.o(i.USB_EPStartXfer)
    USB_EnableGlobalInt                      0x0800289f   Thumb Code    14  stm32f1xx_ll_usb.o(i.USB_EnableGlobalInt)
    USB_LP_CAN1_RX0_IRQHandler               0x080028ad   Thumb Code     6  stm32f1xx_it.o(i.USB_LP_CAN1_RX0_IRQHandler)
    USB_ReadInterrupts                       0x080028b9   Thumb Code     6  stm32f1xx_ll_usb.o(i.USB_ReadInterrupts)
    USB_ReadPMA                              0x080028c1   Thumb Code    30  stm32f1xx_ll_usb.o(i.USB_ReadPMA)
    USB_SetCurrentMode                       0x080028df   Thumb Code     4  stm32f1xx_ll_usb.o(i.USB_SetCurrentMode)
    USB_SetDevAddress                        0x080028e3   Thumb Code    12  stm32f1xx_ll_usb.o(i.USB_SetDevAddress)
    USB_StopDevice                           0x080028ef   Thumb Code    18  stm32f1xx_ll_usb.o(i.USB_StopDevice)
    USB_WritePMA                             0x08002901   Thumb Code    38  stm32f1xx_ll_usb.o(i.USB_WritePMA)
    UsageFault_Handler                       0x08002927   Thumb Code     2  stm32f1xx_it.o(i.UsageFault_Handler)
    _Error_Handler                           0x08002929   Thumb Code     2  main.o(i._Error_Handler)
    __scatterload_copy                       0x0800292b   Thumb Code    14  handlers.o(i.__scatterload_copy)
    __scatterload_null                       0x08002939   Thumb Code     2  handlers.o(i.__scatterload_null)
    __scatterload_zeroinit                   0x0800293b   Thumb Code    14  handlers.o(i.__scatterload_zeroinit)
    main                                     0x08002949   Thumb Code    18  main.o(i.main)
    AHBPrescTable                            0x0800295a   Data          16  system_stm32f1xx.o(.constdata)
    Region$$Table$$Base                      0x080029cc   Number         0  anon$$obj.o(Region$$Table)
    Region$$Table$$Limit                     0x080029ec   Number         0  anon$$obj.o(Region$$Table)
    USBD_DFU                                 0x20000004   Data          60  usbd_dfu.o(.data)
    FS_Desc                                  0x20000068   Data          28  usbd_desc.o(.data)
    USBD_LangIDDesc                          0x20000084   Data           4  usbd_desc.o(.data)
    USBD_FS_DeviceDesc                       0x20000088   Data          18  usbd_desc.o(.data)
    USBD_DFU_fops_FS                         0x2000009c   Data          28  usbd_dfu_if.o(.data)
    uwTickFreq                               0x200000b8   Data           1  stm32f1xx_hal.o(.data)
    uwTickPrio                               0x200000bc   Data           4  stm32f1xx_hal.o(.data)
    uwTick                                   0x200000c0   Data           4  stm32f1xx_hal.o(.data)
    SystemCoreClock                          0x200000c4   Data           4  system_stm32f1xx.o(.data)
    hpcd_USB_FS                              0x200005e4   Data        1120  usbd_conf.o(.bss)
    hUsbDeviceFS                             0x20000a44   Data         548  usb_device.o(.bss)
    USBD_StrDesc                             0x20000c68   Data         512  usbd_desc.o(.bss)
    __initial_sp                             0x20001268   Data           0  startup_stm32f103xb.o(STACK)



==============================================================================

Memory Map of the image

  Image Entry point : 0x080000ed

  Load Region LR_IROM1 (Base: 0x08000000, Size: 0x00002ab4, Max: 0x00010000, ABSOLUTE)

    Execution Region ER_IROM1 (Exec base: 0x08000000, Load base: 0x08000000, Size: 0x000029ec, Max: 0x00010000, ABSOLUTE)

    Exec Addr    Load Addr    Size         Type   Attr      Idx    E Section Name        Object

    0x08000000   0x08000000   0x000000ec   Data   RO            3    RESET               startup_stm32f103xb.o
    0x080000ec   0x080000ec   0x00000000   Code   RO         2464  * .ARM.Collect$$$$00000000  mc_w.l(entry.o)
    0x080000ec   0x080000ec   0x00000004   Code   RO         2473    .ARM.Collect$$$$00000001  mc_w.l(entry2.o)
    0x080000f0   0x080000f0   0x00000004   Code   RO         2476    .ARM.Collect$$$$00000004  mc_w.l(entry5.o)
    0x080000f4   0x080000f4   0x00000000   Code   RO         2478    .ARM.Collect$$$$00000008  mc_w.l(entry7b.o)
    0x080000f4   0x080000f4   0x00000000   Code   RO         2480    .ARM.Collect$$$$0000000A  mc_w.l(entry8b.o)
    0x080000f4   0x080000f4   0x00000008   Code   RO         2481    .ARM.Collect$$$$0000000B  mc_w.l(entry9a.o)
    0x080000fc   0x080000fc   0x00000000   Code   RO         2483    .ARM.Collect$$$$0000000D  mc_w.l(entry10a.o)
    0x080000fc   0x080000fc   0x00000000   Code   RO         2485    .ARM.Collect$$$$0000000F  mc_w.l(entry11a.o)
    0x080000fc   0x080000fc   0x00000004   Code   RO         2474    .ARM.Collect$$$$00002712  mc_w.l(entry2.o)
    0x08000100   0x08000100   0x00000024   Code   RO            4    .text               startup_stm32f103xb.o
    0x08000124   0x08000124   0x00000024   Code   RO         2469    .text               mc_w.l(memcpya.o)
    0x08000148   0x08000148   0x00000024   Code   RO         2487    .text               mc_w.l(init.o)
    0x0800016c   0x0800016c   0x00000002   Code   RO          894    i.BusFault_Handler  stm32f1xx_it.o
    0x0800016e   0x0800016e   0x00000002   PAD
    0x08000170   0x08000170   0x00000070   Code   RO          382    i.DFU_Detach        usbd_dfu.o
    0x080001e0   0x080001e0   0x00000066   Code   RO          383    i.DFU_Download      usbd_dfu.o
    0x08000246   0x08000246   0x00000002   PAD
    0x08000248   0x08000248   0x000000b8   Code   RO          384    i.DFU_GetStatus     usbd_dfu.o
    0x08000300   0x08000300   0x00000078   Code   RO          385    i.DFU_Leave         usbd_dfu.o
    0x08000378   0x08000378   0x000000e0   Code   RO          386    i.DFU_Upload        usbd_dfu.o
    0x08000458   0x08000458   0x00000002   Code   RO          895    i.DebugMon_Handler  stm32f1xx_it.o
    0x0800045a   0x0800045a   0x00000002   PAD
    0x0800045c   0x0800045c   0x00000024   Code   RO         1477    i.HAL_Delay         stm32f1xx_hal.o
    0x08000480   0x08000480   0x000001bc   Code   RO         1815    i.HAL_GPIO_Init     stm32f1xx_hal_gpio.o
    0x0800063c   0x0800063c   0x0000000a   Code   RO         1819    i.HAL_GPIO_WritePin  stm32f1xx_hal_gpio.o
    0x08000646   0x08000646   0x00000002   PAD
    0x08000648   0x08000648   0x0000000c   Code   RO         1481    i.HAL_GetTick       stm32f1xx_hal.o
    0x08000654   0x08000654   0x00000010   Code   RO         1485    i.HAL_IncTick       stm32f1xx_hal.o
    0x08000664   0x08000664   0x00000024   Code   RO         1486    i.HAL_Init          stm32f1xx_hal.o
    0x08000688   0x08000688   0x00000040   Code   RO         1487    i.HAL_InitTick      stm32f1xx_hal.o
    0x080006c8   0x080006c8   0x00000080   Code   RO          870    i.HAL_MspInit       stm32f1xx_hal_msp.o
    0x08000748   0x08000748   0x00000016   Code   RO         1697    i.HAL_NVIC_EnableIRQ  stm32f1xx_hal_cortex.o
    0x0800075e   0x0800075e   0x00000002   PAD
    0x08000760   0x08000760   0x00000040   Code   RO         1703    i.HAL_NVIC_SetPriority  stm32f1xx_hal_cortex.o
    0x080007a0   0x080007a0   0x00000024   Code   RO         1704    i.HAL_NVIC_SetPriorityGrouping  stm32f1xx_hal_cortex.o
    0x080007c4   0x080007c4   0x00000034   Code   RO         1665    i.HAL_PCDEx_PMAConfig  stm32f1xx_hal_pcd_ex.o
    0x080007f8   0x080007f8   0x00000002   Code   RO          512    i.HAL_PCDEx_SetConnectionState  usbd_conf.o
    0x080007fa   0x080007fa   0x0000000e   Code   RO          514    i.HAL_PCD_DataInStageCallback  usbd_conf.o
    0x08000808   0x08000808   0x00000010   Code   RO          515    i.HAL_PCD_DataOutStageCallback  usbd_conf.o
    0x08000818   0x08000818   0x00000048   Code   RO         1247    i.HAL_PCD_EP_ClrStall  stm32f1xx_hal_pcd.o
    0x08000860   0x08000860   0x00000044   Code   RO         1250    i.HAL_PCD_EP_Open   stm32f1xx_hal_pcd.o
    0x080008a4   0x080008a4   0x0000002e   Code   RO         1251    i.HAL_PCD_EP_Receive  stm32f1xx_hal_pcd.o
    0x080008d2   0x080008d2   0x00000056   Code   RO         1252    i.HAL_PCD_EP_SetStall  stm32f1xx_hal_pcd.o
    0x08000928   0x08000928   0x0000002a   Code   RO         1253    i.HAL_PCD_EP_Transmit  stm32f1xx_hal_pcd.o
    0x08000952   0x08000952   0x0000010c   Code   RO         1255    i.HAL_PCD_IRQHandler  stm32f1xx_hal_pcd.o
    0x08000a5e   0x08000a5e   0x00000002   PAD
    0x08000a60   0x08000a60   0x000000c0   Code   RO         1258    i.HAL_PCD_Init      stm32f1xx_hal_pcd.o
    0x08000b20   0x08000b20   0x0000003c   Code   RO          520    i.HAL_PCD_MspInit   usbd_conf.o
    0x08000b5c   0x08000b5c   0x0000001a   Code   RO          521    i.HAL_PCD_ResetCallback  usbd_conf.o
    0x08000b76   0x08000b76   0x00000008   Code   RO          522    i.HAL_PCD_ResumeCallback  usbd_conf.o
    0x08000b7e   0x08000b7e   0x00000008   Code   RO          523    i.HAL_PCD_SOFCallback  usbd_conf.o
    0x08000b86   0x08000b86   0x00000028   Code   RO         1264    i.HAL_PCD_SetAddress  stm32f1xx_hal_pcd.o
    0x08000bae   0x08000bae   0x0000000e   Code   RO          524    i.HAL_PCD_SetupStageCallback  usbd_conf.o
    0x08000bbc   0x08000bbc   0x00000032   Code   RO         1266    i.HAL_PCD_Start     stm32f1xx_hal_pcd.o
    0x08000bee   0x08000bee   0x00000030   Code   RO         1267    i.HAL_PCD_Stop      stm32f1xx_hal_pcd.o
    0x08000c1e   0x08000c1e   0x00000002   PAD
    0x08000c20   0x08000c20   0x00000024   Code   RO          525    i.HAL_PCD_SuspendCallback  usbd_conf.o
    0x08000c44   0x08000c44   0x000000ec   Code   RO         2167    i.HAL_RCCEx_PeriphCLKConfig  stm32f1xx_hal_rcc_ex.o
    0x08000d30   0x08000d30   0x00000154   Code   RO         1136    i.HAL_RCC_ClockConfig  stm32f1xx_hal_rcc.o
    0x08000e84   0x08000e84   0x0000000c   Code   RO         1141    i.HAL_RCC_GetHCLKFreq  stm32f1xx_hal_rcc.o
    0x08000e90   0x08000e90   0x0000006c   Code   RO         1145    i.HAL_RCC_GetSysClockFreq  stm32f1xx_hal_rcc.o
    0x08000efc   0x08000efc   0x00000304   Code   RO         1148    i.HAL_RCC_OscConfig  stm32f1xx_hal_rcc.o
    0x08001200   0x08001200   0x00000018   Code   RO         1706    i.HAL_SYSTICK_CLKSourceConfig  stm32f1xx_hal_cortex.o
    0x08001218   0x08001218   0x00000002   Code   RO         1707    i.HAL_SYSTICK_Callback  stm32f1xx_hal_cortex.o
    0x0800121a   0x0800121a   0x00000028   Code   RO         1708    i.HAL_SYSTICK_Config  stm32f1xx_hal_cortex.o
    0x08001242   0x08001242   0x00000008   Code   RO         1709    i.HAL_SYSTICK_IRQHandler  stm32f1xx_hal_cortex.o
    0x0800124a   0x0800124a   0x00000002   Code   RO          896    i.HardFault_Handler  stm32f1xx_it.o
    0x0800124c   0x0800124c   0x00000004   Code   RO          976    i.MEM_If_DeInit_FS  usbd_dfu_if.o
    0x08001250   0x08001250   0x00000004   Code   RO          977    i.MEM_If_Erase_FS   usbd_dfu_if.o
    0x08001254   0x08001254   0x00000004   Code   RO          978    i.MEM_If_GetStatus_FS  usbd_dfu_if.o
    0x08001258   0x08001258   0x00000004   Code   RO          979    i.MEM_If_Init_FS    usbd_dfu_if.o
    0x0800125c   0x0800125c   0x00000004   Code   RO          980    i.MEM_If_Read_FS    usbd_dfu_if.o
    0x08001260   0x08001260   0x00000004   Code   RO          981    i.MEM_If_Write_FS   usbd_dfu_if.o
    0x08001264   0x08001264   0x00000064   Code   RO          825    i.MX_GPIO_Init      main.o
    0x080012c8   0x080012c8   0x00000038   Code   RO          723    i.MX_USB_DEVICE_Init  usb_device.o
    0x08001300   0x08001300   0x00000002   Code   RO          897    i.MemManage_Handler  stm32f1xx_it.o
    0x08001302   0x08001302   0x00000002   Code   RO          898    i.NMI_Handler       stm32f1xx_it.o
    0x08001304   0x08001304   0x00000020   Code   RO         1710    i.NVIC_SetPriority  stm32f1xx_hal_cortex.o
    0x08001324   0x08001324   0x00000362   Code   RO         1269    i.PCD_EP_ISR_Handler  stm32f1xx_hal_pcd.o
    0x08001686   0x08001686   0x00000002   Code   RO          899    i.PendSV_Handler    stm32f1xx_it.o
    0x08001688   0x08001688   0x00000002   Code   RO          900    i.SVC_Handler       stm32f1xx_it.o
    0x0800168a   0x0800168a   0x0000000e   Code   RO          901    i.SysTick_Handler   stm32f1xx_it.o
    0x08001698   0x08001698   0x00000078   Code   RO          826    i.SystemClock_Config  main.o
    0x08001710   0x08001710   0x00000048   Code   RO         2430    i.SystemInit        system_stm32f1xx.o
    0x08001758   0x08001758   0x0000000e   Code   RO           13    i.USBD_ClrClassConfig  usbd_core.o
    0x08001766   0x08001766   0x00000010   Code   RO          254    i.USBD_CtlContinueRx  usbd_ioreq.o
    0x08001776   0x08001776   0x00000010   Code   RO          255    i.USBD_CtlContinueSendData  usbd_ioreq.o
    0x08001786   0x08001786   0x00000016   Code   RO          317    i.USBD_CtlError     usbd_ctlreq.o
    0x0800179c   0x0800179c   0x0000001e   Code   RO          256    i.USBD_CtlPrepareRx  usbd_ioreq.o
    0x080017ba   0x080017ba   0x00000016   Code   RO          257    i.USBD_CtlReceiveStatus  usbd_ioreq.o
    0x080017d0   0x080017d0   0x0000001a   Code   RO          258    i.USBD_CtlSendData  usbd_ioreq.o
    0x080017ea   0x080017ea   0x00000016   Code   RO          259    i.USBD_CtlSendStatus  usbd_ioreq.o
    0x08001800   0x08001800   0x00000004   Code   RO          387    i.USBD_DFU_DataIn   usbd_dfu.o
    0x08001804   0x08001804   0x00000004   Code   RO          388    i.USBD_DFU_DataOut  usbd_dfu.o
    0x08001808   0x08001808   0x0000003e   Code   RO          389    i.USBD_DFU_DeInit   usbd_dfu.o
    0x08001846   0x08001846   0x00000004   Code   RO          390    i.USBD_DFU_EP0_RxReady  usbd_dfu.o
    0x0800184a   0x0800184a   0x000000e2   Code   RO          391    i.USBD_DFU_EP0_TxReady  usbd_dfu.o
    0x0800192c   0x0800192c   0x0000000c   Code   RO          392    i.USBD_DFU_GetCfgDesc  usbd_dfu.o
    0x08001938   0x08001938   0x0000000c   Code   RO          393    i.USBD_DFU_GetDeviceQualifierDesc  usbd_dfu.o
    0x08001944   0x08001944   0x00000020   Code   RO          394    i.USBD_DFU_GetUsrStringDesc  usbd_dfu.o
    0x08001964   0x08001964   0x0000004a   Code   RO          395    i.USBD_DFU_Init     usbd_dfu.o
    0x080019ae   0x080019ae   0x00000004   Code   RO          396    i.USBD_DFU_IsoINIncomplete  usbd_dfu.o
    0x080019b2   0x080019b2   0x00000004   Code   RO          397    i.USBD_DFU_IsoOutIncomplete  usbd_dfu.o
    0x080019b6   0x080019b6   0x0000000a   Code   RO          398    i.USBD_DFU_RegisterMedia  usbd_dfu.o
    0x080019c0   0x080019c0   0x00000004   Code   RO          399    i.USBD_DFU_SOF      usbd_dfu.o
    0x080019c4   0x080019c4   0x00000134   Code   RO          400    i.USBD_DFU_Setup    usbd_dfu.o
    0x08001af8   0x08001af8   0x00000020   Code   RO          757    i.USBD_FS_ConfigStrDescriptor  usbd_desc.o
    0x08001b18   0x08001b18   0x0000000c   Code   RO          758    i.USBD_FS_DeviceDescriptor  usbd_desc.o
    0x08001b24   0x08001b24   0x00000024   Code   RO          759    i.USBD_FS_InterfaceStrDescriptor  usbd_desc.o
    0x08001b48   0x08001b48   0x0000000c   Code   RO          760    i.USBD_FS_LangIDStrDescriptor  usbd_desc.o
    0x08001b54   0x08001b54   0x00000028   Code   RO          761    i.USBD_FS_ManufacturerStrDescriptor  usbd_desc.o
    0x08001b7c   0x08001b7c   0x00000034   Code   RO          762    i.USBD_FS_ProductStrDescriptor  usbd_desc.o
    0x08001bb0   0x08001bb0   0x00000024   Code   RO          763    i.USBD_FS_SerialStrDescriptor  usbd_desc.o
    0x08001bd4   0x08001bd4   0x000000f2   Code   RO          318    i.USBD_GetDescriptor  usbd_ctlreq.o
    0x08001cc6   0x08001cc6   0x00000046   Code   RO          319    i.USBD_GetString    usbd_ctlreq.o
    0x08001d0c   0x08001d0c   0x0000002a   Code   RO           15    i.USBD_Init         usbd_core.o
    0x08001d36   0x08001d36   0x00000020   Code   RO          526    i.USBD_LL_ClearStallEP  usbd_conf.o
    0x08001d56   0x08001d56   0x000000aa   Code   RO           16    i.USBD_LL_DataInStage  usbd_core.o
    0x08001e00   0x08001e00   0x0000006a   Code   RO           17    i.USBD_LL_DataOutStage  usbd_core.o
    0x08001e6a   0x08001e6a   0x00000002   PAD
    0x08001e6c   0x08001e6c   0x00000074   Code   RO          532    i.USBD_LL_Init      usbd_conf.o
    0x08001ee0   0x08001ee0   0x0000001c   Code   RO          533    i.USBD_LL_IsStallEP  usbd_conf.o
    0x08001efc   0x08001efc   0x00000026   Code   RO          534    i.USBD_LL_OpenEP    usbd_conf.o
    0x08001f22   0x08001f22   0x00000020   Code   RO          535    i.USBD_LL_PrepareReceive  usbd_conf.o
    0x08001f42   0x08001f42   0x0000003e   Code   RO           22    i.USBD_LL_Reset     usbd_core.o
    0x08001f80   0x08001f80   0x0000000c   Code   RO           23    i.USBD_LL_Resume    usbd_core.o
    0x08001f8c   0x08001f8c   0x00000018   Code   RO           24    i.USBD_LL_SOF       usbd_core.o
    0x08001fa4   0x08001fa4   0x00000006   Code   RO           25    i.USBD_LL_SetSpeed  usbd_core.o
    0x08001faa   0x08001faa   0x00000020   Code   RO          536    i.USBD_LL_SetUSBAddress  usbd_conf.o
    0x08001fca   0x08001fca   0x0000005a   Code   RO           26    i.USBD_LL_SetupStage  usbd_core.o
    0x08002024   0x08002024   0x00000020   Code   RO          537    i.USBD_LL_StallEP   usbd_conf.o
    0x08002044   0x08002044   0x00000020   Code   RO          538    i.USBD_LL_Start     usbd_conf.o
    0x08002064   0x08002064   0x00000020   Code   RO          539    i.USBD_LL_Stop      usbd_conf.o
    0x08002084   0x08002084   0x00000012   Code   RO           27    i.USBD_LL_Suspend   usbd_core.o
    0x08002096   0x08002096   0x00000020   Code   RO          540    i.USBD_LL_Transmit  usbd_conf.o
    0x080020b6   0x080020b6   0x00000028   Code   RO          320    i.USBD_ParseSetupRequest  usbd_ctlreq.o
    0x080020de   0x080020de   0x00000010   Code   RO           28    i.USBD_RegisterClass  usbd_core.o
    0x080020ee   0x080020ee   0x00000016   Code   RO           30    i.USBD_SetClassConfig  usbd_core.o
    0x08002104   0x08002104   0x00000074   Code   RO          321    i.USBD_SetConfig    usbd_ctlreq.o
    0x08002178   0x08002178   0x0000000a   Code   RO           31    i.USBD_Start        usbd_core.o
    0x08002182   0x08002182   0x000000f2   Code   RO          322    i.USBD_StdDevReq    usbd_ctlreq.o
    0x08002274   0x08002274   0x000000dc   Code   RO          323    i.USBD_StdEPReq     usbd_ctlreq.o
    0x08002350   0x08002350   0x00000034   Code   RO          324    i.USBD_StdItfReq    usbd_ctlreq.o
    0x08002384   0x08002384   0x0000001a   Code   RO           32    i.USBD_Stop         usbd_core.o
    0x0800239e   0x0800239e   0x00000002   Code   RO          541    i.USBD_static_free  usbd_conf.o
    0x080023a0   0x080023a0   0x00000008   Code   RO          542    i.USBD_static_malloc  usbd_conf.o
    0x080023a8   0x080023a8   0x0000025c   Code   RO         1878    i.USB_ActivateEndpoint  stm32f1xx_ll_usb.o
    0x08002604   0x08002604   0x00000004   Code   RO         1881    i.USB_CoreInit      stm32f1xx_ll_usb.o
    0x08002608   0x08002608   0x00000004   Code   RO         1884    i.USB_DevConnect    stm32f1xx_ll_usb.o
    0x0800260c   0x0800260c   0x00000004   Code   RO         1885    i.USB_DevDisconnect  stm32f1xx_ll_usb.o
    0x08002610   0x08002610   0x0000001e   Code   RO         1886    i.USB_DevInit       stm32f1xx_ll_usb.o
    0x0800262e   0x0800262e   0x0000000e   Code   RO         1887    i.USB_DisableGlobalInt  stm32f1xx_ll_usb.o
    0x0800263c   0x0800263c   0x00000004   Code   RO         1888    i.USB_EP0_OutStart  stm32f1xx_ll_usb.o
    0x08002640   0x08002640   0x0000006a   Code   RO         1889    i.USB_EPClearStall  stm32f1xx_ll_usb.o
    0x080026aa   0x080026aa   0x0000004a   Code   RO         1890    i.USB_EPSetStall    stm32f1xx_ll_usb.o
    0x080026f4   0x080026f4   0x000001aa   Code   RO         1891    i.USB_EPStartXfer   stm32f1xx_ll_usb.o
    0x0800289e   0x0800289e   0x0000000e   Code   RO         1892    i.USB_EnableGlobalInt  stm32f1xx_ll_usb.o
    0x080028ac   0x080028ac   0x0000000c   Code   RO          902    i.USB_LP_CAN1_RX0_IRQHandler  stm32f1xx_it.o
    0x080028b8   0x080028b8   0x00000006   Code   RO         1899    i.USB_ReadInterrupts  stm32f1xx_ll_usb.o
    0x080028be   0x080028be   0x00000002   PAD
    0x080028c0   0x080028c0   0x0000001e   Code   RO         1900    i.USB_ReadPMA       stm32f1xx_ll_usb.o
    0x080028de   0x080028de   0x00000004   Code   RO         1902    i.USB_SetCurrentMode  stm32f1xx_ll_usb.o
    0x080028e2   0x080028e2   0x0000000c   Code   RO         1903    i.USB_SetDevAddress  stm32f1xx_ll_usb.o
    0x080028ee   0x080028ee   0x00000012   Code   RO         1904    i.USB_StopDevice    stm32f1xx_ll_usb.o
    0x08002900   0x08002900   0x00000026   Code   RO         1905    i.USB_WritePMA      stm32f1xx_ll_usb.o
    0x08002926   0x08002926   0x00000002   Code   RO          903    i.UsageFault_Handler  stm32f1xx_it.o
    0x08002928   0x08002928   0x00000002   Code   RO          827    i._Error_Handler    main.o
    0x0800292a   0x0800292a   0x0000000e   Code   RO         2491    i.__scatterload_copy  mc_w.l(handlers.o)
    0x08002938   0x08002938   0x00000002   Code   RO         2492    i.__scatterload_null  mc_w.l(handlers.o)
    0x0800293a   0x0800293a   0x0000000e   Code   RO         2493    i.__scatterload_zeroinit  mc_w.l(handlers.o)
    0x08002948   0x08002948   0x00000012   Code   RO          828    i.main              main.o
    0x0800295a   0x0800295a   0x00000010   Data   RO         2431    .constdata          system_stm32f1xx.o
    0x0800296a   0x0800296a   0x00000002   PAD
    0x0800296c   0x0800296c   0x0000005d   Data   RO          982    .conststring        usbd_dfu_if.o
    0x080029c9   0x080029c9   0x00000003   PAD
    0x080029cc   0x080029cc   0x00000020   Data   RO         2489    Region$$Table       anon$$obj.o


    Execution Region RW_IRAM1 (Exec base: 0x20000000, Load base: 0x080029ec, Size: 0x00001268, Max: 0x00005000, ABSOLUTE)

    Exec Addr    Load Addr    Size         Type   Attr      Idx    E Section Name        Object

    0x20000000   0x080029ec   0x00000001   Data   RW          325    .data               usbd_ctlreq.o
    0x20000001   0x080029ed   0x00000003   PAD
    0x20000004   0x080029f0   0x0000003c   Data   RW          402    .data               usbd_dfu.o
    0x20000040   0x08002a2c   0x00000026   Data   RW          403    .data               usbd_dfu.o
    0x20000066   0x08002a52   0x00000002   PAD
    0x20000068   0x08002a54   0x0000001c   Data   RW          765    .data               usbd_desc.o
    0x20000084   0x08002a70   0x00000016   Data   RW          766    .data               usbd_desc.o
    0x2000009a   0x08002a86   0x00000002   PAD
    0x2000009c   0x08002a88   0x0000001c   Data   RW          983    .data               usbd_dfu_if.o
    0x200000b8   0x08002aa4   0x0000000c   Data   RW         1493    .data               stm32f1xx_hal.o
    0x200000c4   0x08002ab0   0x00000004   Data   RW         2433    .data               system_stm32f1xx.o
    0x200000c8        -       0x000000ff   Zero   RW          401    .bss                usbd_dfu.o
    0x200001c7   0x08002ab4   0x00000001   PAD
    0x200001c8        -       0x0000087c   Zero   RW          543    .bss                usbd_conf.o
    0x20000a44        -       0x00000224   Zero   RW          724    .bss                usb_device.o
    0x20000c68        -       0x00000200   Zero   RW          764    .bss                usbd_desc.o
    0x20000e68        -       0x00000400   Zero   RW            1    STACK               startup_stm32f103xb.o


==============================================================================

Image component sizes


      Code (inc. data)   RO Data    RW Data    ZI Data      Debug   Object Name

       240          8          0          0          0       2729   main.o
        36          8        236          0       1024        828   startup_stm32f103xb.o
       164         28          0         12          0       4029   stm32f1xx_hal.o
       228         14          0          0          0      27625   stm32f1xx_hal_cortex.o
       454         36          0          0          0       2956   stm32f1xx_hal_gpio.o
       128         10          0          0          0        930   stm32f1xx_hal_msp.o
      1778          0          0          0          0       9625   stm32f1xx_hal_pcd.o
        52          0          0          0          0       1226   stm32f1xx_hal_pcd_ex.o
      1232         80          0          0          0       4650   stm32f1xx_hal_rcc.o
       236         12          0          0          0       1440   stm32f1xx_hal_rcc_ex.o
        42          6          0          0          0       4531   stm32f1xx_it.o
      1392          0          0          0          0      12679   stm32f1xx_ll_usb.o
        72         16         16          4          0       1235   system_stm32f1xx.o
        56         18          0          0        548        756   usb_device.o
       600         48          0          0       2172      15669   usbd_conf.o
       618          0          0          0          0     418392   usbd_core.o
      1004         30          0          1          0       7992   usbd_ctlreq.o
       220        124          0         50        512       5163   usbd_desc.o
      1502         52          0         98        255      17592   usbd_dfu.o
        24          0         93         28          0       3442   usbd_dfu_if.o
       132          0          0          0          0       8964   usbd_ioreq.o

    ----------------------------------------------------------------------
     10228        490        382        200       4512     552453   Object Totals
         0          0         32          0          0          0   (incl. Generated)
        18          0          5          7          1          0   (incl. Padding)

    ----------------------------------------------------------------------

      Code (inc. data)   RO Data    RW Data    ZI Data      Debug   Library Member Name

         0          0          0          0          0          0   entry.o
         0          0          0          0          0          0   entry10a.o
         0          0          0          0          0          0   entry11a.o
         8          4          0          0          0          0   entry2.o
         4          0          0          0          0          0   entry5.o
         0          0          0          0          0          0   entry7b.o
         0          0          0          0          0          0   entry8b.o
         8          4          0          0          0          0   entry9a.o
        30          0          0          0          0          0   handlers.o
        36          8          0          0          0         68   init.o
        36          0          0          0          0         68   memcpya.o

    ----------------------------------------------------------------------
       122         16          0          0          0        136   Library Totals
         0          0          0          0          0          0   (incl. Padding)

    ----------------------------------------------------------------------

      Code (inc. data)   RO Data    RW Data    ZI Data      Debug   Library Name

       122         16          0          0          0        136   mc_w.l

    ----------------------------------------------------------------------
       122         16          0          0          0        136   Library Totals

    ----------------------------------------------------------------------

==============================================================================


      Code (inc. data)   RO Data    RW Data    ZI Data      Debug   

     10350        506        382        200       4512     545357   Grand Totals
     10350        506        382        200       4512     545357   ELF Image Totals
     10350        506        382        200          0          0   ROM Totals

==============================================================================

    Total RO  Size (Code + RO Data)                10732 (  10.48kB)
    Total RW  Size (RW Data + ZI Data)              4712 (   4.60kB)
    Total ROM Size (Code + RO Data + RW Data)      10932 (  10.68kB)

==============================================================================

